<?xml version="1.0" encoding="ISO-8859-1" ?>
<link_info>
   <banner>TI ARM Clang Linker PC v3.2.2.LTS</banner>
   <copyright>Copyright (c) 1996-2018 Texas Instruments Incorporated</copyright>
   <link_time>0x670ed9a4</link_time>
   <link_errors>0x0</link_errors>
   <output_file>C:\Users\Derek\workspace_v12\cs350project\MCU+Image\cs350project.out</output_file>
   <entry_point>
      <name>resetISR</name>
      <address>0x200114c5</address>
   </entry_point>
   <input_file_list>
      <input_file id="fl-1">
         <path>C:\Users\Derek\workspace_v12\cs350project\MCU+Image\.\</path>
         <kind>object</kind>
         <file>gpiointerrupt.o</file>
         <name>gpiointerrupt.o</name>
      </input_file>
      <input_file id="fl-2">
         <path>C:\Users\Derek\workspace_v12\cs350project\MCU+Image\.\syscfg\</path>
         <kind>object</kind>
         <file>ti_drivers_config.o</file>
         <name>ti_drivers_config.o</name>
      </input_file>
      <input_file id="fl-3">
         <path>C:\Users\Derek\workspace_v12\cs350project\MCU+Image\.\</path>
         <kind>object</kind>
         <file>main_nortos.o</file>
         <name>main_nortos.o</name>
      </input_file>
      <input_file id="fl-13">
         <path>C:\Users\Derek\workspace_v12\cs350project\MCU+Image\</path>
         <kind>object</kind>
         <file>&lt;internal&gt;</file>
         <name>&lt;internal&gt;</name>
      </input_file>
      <input_file id="fl-14">
         <path>C:\ti\simplelink_cc32xx_sdk_7_10_00_13\source\ti\drivers\lib\ticlang\m4\</path>
         <kind>archive</kind>
         <file>drivers_cc32xx.a</file>
         <name>GPIO.c.obj</name>
      </input_file>
      <input_file id="fl-15">
         <path>C:\ti\simplelink_cc32xx_sdk_7_10_00_13\source\ti\drivers\lib\ticlang\m4\</path>
         <kind>archive</kind>
         <file>drivers_cc32xx.a</file>
         <name>GPIOCC32XX.c.obj</name>
      </input_file>
      <input_file id="fl-16">
         <path>C:\ti\simplelink_cc32xx_sdk_7_10_00_13\source\ti\drivers\lib\ticlang\m4\</path>
         <kind>archive</kind>
         <file>drivers_cc32xx.a</file>
         <name>I2C.c.obj</name>
      </input_file>
      <input_file id="fl-17">
         <path>C:\ti\simplelink_cc32xx_sdk_7_10_00_13\source\ti\drivers\lib\ticlang\m4\</path>
         <kind>archive</kind>
         <file>drivers_cc32xx.a</file>
         <name>I2CCC32XX.c.obj</name>
      </input_file>
      <input_file id="fl-18">
         <path>C:\ti\simplelink_cc32xx_sdk_7_10_00_13\source\ti\drivers\lib\ticlang\m4\</path>
         <kind>archive</kind>
         <file>drivers_cc32xx.a</file>
         <name>PowerCC32XX.c.obj</name>
      </input_file>
      <input_file id="fl-19">
         <path>C:\ti\simplelink_cc32xx_sdk_7_10_00_13\source\ti\drivers\lib\ticlang\m4\</path>
         <kind>archive</kind>
         <file>drivers_cc32xx.a</file>
         <name>PowerCC32XX_ticlang.asm.obj</name>
      </input_file>
      <input_file id="fl-1a">
         <path>C:\ti\simplelink_cc32xx_sdk_7_10_00_13\source\ti\drivers\lib\ticlang\m4\</path>
         <kind>archive</kind>
         <file>drivers_cc32xx.a</file>
         <name>Timer.c.obj</name>
      </input_file>
      <input_file id="fl-1b">
         <path>C:\ti\simplelink_cc32xx_sdk_7_10_00_13\source\ti\drivers\lib\ticlang\m4\</path>
         <kind>archive</kind>
         <file>drivers_cc32xx.a</file>
         <name>TimerCC32XX.c.obj</name>
      </input_file>
      <input_file id="fl-1c">
         <path>C:\ti\simplelink_cc32xx_sdk_7_10_00_13\source\ti\drivers\lib\ticlang\m4\</path>
         <kind>archive</kind>
         <file>drivers_cc32xx.a</file>
         <name>UART2.c.obj</name>
      </input_file>
      <input_file id="fl-1d">
         <path>C:\ti\simplelink_cc32xx_sdk_7_10_00_13\source\ti\drivers\lib\ticlang\m4\</path>
         <kind>archive</kind>
         <file>drivers_cc32xx.a</file>
         <name>UART2CC32XX.c.obj</name>
      </input_file>
      <input_file id="fl-1e">
         <path>C:\ti\simplelink_cc32xx_sdk_7_10_00_13\source\ti\drivers\lib\ticlang\m4\</path>
         <kind>archive</kind>
         <file>drivers_cc32xx.a</file>
         <name>List.c.obj</name>
      </input_file>
      <input_file id="fl-1f">
         <path>C:\ti\simplelink_cc32xx_sdk_7_10_00_13\source\ti\drivers\lib\ticlang\m4\</path>
         <kind>archive</kind>
         <file>drivers_cc32xx.a</file>
         <name>RingBuf.c.obj</name>
      </input_file>
      <input_file id="fl-20">
         <path>C:\ti\simplelink_cc32xx_sdk_7_10_00_13\source\ti\drivers\lib\ticlang\m4\</path>
         <kind>archive</kind>
         <file>drivers_cc32xx.a</file>
         <name>UDMACC32XX.c.obj</name>
      </input_file>
      <input_file id="fl-21">
         <path>C:\ti\simplelink_cc32xx_sdk_7_10_00_13\kernel\nortos\lib\ticlang\m4\</path>
         <kind>archive</kind>
         <file>nortos_cc32xx.a</file>
         <name>NoRTOS.c.obj</name>
      </input_file>
      <input_file id="fl-22">
         <path>C:\ti\simplelink_cc32xx_sdk_7_10_00_13\kernel\nortos\lib\ticlang\m4\</path>
         <kind>archive</kind>
         <file>nortos_cc32xx.a</file>
         <name>SemaphoreP_nortos.c.obj</name>
      </input_file>
      <input_file id="fl-23">
         <path>C:\ti\simplelink_cc32xx_sdk_7_10_00_13\kernel\nortos\lib\ticlang\m4\</path>
         <kind>archive</kind>
         <file>nortos_cc32xx.a</file>
         <name>ClockPSysTick_nortos.c.obj</name>
      </input_file>
      <input_file id="fl-24">
         <path>C:\ti\simplelink_cc32xx_sdk_7_10_00_13\kernel\nortos\lib\ticlang\m4\</path>
         <kind>archive</kind>
         <file>nortos_cc32xx.a</file>
         <name>HwiPCC32XX_nortos.c.obj</name>
      </input_file>
      <input_file id="fl-25">
         <path>C:\ti\simplelink_cc32xx_sdk_7_10_00_13\kernel\nortos\lib\ticlang\m4\</path>
         <kind>archive</kind>
         <file>nortos_cc32xx.a</file>
         <name>PowerCC32XX_nortos.c.obj</name>
      </input_file>
      <input_file id="fl-26">
         <path>C:\ti\simplelink_cc32xx_sdk_7_10_00_13\kernel\nortos\lib\ticlang\m4\</path>
         <kind>archive</kind>
         <file>nortos_cc32xx.a</file>
         <name>startup_cc32xx_ticlang.c.obj</name>
      </input_file>
      <input_file id="fl-27">
         <path>C:\ti\simplelink_cc32xx_sdk_7_10_00_13\kernel\nortos\lib\ticlang\m4\</path>
         <kind>archive</kind>
         <file>nortos_cc32xx.a</file>
         <name>SwiP_nortos.c.obj</name>
      </input_file>
      <input_file id="fl-28">
         <path>C:\ti\simplelink_cc32xx_sdk_7_10_00_13\source\ti\devices\cc32xx\driverlib\ticlang\Release\</path>
         <kind>archive</kind>
         <file>driverlib.a</file>
         <name>cpu.obj</name>
      </input_file>
      <input_file id="fl-29">
         <path>C:\ti\simplelink_cc32xx_sdk_7_10_00_13\source\ti\devices\cc32xx\driverlib\ticlang\Release\</path>
         <kind>archive</kind>
         <file>driverlib.a</file>
         <name>gpio.obj</name>
      </input_file>
      <input_file id="fl-2a">
         <path>C:\ti\simplelink_cc32xx_sdk_7_10_00_13\source\ti\devices\cc32xx\driverlib\ticlang\Release\</path>
         <kind>archive</kind>
         <file>driverlib.a</file>
         <name>hwspinlock.obj</name>
      </input_file>
      <input_file id="fl-2b">
         <path>C:\ti\simplelink_cc32xx_sdk_7_10_00_13\source\ti\devices\cc32xx\driverlib\ticlang\Release\</path>
         <kind>archive</kind>
         <file>driverlib.a</file>
         <name>i2c.obj</name>
      </input_file>
      <input_file id="fl-2c">
         <path>C:\ti\simplelink_cc32xx_sdk_7_10_00_13\source\ti\devices\cc32xx\driverlib\ticlang\Release\</path>
         <kind>archive</kind>
         <file>driverlib.a</file>
         <name>interrupt.obj</name>
      </input_file>
      <input_file id="fl-2d">
         <path>C:\ti\simplelink_cc32xx_sdk_7_10_00_13\source\ti\devices\cc32xx\driverlib\ticlang\Release\</path>
         <kind>archive</kind>
         <file>driverlib.a</file>
         <name>pin.obj</name>
      </input_file>
      <input_file id="fl-2e">
         <path>C:\ti\simplelink_cc32xx_sdk_7_10_00_13\source\ti\devices\cc32xx\driverlib\ticlang\Release\</path>
         <kind>archive</kind>
         <file>driverlib.a</file>
         <name>prcm.obj</name>
      </input_file>
      <input_file id="fl-2f">
         <path>C:\ti\simplelink_cc32xx_sdk_7_10_00_13\source\ti\devices\cc32xx\driverlib\ticlang\Release\</path>
         <kind>archive</kind>
         <file>driverlib.a</file>
         <name>spi.obj</name>
      </input_file>
      <input_file id="fl-30">
         <path>C:\ti\simplelink_cc32xx_sdk_7_10_00_13\source\ti\devices\cc32xx\driverlib\ticlang\Release\</path>
         <kind>archive</kind>
         <file>driverlib.a</file>
         <name>systick.obj</name>
      </input_file>
      <input_file id="fl-31">
         <path>C:\ti\simplelink_cc32xx_sdk_7_10_00_13\source\ti\devices\cc32xx\driverlib\ticlang\Release\</path>
         <kind>archive</kind>
         <file>driverlib.a</file>
         <name>timer.obj</name>
      </input_file>
      <input_file id="fl-32">
         <path>C:\ti\simplelink_cc32xx_sdk_7_10_00_13\source\ti\devices\cc32xx\driverlib\ticlang\Release\</path>
         <kind>archive</kind>
         <file>driverlib.a</file>
         <name>uart.obj</name>
      </input_file>
      <input_file id="fl-33">
         <path>C:\ti\simplelink_cc32xx_sdk_7_10_00_13\source\ti\devices\cc32xx\driverlib\ticlang\Release\</path>
         <kind>archive</kind>
         <file>driverlib.a</file>
         <name>udma.obj</name>
      </input_file>
      <input_file id="fl-34">
         <path>C:\ti\simplelink_cc32xx_sdk_7_10_00_13\source\ti\devices\cc32xx\driverlib\ticlang\Release\</path>
         <kind>archive</kind>
         <file>driverlib.a</file>
         <name>utils.obj</name>
      </input_file>
      <input_file id="fl-35">
         <path>C:\ti\simplelink_cc32xx_sdk_7_10_00_13\source\ti\devices\cc32xx\driverlib\ticlang\Release\</path>
         <kind>archive</kind>
         <file>driverlib.a</file>
         <name>flash.obj</name>
      </input_file>
      <input_file id="fl-44">
         <path>C:\ti\ccs1280\ccs\tools\compiler\ti-cgt-armllvm_3.2.2.LTS\lib\armv7em-ti-none-eabi\c\</path>
         <kind>archive</kind>
         <file>libc.a</file>
         <name>snprintf.c.obj</name>
      </input_file>
      <input_file id="fl-45">
         <path>C:\ti\ccs1280\ccs\tools\compiler\ti-cgt-armllvm_3.2.2.LTS\lib\armv7em-ti-none-eabi\c\</path>
         <kind>archive</kind>
         <file>libc.a</file>
         <name>memory.c.obj</name>
      </input_file>
      <input_file id="fl-46">
         <path>C:\ti\ccs1280\ccs\tools\compiler\ti-cgt-armllvm_3.2.2.LTS\lib\armv7em-ti-none-eabi\c\</path>
         <kind>archive</kind>
         <file>libc.a</file>
         <name>boot_cortex_m.c.obj</name>
      </input_file>
      <input_file id="fl-47">
         <path>C:\ti\ccs1280\ccs\tools\compiler\ti-cgt-armllvm_3.2.2.LTS\lib\armv7em-ti-none-eabi\c\</path>
         <kind>archive</kind>
         <file>libc.a</file>
         <name>mathacl_init.c.obj</name>
      </input_file>
      <input_file id="fl-48">
         <path>C:\ti\ccs1280\ccs\tools\compiler\ti-cgt-armllvm_3.2.2.LTS\lib\armv7em-ti-none-eabi\c\</path>
         <kind>archive</kind>
         <file>libc.a</file>
         <name>autoinit.c.obj</name>
      </input_file>
      <input_file id="fl-49">
         <path>C:\ti\ccs1280\ccs\tools\compiler\ti-cgt-armllvm_3.2.2.LTS\lib\armv7em-ti-none-eabi\c\</path>
         <kind>archive</kind>
         <file>libc.a</file>
         <name>pre_init.c.obj</name>
      </input_file>
      <input_file id="fl-4a">
         <path>C:\ti\ccs1280\ccs\tools\compiler\ti-cgt-armllvm_3.2.2.LTS\lib\armv7em-ti-none-eabi\c\</path>
         <kind>archive</kind>
         <file>libc.a</file>
         <name>cpy_tbl.c.obj</name>
      </input_file>
      <input_file id="fl-4b">
         <path>C:\ti\ccs1280\ccs\tools\compiler\ti-cgt-armllvm_3.2.2.LTS\lib\armv7em-ti-none-eabi\c\</path>
         <kind>archive</kind>
         <file>libc.a</file>
         <name>copy_zero_init.c.obj</name>
      </input_file>
      <input_file id="fl-4c">
         <path>C:\ti\ccs1280\ccs\tools\compiler\ti-cgt-armllvm_3.2.2.LTS\lib\armv7em-ti-none-eabi\c\</path>
         <kind>archive</kind>
         <file>libc.a</file>
         <name>copy_decompress_none.c.obj</name>
      </input_file>
      <input_file id="fl-4d">
         <path>C:\ti\ccs1280\ccs\tools\compiler\ti-cgt-armllvm_3.2.2.LTS\lib\armv7em-ti-none-eabi\c\</path>
         <kind>archive</kind>
         <file>libc.a</file>
         <name>copy_decompress_lzss.c.obj</name>
      </input_file>
      <input_file id="fl-4e">
         <path>C:\ti\ccs1280\ccs\tools\compiler\ti-cgt-armllvm_3.2.2.LTS\lib\armv7em-ti-none-eabi\c\</path>
         <kind>archive</kind>
         <file>libc.a</file>
         <name>_printfi.c.obj</name>
      </input_file>
      <input_file id="fl-4f">
         <path>C:\ti\ccs1280\ccs\tools\compiler\ti-cgt-armllvm_3.2.2.LTS\lib\armv7em-ti-none-eabi\c\</path>
         <kind>archive</kind>
         <file>libc.a</file>
         <name>s_frexp.c.obj</name>
      </input_file>
      <input_file id="fl-50">
         <path>C:\ti\ccs1280\ccs\tools\compiler\ti-cgt-armllvm_3.2.2.LTS\lib\armv7em-ti-none-eabi\c\</path>
         <kind>archive</kind>
         <file>libc.a</file>
         <name>s_scalbn.c.obj</name>
      </input_file>
      <input_file id="fl-51">
         <path>C:\ti\ccs1280\ccs\tools\compiler\ti-cgt-armllvm_3.2.2.LTS\lib\armv7em-ti-none-eabi\c\</path>
         <kind>archive</kind>
         <file>libc.a</file>
         <name>aeabi_portable.c.obj</name>
      </input_file>
      <input_file id="fl-52">
         <path>C:\ti\ccs1280\ccs\tools\compiler\ti-cgt-armllvm_3.2.2.LTS\lib\armv7em-ti-none-eabi\c\</path>
         <kind>archive</kind>
         <file>libc.a</file>
         <name>exit.c.obj</name>
      </input_file>
      <input_file id="fl-53">
         <path>C:\ti\ccs1280\ccs\tools\compiler\ti-cgt-armllvm_3.2.2.LTS\lib\armv7em-ti-none-eabi\c\</path>
         <kind>archive</kind>
         <file>libc.a</file>
         <name>_lock.c.obj</name>
      </input_file>
      <input_file id="fl-54">
         <path>C:\ti\ccs1280\ccs\tools\compiler\ti-cgt-armllvm_3.2.2.LTS\lib\armv7em-ti-none-eabi\c\</path>
         <kind>archive</kind>
         <file>libc.a</file>
         <name>_ltoa.c.obj</name>
      </input_file>
      <input_file id="fl-55">
         <path>C:\ti\ccs1280\ccs\tools\compiler\ti-cgt-armllvm_3.2.2.LTS\lib\armv7em-ti-none-eabi\c\</path>
         <kind>archive</kind>
         <file>libc.a</file>
         <name>args_main.c.obj</name>
      </input_file>
      <input_file id="fl-56">
         <path>C:\ti\ccs1280\ccs\tools\compiler\ti-cgt-armllvm_3.2.2.LTS\lib\armv7em-ti-none-eabi\c\</path>
         <kind>archive</kind>
         <file>libc.a</file>
         <name>assert.c.obj</name>
      </input_file>
      <input_file id="fl-57">
         <path>C:\ti\ccs1280\ccs\tools\compiler\ti-cgt-armllvm_3.2.2.LTS\lib\armv7em-ti-none-eabi\c\</path>
         <kind>archive</kind>
         <file>libc.a</file>
         <name>atoi.c.obj</name>
      </input_file>
      <input_file id="fl-58">
         <path>C:\ti\ccs1280\ccs\tools\compiler\ti-cgt-armllvm_3.2.2.LTS\lib\armv7em-ti-none-eabi\c\</path>
         <kind>archive</kind>
         <file>libc.a</file>
         <name>defs.c.obj</name>
      </input_file>
      <input_file id="fl-59">
         <path>C:\ti\ccs1280\ccs\tools\compiler\ti-cgt-armllvm_3.2.2.LTS\lib\armv7em-ti-none-eabi\c\</path>
         <kind>archive</kind>
         <file>libc.a</file>
         <name>memccpy.c.obj</name>
      </input_file>
      <input_file id="fl-5a">
         <path>C:\ti\ccs1280\ccs\tools\compiler\ti-cgt-armllvm_3.2.2.LTS\lib\armv7em-ti-none-eabi\c\</path>
         <kind>archive</kind>
         <file>libc.a</file>
         <name>wcslen.c.obj</name>
      </input_file>
      <input_file id="fl-5b">
         <path>C:\ti\ccs1280\ccs\tools\compiler\ti-cgt-armllvm_3.2.2.LTS\lib\armv7em-ti-none-eabi\c\</path>
         <kind>archive</kind>
         <file>libc.a</file>
         <name>sprintf.c.obj</name>
      </input_file>
      <input_file id="fl-5c">
         <path>C:\ti\ccs1280\ccs\tools\compiler\ti-cgt-armllvm_3.2.2.LTS\lib\armv7em-ti-none-eabi\c\</path>
         <kind>archive</kind>
         <file>libc.a</file>
         <name>fflush.c.obj</name>
      </input_file>
      <input_file id="fl-5d">
         <path>C:\ti\ccs1280\ccs\tools\compiler\ti-cgt-armllvm_3.2.2.LTS\lib\armv7em-ti-none-eabi\c\</path>
         <kind>archive</kind>
         <file>libc.a</file>
         <name>fputs.c.obj</name>
      </input_file>
      <input_file id="fl-5e">
         <path>C:\ti\ccs1280\ccs\tools\compiler\ti-cgt-armllvm_3.2.2.LTS\lib\armv7em-ti-none-eabi\c\</path>
         <kind>archive</kind>
         <file>libc.a</file>
         <name>_io_perm.c.obj</name>
      </input_file>
      <input_file id="fl-5f">
         <path>C:\ti\ccs1280\ccs\tools\compiler\ti-cgt-armllvm_3.2.2.LTS\lib\armv7em-ti-none-eabi\c\</path>
         <kind>archive</kind>
         <file>libc.a</file>
         <name>setvbuf.c.obj</name>
      </input_file>
      <input_file id="fl-60">
         <path>C:\ti\ccs1280\ccs\tools\compiler\ti-cgt-armllvm_3.2.2.LTS\lib\armv7em-ti-none-eabi\c\</path>
         <kind>archive</kind>
         <file>libc.a</file>
         <name>aeabi_ctype.S.obj</name>
      </input_file>
      <input_file id="fl-61">
         <path>C:\ti\ccs1280\ccs\tools\compiler\ti-cgt-armllvm_3.2.2.LTS\lib\armv7em-ti-none-eabi\c\</path>
         <kind>archive</kind>
         <file>libc.a</file>
         <name>fopen.c.obj</name>
      </input_file>
      <input_file id="fl-62">
         <path>C:\ti\ccs1280\ccs\tools\compiler\ti-cgt-armllvm_3.2.2.LTS\lib\armv7em-ti-none-eabi\c\</path>
         <kind>archive</kind>
         <file>libc.a</file>
         <name>fseek.c.obj</name>
      </input_file>
      <input_file id="fl-63">
         <path>C:\ti\ccs1280\ccs\tools\compiler\ti-cgt-armllvm_3.2.2.LTS\lib\armv7em-ti-none-eabi\c\</path>
         <kind>archive</kind>
         <file>libc.a</file>
         <name>fclose.c.obj</name>
      </input_file>
      <input_file id="fl-c9">
         <path>C:\ti\ccs1280\ccs\tools\compiler\ti-cgt-armllvm_3.2.2.LTS\lib\armv7em-ti-none-eabi\c\</path>
         <kind>archive</kind>
         <file>libsysbm.a</file>
         <name>write.c.obj</name>
      </input_file>
      <input_file id="fl-ca">
         <path>C:\ti\ccs1280\ccs\tools\compiler\ti-cgt-armllvm_3.2.2.LTS\lib\armv7em-ti-none-eabi\c\</path>
         <kind>archive</kind>
         <file>libsysbm.a</file>
         <name>host_device.c.obj</name>
      </input_file>
      <input_file id="fl-cb">
         <path>C:\ti\ccs1280\ccs\tools\compiler\ti-cgt-armllvm_3.2.2.LTS\lib\armv7em-ti-none-eabi\c\</path>
         <kind>archive</kind>
         <file>libsysbm.a</file>
         <name>remove.c.obj</name>
      </input_file>
      <input_file id="fl-cc">
         <path>C:\ti\ccs1280\ccs\tools\compiler\ti-cgt-armllvm_3.2.2.LTS\lib\armv7em-ti-none-eabi\c\</path>
         <kind>archive</kind>
         <file>libsysbm.a</file>
         <name>open.c.obj</name>
      </input_file>
      <input_file id="fl-cd">
         <path>C:\ti\ccs1280\ccs\tools\compiler\ti-cgt-armllvm_3.2.2.LTS\lib\armv7em-ti-none-eabi\c\</path>
         <kind>archive</kind>
         <file>libsysbm.a</file>
         <name>lseek.c.obj</name>
      </input_file>
      <input_file id="fl-ce">
         <path>C:\ti\ccs1280\ccs\tools\compiler\ti-cgt-armllvm_3.2.2.LTS\lib\armv7em-ti-none-eabi\c\</path>
         <kind>archive</kind>
         <file>libsysbm.a</file>
         <name>close.c.obj</name>
      </input_file>
      <input_file id="fl-cf">
         <path>C:\ti\ccs1280\ccs\tools\compiler\ti-cgt-armllvm_3.2.2.LTS\lib\armv7em-ti-none-eabi\c\</path>
         <kind>archive</kind>
         <file>libsysbm.a</file>
         <name>unlink.c.obj</name>
      </input_file>
      <input_file id="fl-d0">
         <path>C:\ti\ccs1280\ccs\tools\compiler\ti-cgt-armllvm_3.2.2.LTS\lib\armv7em-ti-none-eabi\c\</path>
         <kind>archive</kind>
         <file>libsysbm.a</file>
         <name>hostclose.c.obj</name>
      </input_file>
      <input_file id="fl-d1">
         <path>C:\ti\ccs1280\ccs\tools\compiler\ti-cgt-armllvm_3.2.2.LTS\lib\armv7em-ti-none-eabi\c\</path>
         <kind>archive</kind>
         <file>libsysbm.a</file>
         <name>hostlseek.c.obj</name>
      </input_file>
      <input_file id="fl-d2">
         <path>C:\ti\ccs1280\ccs\tools\compiler\ti-cgt-armllvm_3.2.2.LTS\lib\armv7em-ti-none-eabi\c\</path>
         <kind>archive</kind>
         <file>libsysbm.a</file>
         <name>hostopen.c.obj</name>
      </input_file>
      <input_file id="fl-d3">
         <path>C:\ti\ccs1280\ccs\tools\compiler\ti-cgt-armllvm_3.2.2.LTS\lib\armv7em-ti-none-eabi\c\</path>
         <kind>archive</kind>
         <file>libsysbm.a</file>
         <name>hostread.c.obj</name>
      </input_file>
      <input_file id="fl-d4">
         <path>C:\ti\ccs1280\ccs\tools\compiler\ti-cgt-armllvm_3.2.2.LTS\lib\armv7em-ti-none-eabi\c\</path>
         <kind>archive</kind>
         <file>libsysbm.a</file>
         <name>hostrename.c.obj</name>
      </input_file>
      <input_file id="fl-d5">
         <path>C:\ti\ccs1280\ccs\tools\compiler\ti-cgt-armllvm_3.2.2.LTS\lib\armv7em-ti-none-eabi\c\</path>
         <kind>archive</kind>
         <file>libsysbm.a</file>
         <name>hostunlink.c.obj</name>
      </input_file>
      <input_file id="fl-d6">
         <path>C:\ti\ccs1280\ccs\tools\compiler\ti-cgt-armllvm_3.2.2.LTS\lib\armv7em-ti-none-eabi\c\</path>
         <kind>archive</kind>
         <file>libsysbm.a</file>
         <name>hostwrite.c.obj</name>
      </input_file>
      <input_file id="fl-d7">
         <path>C:\ti\ccs1280\ccs\tools\compiler\ti-cgt-armllvm_3.2.2.LTS\lib\armv7em-ti-none-eabi\c\</path>
         <kind>archive</kind>
         <file>libsysbm.a</file>
         <name>trgmsg.c.obj</name>
      </input_file>
      <input_file id="fl-d8">
         <path>C:\ti\ccs1280\ccs\tools\compiler\ti-cgt-armllvm_3.2.2.LTS\lib\clang\15.0.7\lib\armv7em-ti-none-eabi\</path>
         <kind>archive</kind>
         <file>libclang_rt.builtins.a</file>
         <name>adddf3.S.obj</name>
      </input_file>
      <input_file id="fl-d9">
         <path>C:\ti\ccs1280\ccs\tools\compiler\ti-cgt-armllvm_3.2.2.LTS\lib\clang\15.0.7\lib\armv7em-ti-none-eabi\</path>
         <kind>archive</kind>
         <file>libclang_rt.builtins.a</file>
         <name>muldf3.S.obj</name>
      </input_file>
      <input_file id="fl-da">
         <path>C:\ti\ccs1280\ccs\tools\compiler\ti-cgt-armllvm_3.2.2.LTS\lib\clang\15.0.7\lib\armv7em-ti-none-eabi\</path>
         <kind>archive</kind>
         <file>libclang_rt.builtins.a</file>
         <name>divdf3.S.obj</name>
      </input_file>
      <input_file id="fl-db">
         <path>C:\ti\ccs1280\ccs\tools\compiler\ti-cgt-armllvm_3.2.2.LTS\lib\clang\15.0.7\lib\armv7em-ti-none-eabi\</path>
         <kind>archive</kind>
         <file>libclang_rt.builtins.a</file>
         <name>fixdfsi.S.obj</name>
      </input_file>
      <input_file id="fl-dc">
         <path>C:\ti\ccs1280\ccs\tools\compiler\ti-cgt-armllvm_3.2.2.LTS\lib\clang\15.0.7\lib\armv7em-ti-none-eabi\</path>
         <kind>archive</kind>
         <file>libclang_rt.builtins.a</file>
         <name>floatsidf.S.obj</name>
      </input_file>
      <input_file id="fl-dd">
         <path>C:\ti\ccs1280\ccs\tools\compiler\ti-cgt-armllvm_3.2.2.LTS\lib\clang\15.0.7\lib\armv7em-ti-none-eabi\</path>
         <kind>archive</kind>
         <file>libclang_rt.builtins.a</file>
         <name>aeabi_dcmp.S.obj</name>
      </input_file>
      <input_file id="fl-de">
         <path>C:\ti\ccs1280\ccs\tools\compiler\ti-cgt-armllvm_3.2.2.LTS\lib\clang\15.0.7\lib\armv7em-ti-none-eabi\</path>
         <kind>archive</kind>
         <file>libclang_rt.builtins.a</file>
         <name>aeabi_memcpy.S.obj</name>
      </input_file>
      <input_file id="fl-df">
         <path>C:\ti\ccs1280\ccs\tools\compiler\ti-cgt-armllvm_3.2.2.LTS\lib\clang\15.0.7\lib\armv7em-ti-none-eabi\</path>
         <kind>archive</kind>
         <file>libclang_rt.builtins.a</file>
         <name>aeabi_memset.S.obj</name>
      </input_file>
      <input_file id="fl-e0">
         <path>C:\ti\ccs1280\ccs\tools\compiler\ti-cgt-armllvm_3.2.2.LTS\lib\clang\15.0.7\lib\armv7em-ti-none-eabi\</path>
         <kind>archive</kind>
         <file>libclang_rt.builtins.a</file>
         <name>aeabi_uldivmod.S.obj</name>
      </input_file>
      <input_file id="fl-e1">
         <path>C:\ti\ccs1280\ccs\tools\compiler\ti-cgt-armllvm_3.2.2.LTS\lib\clang\15.0.7\lib\armv7em-ti-none-eabi\</path>
         <kind>archive</kind>
         <file>libclang_rt.builtins.a</file>
         <name>udivmoddi4.S.obj</name>
      </input_file>
      <input_file id="fl-e2">
         <path>C:\ti\ccs1280\ccs\tools\compiler\ti-cgt-armllvm_3.2.2.LTS\lib\clang\15.0.7\lib\armv7em-ti-none-eabi\</path>
         <kind>archive</kind>
         <file>libclang_rt.builtins.a</file>
         <name>comparedf2.c.obj</name>
      </input_file>
      <input_file id="fl-e3">
         <path>C:\ti\ccs1280\ccs\tools\compiler\ti-cgt-armllvm_3.2.2.LTS\lib\clang\15.0.7\lib\armv7em-ti-none-eabi\</path>
         <kind>archive</kind>
         <file>libclang_rt.builtins.a</file>
         <name>aeabi_div0.c.obj</name>
      </input_file>
      <input_file id="fl-e4">
         <path>C:\ti\ccs1280\ccs\tools\compiler\ti-cgt-armllvm_3.2.2.LTS\lib\armv7em-ti-none-eabi\c\</path>
         <kind>archive</kind>
         <file>libc.a</file>
         <name>getdevice.c.obj</name>
      </input_file>
      <input_file id="fl-e5">
         <path>C:\ti\ccs1280\ccs\tools\compiler\ti-cgt-armllvm_3.2.2.LTS\lib\armv7em-ti-none-eabi\c\</path>
         <kind>archive</kind>
         <file>libc.a</file>
         <name>strcmp_t2.S.obj</name>
      </input_file>
      <input_file id="fl-e6">
         <path>C:\ti\ccs1280\ccs\tools\compiler\ti-cgt-armllvm_3.2.2.LTS\lib\armv7em-ti-none-eabi\c\</path>
         <kind>archive</kind>
         <file>libc.a</file>
         <name>memcpy_t2.S.obj</name>
      </input_file>
      <input_file id="fl-e7">
         <path>C:\ti\ccs1280\ccs\tools\compiler\ti-cgt-armllvm_3.2.2.LTS\lib\armv7em-ti-none-eabi\c\</path>
         <kind>archive</kind>
         <file>libc.a</file>
         <name>memset_t2.S.obj</name>
      </input_file>
   </input_file_list>
   <object_component_list>
      <object_component id="oc-21d">
         <name>.text:__TI_printfi_nofloat</name>
         <load_address>0x2000c040</load_address>
         <readonly>true</readonly>
         <executable>true</executable>
         <run_address>0x2000c040</run_address>
         <size>0x86c</size>
         <alignment>0x4</alignment>
         <input_file_ref idref="fl-4e"/>
      </object_component>
      <object_component id="oc-d2">
         <name>.text.PRCMCC3200MCUInit</name>
         <load_address>0x2000c8ac</load_address>
         <readonly>true</readonly>
         <executable>true</executable>
         <run_address>0x2000c8ac</run_address>
         <size>0x4b8</size>
         <alignment>0x2</alignment>
         <input_file_ref idref="fl-2e"/>
      </object_component>
      <object_component id="oc-24c">
         <name>.text.Power_sleep</name>
         <load_address>0x2000cd64</load_address>
         <readonly>true</readonly>
         <executable>true</executable>
         <run_address>0x2000cd64</run_address>
         <size>0x3e4</size>
         <alignment>0x4</alignment>
         <input_file_ref idref="fl-18"/>
      </object_component>
      <object_component id="oc-1ef">
         <name>.text.UART2CC32XX_hwiIntFxn</name>
         <load_address>0x2000d148</load_address>
         <readonly>true</readonly>
         <executable>true</executable>
         <run_address>0x2000d148</run_address>
         <size>0x222</size>
         <alignment>0x2</alignment>
         <input_file_ref idref="fl-1d"/>
      </object_component>
      <object_component id="oc-e2">
         <name>.text.Board_initHook</name>
         <load_address>0x2000d36a</load_address>
         <readonly>true</readonly>
         <executable>true</executable>
         <run_address>0x2000d36a</run_address>
         <size>0x2</size>
         <alignment>0x2</alignment>
         <input_file_ref idref="fl-2"/>
      </object_component>
      <object_component id="oc-157">
         <name>.text.UART2_open</name>
         <load_address>0x2000d36c</load_address>
         <readonly>true</readonly>
         <executable>true</executable>
         <run_address>0x2000d36c</run_address>
         <size>0x1cc</size>
         <alignment>0x4</alignment>
         <input_file_ref idref="fl-1d"/>
      </object_component>
      <object_component id="oc-f4">
         <name>.text.initI2C</name>
         <load_address>0x2000d538</load_address>
         <readonly>true</readonly>
         <executable>true</executable>
         <run_address>0x2000d538</run_address>
         <size>0x178</size>
         <alignment>0x4</alignment>
         <input_file_ref idref="fl-1"/>
      </object_component>
      <object_component id="oc-220">
         <name>.text.UART2_writeTimeoutBlocking</name>
         <load_address>0x2000d6b0</load_address>
         <readonly>true</readonly>
         <executable>true</executable>
         <run_address>0x2000d6b0</run_address>
         <size>0x174</size>
         <alignment>0x2</alignment>
         <input_file_ref idref="fl-1c"/>
      </object_component>
      <object_component id="oc-1b6">
         <name>.text.PowerCC32XX_sleepPolicy</name>
         <load_address>0x2000d824</load_address>
         <readonly>true</readonly>
         <executable>true</executable>
         <run_address>0x2000d824</run_address>
         <size>0x150</size>
         <alignment>0x4</alignment>
         <input_file_ref idref="fl-25"/>
      </object_component>
      <object_component id="oc-17e">
         <name>.text.Timer_open</name>
         <load_address>0x2000d974</load_address>
         <readonly>true</readonly>
         <executable>true</executable>
         <run_address>0x2000d974</run_address>
         <size>0x148</size>
         <alignment>0x4</alignment>
         <input_file_ref idref="fl-1b"/>
      </object_component>
      <object_component id="oc-b0">
         <name>.text.mainThread</name>
         <load_address>0x2000dabc</load_address>
         <readonly>true</readonly>
         <executable>true</executable>
         <run_address>0x2000dabc</run_address>
         <size>0x148</size>
         <alignment>0x4</alignment>
         <input_file_ref idref="fl-1"/>
      </object_component>
      <object_component id="oc-106">
         <name>.text.GPIO_setConfig</name>
         <load_address>0x2000dc04</load_address>
         <readonly>true</readonly>
         <executable>true</executable>
         <run_address>0x2000dc04</run_address>
         <size>0x140</size>
         <alignment>0x4</alignment>
         <input_file_ref idref="fl-15"/>
      </object_component>
      <object_component id="oc-1ff">
         <name>.text.I2CCC32XX_hwiFxn</name>
         <load_address>0x2000dd44</load_address>
         <readonly>true</readonly>
         <executable>true</executable>
         <run_address>0x2000dd44</run_address>
         <size>0x138</size>
         <alignment>0x2</alignment>
         <input_file_ref idref="fl-17"/>
      </object_component>
      <object_component id="oc-203">
         <name>.text.I2C_transferTimeout</name>
         <load_address>0x2000de7c</load_address>
         <readonly>true</readonly>
         <executable>true</executable>
         <run_address>0x2000de7c</run_address>
         <size>0x126</size>
         <alignment>0x2</alignment>
         <input_file_ref idref="fl-16"/>
      </object_component>
      <object_component id="oc-15d">
         <name>.text.I2C_init</name>
         <load_address>0x2000dfa2</load_address>
         <readonly>true</readonly>
         <executable>true</executable>
         <run_address>0x2000dfa2</run_address>
         <size>0x2</size>
         <alignment>0x2</alignment>
         <input_file_ref idref="fl-16"/>
      </object_component>
      <object_component id="oc-2ee">
         <name>.text.aligned_alloc</name>
         <load_address>0x2000dfa4</load_address>
         <readonly>true</readonly>
         <executable>true</executable>
         <run_address>0x2000dfa4</run_address>
         <size>0x120</size>
         <alignment>0x4</alignment>
         <input_file_ref idref="fl-45"/>
      </object_component>
      <object_component id="oc-21f">
         <name>.text.UART2_writeTimeoutNonblocking</name>
         <load_address>0x2000e0c4</load_address>
         <readonly>true</readonly>
         <executable>true</executable>
         <run_address>0x2000e0c4</run_address>
         <size>0x11a</size>
         <alignment>0x2</alignment>
         <input_file_ref idref="fl-1c"/>
      </object_component>
      <object_component id="oc-325">
         <name>.text.uDMAChannelTransferSet</name>
         <load_address>0x2000e1de</load_address>
         <readonly>true</readonly>
         <executable>true</executable>
         <run_address>0x2000e1de</run_address>
         <size>0x112</size>
         <alignment>0x2</alignment>
         <input_file_ref idref="fl-33"/>
      </object_component>
      <object_component id="oc-225">
         <name>.text.__muldf3</name>
         <load_address>0x2000e2f0</load_address>
         <readonly>true</readonly>
         <executable>true</executable>
         <run_address>0x2000e2f0</run_address>
         <size>0xfc</size>
         <alignment>0x4</alignment>
         <input_file_ref idref="fl-d9"/>
      </object_component>
      <object_component id="oc-1bd">
         <name>.text.free</name>
         <load_address>0x2000e3ec</load_address>
         <readonly>true</readonly>
         <executable>true</executable>
         <run_address>0x2000e3ec</run_address>
         <size>0xf0</size>
         <alignment>0x4</alignment>
         <input_file_ref idref="fl-45"/>
      </object_component>
      <object_component id="oc-163">
         <name>.text.I2C_open</name>
         <load_address>0x2000e4dc</load_address>
         <readonly>true</readonly>
         <executable>true</executable>
         <run_address>0x2000e4dc</run_address>
         <size>0xe8</size>
         <alignment>0x4</alignment>
         <input_file_ref idref="fl-17"/>
      </object_component>
      <object_component id="oc-1ea">
         <name>.text.UART2_close</name>
         <load_address>0x2000e5c4</load_address>
         <readonly>true</readonly>
         <executable>true</executable>
         <run_address>0x2000e5c4</run_address>
         <size>0xe8</size>
         <alignment>0x4</alignment>
         <input_file_ref idref="fl-1d"/>
      </object_component>
      <object_component id="oc-295">
         <name>.text.UART2Support_dmaStartRx</name>
         <load_address>0x2000e6ac</load_address>
         <readonly>true</readonly>
         <executable>true</executable>
         <run_address>0x2000e6ac</run_address>
         <size>0xcc</size>
         <alignment>0x4</alignment>
         <input_file_ref idref="fl-1d"/>
      </object_component>
      <object_component id="oc-31a">
         <name>.text.IntDisable</name>
         <load_address>0x2000e778</load_address>
         <readonly>true</readonly>
         <executable>true</executable>
         <run_address>0x2000e778</run_address>
         <size>0xc8</size>
         <alignment>0x2</alignment>
         <input_file_ref idref="fl-2c"/>
      </object_component>
      <object_component id="oc-27e">
         <name>.text.IntEnable</name>
         <load_address>0x2000e840</load_address>
         <readonly>true</readonly>
         <executable>true</executable>
         <run_address>0x2000e840</run_address>
         <size>0xc8</size>
         <alignment>0x2</alignment>
         <input_file_ref idref="fl-2c"/>
      </object_component>
      <object_component id="oc-1e6">
         <name>.text.UART2CC32XX_initHw</name>
         <load_address>0x2000e908</load_address>
         <readonly>true</readonly>
         <executable>true</executable>
         <run_address>0x2000e908</run_address>
         <size>0xc4</size>
         <alignment>0x4</alignment>
         <input_file_ref idref="fl-1d"/>
      </object_component>
      <object_component id="oc-298">
         <name>.text.UART2Support_dmaStartTx</name>
         <load_address>0x2000e9cc</load_address>
         <readonly>true</readonly>
         <executable>true</executable>
         <run_address>0x2000e9cc</run_address>
         <size>0xb8</size>
         <alignment>0x4</alignment>
         <input_file_ref idref="fl-1d"/>
      </object_component>
      <object_component id="oc-2f5">
         <name>.text</name>
         <load_address>0x2000ea84</load_address>
         <readonly>true</readonly>
         <executable>true</executable>
         <run_address>0x2000ea84</run_address>
         <size>0xb0</size>
         <alignment>0x4</alignment>
         <input_file_ref idref="fl-e1"/>
      </object_component>
      <object_component id="oc-231">
         <name>.text.GPIOIntTypeSet</name>
         <load_address>0x2000eb34</load_address>
         <readonly>true</readonly>
         <executable>true</executable>
         <run_address>0x2000eb34</run_address>
         <size>0xac</size>
         <alignment>0x2</alignment>
         <input_file_ref idref="fl-29"/>
      </object_component>
      <object_component id="oc-37d">
         <name>.text.IntPendSet</name>
         <load_address>0x2000ebe0</load_address>
         <readonly>true</readonly>
         <executable>true</executable>
         <run_address>0x2000ebe0</run_address>
         <size>0xa4</size>
         <alignment>0x2</alignment>
         <input_file_ref idref="fl-2c"/>
      </object_component>
      <object_component id="oc-192">
         <name>.text.PinConfigSet</name>
         <load_address>0x2000ec84</load_address>
         <readonly>true</readonly>
         <executable>true</executable>
         <run_address>0x2000ec84</run_address>
         <size>0xa2</size>
         <alignment>0x2</alignment>
         <input_file_ref idref="fl-2d"/>
      </object_component>
      <object_component id="oc-2ab">
         <name>.text.I2CCC32XX_completeTransfer</name>
         <load_address>0x2000ed26</load_address>
         <readonly>true</readonly>
         <executable>true</executable>
         <run_address>0x2000ed26</run_address>
         <size>0x9c</size>
         <alignment>0x2</alignment>
         <input_file_ref idref="fl-17"/>
      </object_component>
      <object_component id="oc-1b1">
         <name>.text.PowerCC32XX_initPolicy</name>
         <load_address>0x2000edc2</load_address>
         <readonly>true</readonly>
         <executable>true</executable>
         <run_address>0x2000edc2</run_address>
         <size>0x2</size>
         <alignment>0x2</alignment>
         <input_file_ref idref="fl-25"/>
      </object_component>
      <object_component id="oc-190">
         <name>.text.readTemp</name>
         <load_address>0x2000edc4</load_address>
         <readonly>true</readonly>
         <executable>true</executable>
         <run_address>0x2000edc4</run_address>
         <size>0x9c</size>
         <alignment>0x4</alignment>
         <input_file_ref idref="fl-1"/>
      </object_component>
      <object_component id="oc-29c">
         <name>.text.I2CMasterInitExpClk</name>
         <load_address>0x2000ee60</load_address>
         <readonly>true</readonly>
         <executable>true</executable>
         <run_address>0x2000ee60</run_address>
         <size>0x98</size>
         <alignment>0x2</alignment>
         <input_file_ref idref="fl-2b"/>
      </object_component>
      <object_component id="oc-13f">
         <name>.text.SemaphoreP_pend</name>
         <load_address>0x2000eef8</load_address>
         <readonly>true</readonly>
         <executable>true</executable>
         <run_address>0x2000eef8</run_address>
         <size>0x98</size>
         <alignment>0x4</alignment>
         <input_file_ref idref="fl-22"/>
      </object_component>
      <object_component id="oc-301">
         <name>.text</name>
         <load_address>0x2000ef90</load_address>
         <readonly>true</readonly>
         <executable>true</executable>
         <run_address>0x2000ef90</run_address>
         <size>0x96</size>
         <alignment>0x10</alignment>
         <input_file_ref idref="fl-19"/>
      </object_component>
      <object_component id="oc-277">
         <name>.text.uDMAChannelAttributeDisable</name>
         <load_address>0x2000f026</load_address>
         <readonly>true</readonly>
         <executable>true</executable>
         <run_address>0x2000f026</run_address>
         <size>0x92</size>
         <alignment>0x2</alignment>
         <input_file_ref idref="fl-33"/>
      </object_component>
      <object_component id="oc-dc">
         <name>.text.GPIO_init</name>
         <load_address>0x2000f0b8</load_address>
         <readonly>true</readonly>
         <executable>true</executable>
         <run_address>0x2000f0b8</run_address>
         <size>0x90</size>
         <alignment>0x4</alignment>
         <input_file_ref idref="fl-15"/>
      </object_component>
      <object_component id="oc-11e">
         <name>.text.PRCMSysResetCauseGet</name>
         <load_address>0x2000f148</load_address>
         <readonly>true</readonly>
         <executable>true</executable>
         <run_address>0x2000f148</run_address>
         <size>0x8e</size>
         <alignment>0x2</alignment>
         <input_file_ref idref="fl-2e"/>
      </object_component>
      <object_component id="oc-287">
         <name>.text.SemaphoreP_destruct</name>
         <load_address>0x2000f1d6</load_address>
         <readonly>true</readonly>
         <executable>true</executable>
         <run_address>0x2000f1d6</run_address>
         <size>0x2</size>
         <alignment>0x2</alignment>
         <input_file_ref idref="fl-22"/>
      </object_component>
      <object_component id="oc-130">
         <name>.text.PowerCC32XX_configureWakeup</name>
         <load_address>0x2000f1d8</load_address>
         <readonly>true</readonly>
         <executable>true</executable>
         <run_address>0x2000f1d8</run_address>
         <size>0x88</size>
         <alignment>0x4</alignment>
         <input_file_ref idref="fl-18"/>
      </object_component>
      <object_component id="oc-2a8">
         <name>.text.I2CCC32XX_primeReadBurst</name>
         <load_address>0x2000f260</load_address>
         <readonly>true</readonly>
         <executable>true</executable>
         <run_address>0x2000f260</run_address>
         <size>0x7a</size>
         <alignment>0x2</alignment>
         <input_file_ref idref="fl-17"/>
      </object_component>
      <object_component id="oc-177">
         <name>.text.Timer_init</name>
         <load_address>0x2000f2da</load_address>
         <readonly>true</readonly>
         <executable>true</executable>
         <run_address>0x2000f2da</run_address>
         <size>0x2</size>
         <alignment>0x2</alignment>
         <input_file_ref idref="fl-1a"/>
      </object_component>
      <object_component id="oc-d7">
         <name>.text.Power_init</name>
         <load_address>0x2000f2dc</load_address>
         <readonly>true</readonly>
         <executable>true</executable>
         <run_address>0x2000f2dc</run_address>
         <size>0x78</size>
         <alignment>0x4</alignment>
         <input_file_ref idref="fl-18"/>
      </object_component>
      <object_component id="oc-1e8">
         <name>.text.HwiP_construct</name>
         <load_address>0x2000f354</load_address>
         <readonly>true</readonly>
         <executable>true</executable>
         <run_address>0x2000f354</run_address>
         <size>0x74</size>
         <alignment>0x4</alignment>
         <input_file_ref idref="fl-24"/>
      </object_component>
      <object_component id="oc-1ae">
         <name>.text.PRCMHibernateWakeUpGPIOSelect</name>
         <load_address>0x2000f3c8</load_address>
         <readonly>true</readonly>
         <executable>true</executable>
         <run_address>0x2000f3c8</run_address>
         <size>0x74</size>
         <alignment>0x2</alignment>
         <input_file_ref idref="fl-2e"/>
      </object_component>
      <object_component id="oc-26c">
         <name>.text.UARTConfigSetExpClk</name>
         <load_address>0x2000f43c</load_address>
         <readonly>true</readonly>
         <executable>true</executable>
         <run_address>0x2000f43c</run_address>
         <size>0x74</size>
         <alignment>0x2</alignment>
         <input_file_ref idref="fl-32"/>
      </object_component>
      <object_component id="oc-18">
         <name>.text:decompress:lzss</name>
         <load_address>0x2000f4b0</load_address>
         <readonly>true</readonly>
         <executable>true</executable>
         <run_address>0x2000f4b0</run_address>
         <size>0x70</size>
         <alignment>0x2</alignment>
         <input_file_ref idref="fl-4d"/>
      </object_component>
      <object_component id="oc-2ff">
         <name>.text.PinLockLevelSet</name>
         <load_address>0x2000f520</load_address>
         <readonly>true</readonly>
         <executable>true</executable>
         <run_address>0x2000f520</run_address>
         <size>0x6c</size>
         <alignment>0x2</alignment>
         <input_file_ref idref="fl-2d"/>
      </object_component>
      <object_component id="oc-193">
         <name>.text.Power_setDependency</name>
         <load_address>0x2000f58c</load_address>
         <readonly>true</readonly>
         <executable>true</executable>
         <run_address>0x2000f58c</run_address>
         <size>0x6c</size>
         <alignment>0x4</alignment>
         <input_file_ref idref="fl-18"/>
      </object_component>
      <object_component id="oc-1e4">
         <name>.text.UDMACC32XX_open</name>
         <load_address>0x2000f5f8</load_address>
         <readonly>true</readonly>
         <executable>true</executable>
         <run_address>0x2000f5f8</run_address>
         <size>0x6c</size>
         <alignment>0x4</alignment>
         <input_file_ref idref="fl-20"/>
      </object_component>
      <object_component id="oc-f5">
         <name>.text.initTimer</name>
         <load_address>0x2000f664</load_address>
         <readonly>true</readonly>
         <executable>true</executable>
         <run_address>0x2000f664</run_address>
         <size>0x6c</size>
         <alignment>0x4</alignment>
         <input_file_ref idref="fl-1"/>
      </object_component>
      <object_component id="oc-146">
         <name>.text.powerNotifyFxn</name>
         <load_address>0x2000f6d0</load_address>
         <readonly>true</readonly>
         <executable>true</executable>
         <run_address>0x2000f6d0</run_address>
         <size>0x6c</size>
         <alignment>0x4</alignment>
         <input_file_ref idref="fl-15"/>
      </object_component>
      <object_component id="oc-369">
         <name>.text.split</name>
         <load_address>0x2000f73c</load_address>
         <readonly>true</readonly>
         <executable>true</executable>
         <run_address>0x2000f73c</run_address>
         <size>0x6c</size>
         <alignment>0x4</alignment>
         <input_file_ref idref="fl-45"/>
      </object_component>
      <object_component id="oc-126">
         <name>.text.PRCMPeripheralReset</name>
         <load_address>0x2000f7a8</load_address>
         <readonly>true</readonly>
         <executable>true</executable>
         <run_address>0x2000f7a8</run_address>
         <size>0x6a</size>
         <alignment>0x2</alignment>
         <input_file_ref idref="fl-2e"/>
      </object_component>
      <object_component id="oc-1ed">
         <name>.text.UART2CC32XX_eventCallback</name>
         <load_address>0x2000f812</load_address>
         <readonly>true</readonly>
         <executable>true</executable>
         <run_address>0x2000f812</run_address>
         <size>0x2</size>
         <alignment>0x2</alignment>
         <input_file_ref idref="fl-1d"/>
      </object_component>
      <object_component id="oc-1fa">
         <name>.text.I2CCC32XX_initHw</name>
         <load_address>0x2000f814</load_address>
         <readonly>true</readonly>
         <executable>true</executable>
         <run_address>0x2000f814</run_address>
         <size>0x68</size>
         <alignment>0x4</alignment>
         <input_file_ref idref="fl-17"/>
      </object_component>
      <object_component id="oc-27b">
         <name>.text.IntPendClear</name>
         <load_address>0x2000f87c</load_address>
         <readonly>true</readonly>
         <executable>true</executable>
         <run_address>0x2000f87c</run_address>
         <size>0x68</size>
         <alignment>0x2</alignment>
         <input_file_ref idref="fl-2c"/>
      </object_component>
      <object_component id="oc-2a9">
         <name>.text.I2CCC32XX_primeWriteBurst</name>
         <load_address>0x2000f8e4</load_address>
         <readonly>true</readonly>
         <executable>true</executable>
         <run_address>0x2000f8e4</run_address>
         <size>0x66</size>
         <alignment>0x2</alignment>
         <input_file_ref idref="fl-17"/>
      </object_component>
      <object_component id="oc-36c">
         <name>.text.__aeabi_ldiv0</name>
         <load_address>0x2000f94a</load_address>
         <readonly>true</readonly>
         <executable>true</executable>
         <run_address>0x2000f94a</run_address>
         <size>0x2</size>
         <alignment>0x2</alignment>
         <input_file_ref idref="fl-e3"/>
      </object_component>
      <object_component id="oc-191">
         <name>.text.GPIO_write</name>
         <load_address>0x2000f94c</load_address>
         <readonly>true</readonly>
         <executable>true</executable>
         <run_address>0x2000f94c</run_address>
         <size>0x60</size>
         <alignment>0x4</alignment>
         <input_file_ref idref="fl-15"/>
      </object_component>
      <object_component id="oc-297">
         <name>.text.UART2Support_dmaStopTx</name>
         <load_address>0x2000f9ac</load_address>
         <readonly>true</readonly>
         <executable>true</executable>
         <run_address>0x2000f9ac</run_address>
         <size>0x60</size>
         <alignment>0x2</alignment>
         <input_file_ref idref="fl-1d"/>
      </object_component>
      <object_component id="oc-378">
         <name>.text.FlashDisable</name>
         <load_address>0x2000fa0c</load_address>
         <readonly>true</readonly>
         <executable>true</executable>
         <run_address>0x2000fa0c</run_address>
         <size>0x5c</size>
         <alignment>0x2</alignment>
         <input_file_ref idref="fl-35"/>
      </object_component>
      <object_component id="oc-2ae">
         <name>.text.I2CSupport_primeTransfer</name>
         <load_address>0x2000fa68</load_address>
         <readonly>true</readonly>
         <executable>true</executable>
         <run_address>0x2000fa68</run_address>
         <size>0x5c</size>
         <alignment>0x2</alignment>
         <input_file_ref idref="fl-17"/>
      </object_component>
      <object_component id="oc-1b0">
         <name>.text.PRCMHibernateWakeupSourceDisable</name>
         <load_address>0x2000fac4</load_address>
         <readonly>true</readonly>
         <executable>true</executable>
         <run_address>0x2000fac4</run_address>
         <size>0x5c</size>
         <alignment>0x2</alignment>
         <input_file_ref idref="fl-2e"/>
      </object_component>
      <object_component id="oc-20a">
         <name>.text.TimerCC32XX_allocateTimerResource</name>
         <load_address>0x2000fb20</load_address>
         <readonly>true</readonly>
         <executable>true</executable>
         <run_address>0x2000fb20</run_address>
         <size>0x5c</size>
         <alignment>0x4</alignment>
         <input_file_ref idref="fl-1b"/>
      </object_component>
      <object_component id="oc-125">
         <name>.text.PRCMPeripheralClkEnable</name>
         <load_address>0x2000fb7c</load_address>
         <readonly>true</readonly>
         <executable>true</executable>
         <run_address>0x2000fb7c</run_address>
         <size>0x5a</size>
         <alignment>0x2</alignment>
         <input_file_ref idref="fl-2e"/>
      </object_component>
      <object_component id="oc-19c">
         <name>.text._nop</name>
         <load_address>0x2000fbd6</load_address>
         <readonly>true</readonly>
         <executable>true</executable>
         <run_address>0x2000fbd6</run_address>
         <size>0x2</size>
         <alignment>0x2</alignment>
         <input_file_ref idref="fl-53"/>
      </object_component>
      <object_component id="oc-2f3">
         <name>.text.ClockP_startup</name>
         <load_address>0x2000fbd8</load_address>
         <readonly>true</readonly>
         <executable>true</executable>
         <run_address>0x2000fbd8</run_address>
         <size>0x58</size>
         <alignment>0x4</alignment>
         <input_file_ref idref="fl-23"/>
      </object_component>
      <object_component id="oc-27d">
         <name>.text.IntPrioritySet</name>
         <load_address>0x2000fc30</load_address>
         <readonly>true</readonly>
         <executable>true</executable>
         <run_address>0x2000fc30</run_address>
         <size>0x58</size>
         <alignment>0x2</alignment>
         <input_file_ref idref="fl-2c"/>
      </object_component>
      <object_component id="oc-30b">
         <name>.text.PRCMLPDSEnter</name>
         <load_address>0x2000fc88</load_address>
         <readonly>true</readonly>
         <executable>true</executable>
         <run_address>0x2000fc88</run_address>
         <size>0x56</size>
         <alignment>0x2</alignment>
         <input_file_ref idref="fl-2e"/>
      </object_component>
      <object_component id="oc-57">
         <name>.text.busFaultHandler</name>
         <load_address>0x2000fcde</load_address>
         <readonly>true</readonly>
         <executable>true</executable>
         <run_address>0x2000fcde</run_address>
         <size>0x2</size>
         <alignment>0x2</alignment>
         <input_file_ref idref="fl-26"/>
      </object_component>
      <object_component id="oc-1d0">
         <name>.text.PowerCC32XX_setParkState</name>
         <load_address>0x2000fce0</load_address>
         <readonly>true</readonly>
         <executable>true</executable>
         <run_address>0x2000fce0</run_address>
         <size>0x54</size>
         <alignment>0x4</alignment>
         <input_file_ref idref="fl-18"/>
      </object_component>
      <object_component id="oc-28a">
         <name>.text.Power_releaseDependency</name>
         <load_address>0x2000fd34</load_address>
         <readonly>true</readonly>
         <executable>true</executable>
         <run_address>0x2000fd34</run_address>
         <size>0x54</size>
         <alignment>0x4</alignment>
         <input_file_ref idref="fl-18"/>
      </object_component>
      <object_component id="oc-19b">
         <name>.text.GPIO_hwiIntFxn</name>
         <load_address>0x2000fd88</load_address>
         <readonly>true</readonly>
         <executable>true</executable>
         <run_address>0x2000fd88</run_address>
         <size>0x50</size>
         <alignment>0x4</alignment>
         <input_file_ref idref="fl-15"/>
      </object_component>
      <object_component id="oc-1af">
         <name>.text.PRCMHibernateWakeupSourceEnable</name>
         <load_address>0x2000fdd8</load_address>
         <readonly>true</readonly>
         <executable>true</executable>
         <run_address>0x2000fdd8</run_address>
         <size>0x50</size>
         <alignment>0x2</alignment>
         <input_file_ref idref="fl-2e"/>
      </object_component>
      <object_component id="oc-255">
         <name>.text.SemaphoreP_construct</name>
         <load_address>0x2000fe28</load_address>
         <readonly>true</readonly>
         <executable>true</executable>
         <run_address>0x2000fe28</run_address>
         <size>0x50</size>
         <alignment>0x4</alignment>
         <input_file_ref idref="fl-22"/>
      </object_component>
      <object_component id="oc-276">
         <name>.text.uDMAChannelAssign</name>
         <load_address>0x2000fe78</load_address>
         <readonly>true</readonly>
         <executable>true</executable>
         <run_address>0x2000fe78</run_address>
         <size>0x4e</size>
         <alignment>0x2</alignment>
         <input_file_ref idref="fl-33"/>
      </object_component>
      <object_component id="oc-1c4">
         <name>.text.clkFxn</name>
         <load_address>0x2000fec6</load_address>
         <readonly>true</readonly>
         <executable>true</executable>
         <run_address>0x2000fec6</run_address>
         <size>0x2</size>
         <alignment>0x2</alignment>
         <input_file_ref idref="fl-22"/>
      </object_component>
      <object_component id="oc-198">
         <name>.text.GPIO_setInterruptConfig</name>
         <load_address>0x2000fec8</load_address>
         <readonly>true</readonly>
         <executable>true</executable>
         <run_address>0x2000fec8</run_address>
         <size>0x4c</size>
         <alignment>0x4</alignment>
         <input_file_ref idref="fl-15"/>
      </object_component>
      <object_component id="oc-376">
         <name>.text.PRCMLPDSRestoreInfoSet</name>
         <load_address>0x2000ff14</load_address>
         <readonly>true</readonly>
         <executable>true</executable>
         <run_address>0x2000ff14</run_address>
         <size>0x4c</size>
         <alignment>0x2</alignment>
         <input_file_ref idref="fl-2e"/>
      </object_component>
      <object_component id="oc-20e">
         <name>.text.initHw</name>
         <load_address>0x2000ff60</load_address>
         <readonly>true</readonly>
         <executable>true</executable>
         <run_address>0x2000ff60</run_address>
         <size>0x4c</size>
         <alignment>0x2</alignment>
         <input_file_ref idref="fl-1b"/>
      </object_component>
      <object_component id="oc-293">
         <name>.text.UART2Support_dmaStopRx</name>
         <load_address>0x2000ffac</load_address>
         <readonly>true</readonly>
         <executable>true</executable>
         <run_address>0x2000ffac</run_address>
         <size>0x4a</size>
         <alignment>0x2</alignment>
         <input_file_ref idref="fl-1d"/>
      </object_component>
      <object_component id="oc-20d">
         <name>.text.getPrescaler</name>
         <load_address>0x2000fff6</load_address>
         <readonly>true</readonly>
         <executable>true</executable>
         <run_address>0x2000fff6</run_address>
         <size>0x4a</size>
         <alignment>0x2</alignment>
         <input_file_ref idref="fl-1b"/>
      </object_component>
      <object_component id="oc-321">
         <name>.text.uDMAChannelSizeGet</name>
         <load_address>0x20010040</load_address>
         <readonly>true</readonly>
         <executable>true</executable>
         <run_address>0x20010040</run_address>
         <size>0x4a</size>
         <alignment>0x2</alignment>
         <input_file_ref idref="fl-33"/>
      </object_component>
      <object_component id="oc-56">
         <name>.text.defaultHandler</name>
         <load_address>0x2001008a</load_address>
         <readonly>true</readonly>
         <executable>true</executable>
         <run_address>0x2001008a</run_address>
         <size>0x2</size>
         <alignment>0x2</alignment>
         <input_file_ref idref="fl-26"/>
      </object_component>
      <object_component id="oc-58">
         <name>.text.ClockP_sysTickHandler</name>
         <load_address>0x2001008c</load_address>
         <readonly>true</readonly>
         <executable>true</executable>
         <run_address>0x2001008c</run_address>
         <size>0x48</size>
         <alignment>0x4</alignment>
         <input_file_ref idref="fl-23"/>
      </object_component>
      <object_component id="oc-305">
         <name>.text.PRCMIntEnable</name>
         <load_address>0x200100d4</load_address>
         <readonly>true</readonly>
         <executable>true</executable>
         <run_address>0x200100d4</run_address>
         <size>0x48</size>
         <alignment>0x2</alignment>
         <input_file_ref idref="fl-2e"/>
      </object_component>
      <object_component id="oc-22f">
         <name>.text.PRCMPeripheralStatusGet</name>
         <load_address>0x2001011c</load_address>
         <readonly>true</readonly>
         <executable>true</executable>
         <run_address>0x2001011c</run_address>
         <size>0x48</size>
         <alignment>0x2</alignment>
         <input_file_ref idref="fl-2e"/>
      </object_component>
      <object_component id="oc-373">
         <name>.text.PinConfigGet</name>
         <load_address>0x20010164</load_address>
         <readonly>true</readonly>
         <executable>true</executable>
         <run_address>0x20010164</run_address>
         <size>0x48</size>
         <alignment>0x2</alignment>
         <input_file_ref idref="fl-2d"/>
      </object_component>
      <object_component id="oc-229">
         <name>.text.__fixdfsi</name>
         <load_address>0x200101ac</load_address>
         <readonly>true</readonly>
         <executable>true</executable>
         <run_address>0x200101ac</run_address>
         <size>0x48</size>
         <alignment>0x4</alignment>
         <input_file_ref idref="fl-db"/>
      </object_component>
      <object_component id="oc-2a7">
         <name>.text.I2CCC32XX_fillTransmitFifo</name>
         <load_address>0x200101f4</load_address>
         <readonly>true</readonly>
         <executable>true</executable>
         <run_address>0x200101f4</run_address>
         <size>0x46</size>
         <alignment>0x2</alignment>
         <input_file_ref idref="fl-17"/>
      </object_component>
      <object_component id="oc-30a">
         <name>.text.PRCMLPDSEnterKeepDebugIf</name>
         <load_address>0x2001023a</load_address>
         <readonly>true</readonly>
         <executable>true</executable>
         <run_address>0x2001023a</run_address>
         <size>0x46</size>
         <alignment>0x2</alignment>
         <input_file_ref idref="fl-2e"/>
      </object_component>
      <object_component id="oc-31f">
         <name>.text.RingBuf_put</name>
         <load_address>0x20010280</load_address>
         <readonly>true</readonly>
         <executable>true</executable>
         <run_address>0x20010280</run_address>
         <size>0x46</size>
         <alignment>0x2</alignment>
         <input_file_ref idref="fl-1f"/>
      </object_component>
      <object_component id="oc-196">
         <name>.text.GPIODirModeSet</name>
         <load_address>0x200102c6</load_address>
         <readonly>true</readonly>
         <executable>true</executable>
         <run_address>0x200102c6</run_address>
         <size>0x44</size>
         <alignment>0x2</alignment>
         <input_file_ref idref="fl-29"/>
      </object_component>
      <object_component id="oc-55">
         <name>.text.faultISR</name>
         <load_address>0x2001030a</load_address>
         <readonly>true</readonly>
         <executable>true</executable>
         <run_address>0x2001030a</run_address>
         <size>0x2</size>
         <alignment>0x2</alignment>
         <input_file_ref idref="fl-26"/>
      </object_component>
      <object_component id="oc-232">
         <name>.text.GPIO_disableInt</name>
         <load_address>0x2001030c</load_address>
         <readonly>true</readonly>
         <executable>true</executable>
         <run_address>0x2001030c</run_address>
         <size>0x44</size>
         <alignment>0x4</alignment>
         <input_file_ref idref="fl-15"/>
      </object_component>
      <object_component id="oc-f2">
         <name>.text.GPIO_enableInt</name>
         <load_address>0x20010350</load_address>
         <readonly>true</readonly>
         <executable>true</executable>
         <run_address>0x20010350</run_address>
         <size>0x44</size>
         <alignment>0x4</alignment>
         <input_file_ref idref="fl-15"/>
      </object_component>
      <object_component id="oc-296">
         <name>.text.Power_releaseConstraint</name>
         <load_address>0x20010394</load_address>
         <readonly>true</readonly>
         <executable>true</executable>
         <run_address>0x20010394</run_address>
         <size>0x44</size>
         <alignment>0x4</alignment>
         <input_file_ref idref="fl-18"/>
      </object_component>
      <object_component id="oc-184">
         <name>.text.Timer_start</name>
         <load_address>0x200103d8</load_address>
         <readonly>true</readonly>
         <executable>true</executable>
         <run_address>0x200103d8</run_address>
         <size>0x44</size>
         <alignment>0x2</alignment>
         <input_file_ref idref="fl-1a"/>
      </object_component>
      <object_component id="oc-7d">
         <name>.text.addToList</name>
         <load_address>0x2001041c</load_address>
         <readonly>true</readonly>
         <executable>true</executable>
         <run_address>0x2001041c</run_address>
         <size>0x44</size>
         <alignment>0x4</alignment>
         <input_file_ref idref="fl-23"/>
      </object_component>
      <object_component id="oc-f7">
         <name>.text.snprintf</name>
         <load_address>0x20010460</load_address>
         <readonly>true</readonly>
         <executable>true</executable>
         <run_address>0x20010460</run_address>
         <size>0x44</size>
         <alignment>0x4</alignment>
         <input_file_ref idref="fl-44"/>
      </object_component>
      <object_component id="oc-12d">
         <name>.text.PinModeSet</name>
         <load_address>0x200104a4</load_address>
         <readonly>true</readonly>
         <executable>true</executable>
         <run_address>0x200104a4</run_address>
         <size>0x42</size>
         <alignment>0x2</alignment>
         <input_file_ref idref="fl-2d"/>
      </object_component>
      <object_component id="oc-2be">
         <name>.text.TimerControlStall</name>
         <load_address>0x200104e6</load_address>
         <readonly>true</readonly>
         <executable>true</executable>
         <run_address>0x200104e6</run_address>
         <size>0x42</size>
         <alignment>0x2</alignment>
         <input_file_ref idref="fl-31"/>
      </object_component>
      <object_component id="oc-20c">
         <name>.text.Timer_close</name>
         <load_address>0x20010528</load_address>
         <readonly>true</readonly>
         <executable>true</executable>
         <run_address>0x20010528</run_address>
         <size>0x42</size>
         <alignment>0x2</alignment>
         <input_file_ref idref="fl-1b"/>
      </object_component>
      <object_component id="oc-241">
         <name>.text.getCountsRTC</name>
         <load_address>0x2001056a</load_address>
         <readonly>true</readonly>
         <executable>true</executable>
         <run_address>0x2001056a</run_address>
         <size>0x42</size>
         <alignment>0x2</alignment>
         <input_file_ref idref="fl-25"/>
      </object_component>
      <object_component id="oc-141">
         <name>.text.SemaphoreP_post</name>
         <load_address>0x200105ac</load_address>
         <readonly>true</readonly>
         <executable>true</executable>
         <run_address>0x200105ac</run_address>
         <size>0x40</size>
         <alignment>0x4</alignment>
         <input_file_ref idref="fl-22"/>
      </object_component>
      <object_component id="oc-2b4">
         <name>.text.Timer_stop</name>
         <load_address>0x200105ec</load_address>
         <readonly>true</readonly>
         <executable>true</executable>
         <run_address>0x200105ec</run_address>
         <size>0x40</size>
         <alignment>0x2</alignment>
         <input_file_ref idref="fl-1a"/>
      </object_component>
      <object_component id="oc-2ce">
         <name>.text.atoi</name>
         <load_address>0x2001062c</load_address>
         <readonly>true</readonly>
         <executable>true</executable>
         <run_address>0x2001062c</run_address>
         <size>0x40</size>
         <alignment>0x4</alignment>
         <input_file_ref idref="fl-57"/>
      </object_component>
      <object_component id="oc-324">
         <name>.text.uDMAChannelControlSet</name>
         <load_address>0x2001066c</load_address>
         <readonly>true</readonly>
         <executable>true</executable>
         <run_address>0x2001066c</run_address>
         <size>0x40</size>
         <alignment>0x2</alignment>
         <input_file_ref idref="fl-33"/>
      </object_component>
      <object_component id="oc-375">
         <name>.text.PinDirModeSet</name>
         <load_address>0x200106ac</load_address>
         <readonly>true</readonly>
         <executable>true</executable>
         <run_address>0x200106ac</run_address>
         <size>0x3e</size>
         <alignment>0x2</alignment>
         <input_file_ref idref="fl-2d"/>
      </object_component>
      <object_component id="oc-54">
         <name>.text.nmiISR</name>
         <load_address>0x200106ea</load_address>
         <readonly>true</readonly>
         <executable>true</executable>
         <run_address>0x200106ea</run_address>
         <size>0x2</size>
         <alignment>0x2</alignment>
         <input_file_ref idref="fl-26"/>
      </object_component>
      <object_component id="oc-259">
         <name>.text.ClockP_stop</name>
         <load_address>0x200106ec</load_address>
         <readonly>true</readonly>
         <executable>true</executable>
         <run_address>0x200106ec</run_address>
         <size>0x3c</size>
         <alignment>0x4</alignment>
         <input_file_ref idref="fl-23"/>
      </object_component>
      <object_component id="oc-1df">
         <name>.text.UDMACC32XX_init</name>
         <load_address>0x20010728</load_address>
         <readonly>true</readonly>
         <executable>true</executable>
         <run_address>0x20010728</run_address>
         <size>0x3c</size>
         <alignment>0x4</alignment>
         <input_file_ref idref="fl-20"/>
      </object_component>
      <object_component id="oc-216">
         <name>.text.TimerSupport_timerEnable</name>
         <load_address>0x20010764</load_address>
         <readonly>true</readonly>
         <executable>true</executable>
         <run_address>0x20010764</run_address>
         <size>0x3a</size>
         <alignment>0x2</alignment>
         <input_file_ref idref="fl-1b"/>
      </object_component>
      <object_component id="oc-1c3">
         <name>.text.ClockP_destruct</name>
         <load_address>0x200107a0</load_address>
         <readonly>true</readonly>
         <executable>true</executable>
         <run_address>0x200107a0</run_address>
         <size>0x38</size>
         <alignment>0x4</alignment>
         <input_file_ref idref="fl-23"/>
      </object_component>
      <object_component id="oc-2c3">
         <name>.text.Power_setConstraint</name>
         <load_address>0x200107d8</load_address>
         <readonly>true</readonly>
         <executable>true</executable>
         <run_address>0x200107d8</run_address>
         <size>0x38</size>
         <alignment>0x4</alignment>
         <input_file_ref idref="fl-18"/>
      </object_component>
      <object_component id="oc-2e6">
         <name>.text.RingBuf_putAdvance</name>
         <load_address>0x20010810</load_address>
         <readonly>true</readonly>
         <executable>true</executable>
         <run_address>0x20010810</run_address>
         <size>0x38</size>
         <alignment>0x2</alignment>
         <input_file_ref idref="fl-1f"/>
      </object_component>
      <object_component id="oc-252">
         <name>.text.SwiP_restore</name>
         <load_address>0x20010848</load_address>
         <readonly>true</readonly>
         <executable>true</executable>
         <run_address>0x20010848</run_address>
         <size>0x38</size>
         <alignment>0x4</alignment>
         <input_file_ref idref="fl-27"/>
      </object_component>
      <object_component id="oc-288">
         <name>.text.UDMACC32XX_close</name>
         <load_address>0x20010880</load_address>
         <readonly>true</readonly>
         <executable>true</executable>
         <run_address>0x20010880</run_address>
         <size>0x38</size>
         <alignment>0x4</alignment>
         <input_file_ref idref="fl-20"/>
      </object_component>
      <object_component id="oc-bf">
         <name>.text:__TI_auto_init_nobinit_nopinit</name>
         <load_address>0x200108b8</load_address>
         <readonly>true</readonly>
         <executable>true</executable>
         <run_address>0x200108b8</run_address>
         <size>0x38</size>
         <alignment>0x4</alignment>
         <input_file_ref idref="fl-48"/>
      </object_component>
      <object_component id="oc-300">
         <name>.text.PinLock</name>
         <load_address>0x200108f0</load_address>
         <readonly>true</readonly>
         <executable>true</executable>
         <run_address>0x200108f0</run_address>
         <size>0x36</size>
         <alignment>0x2</alignment>
         <input_file_ref idref="fl-2d"/>
      </object_component>
      <object_component id="oc-213">
         <name>.text.TimerCC32XX_hwiIntFunction</name>
         <load_address>0x20010926</load_address>
         <readonly>true</readonly>
         <executable>true</executable>
         <run_address>0x20010926</run_address>
         <size>0x36</size>
         <alignment>0x2</alignment>
         <input_file_ref idref="fl-1b"/>
      </object_component>
      <object_component id="oc-367">
         <name>.text.UARTCharPutNonBlocking</name>
         <load_address>0x2001095c</load_address>
         <readonly>true</readonly>
         <executable>true</executable>
         <run_address>0x2001095c</run_address>
         <size>0x36</size>
         <alignment>0x2</alignment>
         <input_file_ref idref="fl-32"/>
      </object_component>
      <object_component id="oc-1c0">
         <name>.text.ClockP_start</name>
         <load_address>0x20010994</load_address>
         <readonly>true</readonly>
         <executable>true</executable>
         <run_address>0x20010994</run_address>
         <size>0x34</size>
         <alignment>0x4</alignment>
         <input_file_ref idref="fl-23"/>
      </object_component>
      <object_component id="oc-32b">
         <name>.text.I2CFIFODataPutNonBlocking</name>
         <load_address>0x200109c8</load_address>
         <readonly>true</readonly>
         <executable>true</executable>
         <run_address>0x200109c8</run_address>
         <size>0x34</size>
         <alignment>0x2</alignment>
         <input_file_ref idref="fl-2b"/>
      </object_component>
      <object_component id="oc-374">
         <name>.text.PinDirModeGet</name>
         <load_address>0x200109fc</load_address>
         <readonly>true</readonly>
         <executable>true</executable>
         <run_address>0x200109fc</run_address>
         <size>0x34</size>
         <alignment>0x2</alignment>
         <input_file_ref idref="fl-2d"/>
      </object_component>
      <object_component id="oc-128">
         <name>.text.PinModeGet</name>
         <load_address>0x20010a30</load_address>
         <readonly>true</readonly>
         <executable>true</executable>
         <run_address>0x20010a30</run_address>
         <size>0x34</size>
         <alignment>0x2</alignment>
         <input_file_ref idref="fl-2d"/>
      </object_component>
      <object_component id="oc-2fe">
         <name>.text.PowerCC32XX_parkPin</name>
         <load_address>0x20010a64</load_address>
         <readonly>true</readonly>
         <executable>true</executable>
         <run_address>0x20010a64</run_address>
         <size>0x34</size>
         <alignment>0x2</alignment>
         <input_file_ref idref="fl-18"/>
      </object_component>
      <object_component id="oc-2b6">
         <name>.text.TimerCC32XX_freeTimerResource</name>
         <load_address>0x20010a98</load_address>
         <readonly>true</readonly>
         <executable>true</executable>
         <run_address>0x20010a98</run_address>
         <size>0x34</size>
         <alignment>0x4</alignment>
         <input_file_ref idref="fl-1b"/>
      </object_component>
      <object_component id="oc-284">
         <name>.text.UART2_rxDisable</name>
         <load_address>0x20010acc</load_address>
         <readonly>true</readonly>
         <executable>true</executable>
         <run_address>0x20010acc</run_address>
         <size>0x34</size>
         <alignment>0x2</alignment>
         <input_file_ref idref="fl-1c"/>
      </object_component>
      <object_component id="oc-4f">
         <name>.text.initVectors</name>
         <load_address>0x20010b00</load_address>
         <readonly>true</readonly>
         <executable>true</executable>
         <run_address>0x20010b00</run_address>
         <size>0x34</size>
         <alignment>0x4</alignment>
         <input_file_ref idref="fl-26"/>
      </object_component>
      <object_component id="oc-104">
         <name>.text.readTempSetLED</name>
         <load_address>0x20010b34</load_address>
         <readonly>true</readonly>
         <executable>true</executable>
         <run_address>0x20010b34</run_address>
         <size>0x34</size>
         <alignment>0x4</alignment>
         <input_file_ref idref="fl-1"/>
      </object_component>
      <object_component id="oc-23e">
         <name>.text.ClockP_getTicksUntilInterrupt</name>
         <load_address>0x20010b68</load_address>
         <readonly>true</readonly>
         <executable>true</executable>
         <run_address>0x20010b68</run_address>
[...]
         <object_component_ref idref="oc-28c"/>
      </symbol>
      <symbol id="sm-53e">
         <name>PinTypeI2C</name>
         <value>0x200112a5</value>
         <object_component_ref idref="oc-1f9"/>
      </symbol>
      <symbol id="sm-53f">
         <name>PinTypeUART</name>
         <value>0x20011365</value>
         <object_component_ref idref="oc-25f"/>
      </symbol>
      <symbol id="sm-540">
         <name>PinUnlock</name>
         <value>0x2001121f</value>
         <object_component_ref idref="oc-306"/>
      </symbol>
      <symbol id="sm-5f2">
         <name>PRCMCC3200MCUInit</name>
         <value>0x2000c8ad</value>
         <object_component_ref idref="oc-d2"/>
      </symbol>
      <symbol id="sm-5f3">
         <name>PRCMHIBRegRead</name>
         <value>0x200114fb</value>
         <object_component_ref idref="oc-124"/>
      </symbol>
      <symbol id="sm-5f4">
         <name>PRCMHIBRegWrite</name>
         <value>0x20011515</value>
         <object_component_ref idref="oc-123"/>
      </symbol>
      <symbol id="sm-5f5">
         <name>PRCMHibernateWakeUpGPIOSelect</name>
         <value>0x2000f3c9</value>
         <object_component_ref idref="oc-1ae"/>
      </symbol>
      <symbol id="sm-5f6">
         <name>PRCMHibernateWakeupSourceDisable</name>
         <value>0x2000fac5</value>
         <object_component_ref idref="oc-1b0"/>
      </symbol>
      <symbol id="sm-5f7">
         <name>PRCMHibernateWakeupSourceEnable</name>
         <value>0x2000fdd9</value>
         <object_component_ref idref="oc-1af"/>
      </symbol>
      <symbol id="sm-5f8">
         <name>PRCMIntEnable</name>
         <value>0x200100d5</value>
         <object_component_ref idref="oc-305"/>
      </symbol>
      <symbol id="sm-5f9">
         <name>PRCMLPDSEnter</name>
         <value>0x2000fc89</value>
         <object_component_ref idref="oc-30b"/>
      </symbol>
      <symbol id="sm-5fa">
         <name>PRCMLPDSEnterKeepDebugIf</name>
         <value>0x2001023b</value>
         <object_component_ref idref="oc-30a"/>
      </symbol>
      <symbol id="sm-5fb">
         <name>PRCMLPDSIntervalSet</name>
         <value>0x20010bc9</value>
         <object_component_ref idref="oc-24b"/>
      </symbol>
      <symbol id="sm-5fc">
         <name>PRCMLPDSRestoreInfoSet</name>
         <value>0x2000ff15</value>
         <object_component_ref idref="oc-376"/>
      </symbol>
      <symbol id="sm-5fd">
         <name>PRCMLPDSWakeUpGPIOSelect</name>
         <value>0x20010eab</value>
         <object_component_ref idref="oc-1ad"/>
      </symbol>
      <symbol id="sm-5fe">
         <name>PRCMLPDSWakeupCauseGet</name>
         <value>0x20011a99</value>
         <object_component_ref idref="oc-308"/>
      </symbol>
      <symbol id="sm-5ff">
         <name>PRCMLPDSWakeupSourceDisable</name>
         <value>0x2001152f</value>
         <object_component_ref idref="oc-1ac"/>
      </symbol>
      <symbol id="sm-600">
         <name>PRCMLPDSWakeupSourceEnable</name>
         <value>0x20011125</value>
         <object_component_ref idref="oc-1ab"/>
      </symbol>
      <symbol id="sm-601">
         <name>PRCMPeripheralClkDisable</name>
         <value>0x20010ed5</value>
         <object_component_ref idref="oc-127"/>
      </symbol>
      <symbol id="sm-602">
         <name>PRCMPeripheralClkEnable</name>
         <value>0x2000fb7d</value>
         <object_component_ref idref="oc-125"/>
      </symbol>
      <symbol id="sm-603">
         <name>PRCMPeripheralReset</name>
         <value>0x2000f7a9</value>
         <object_component_ref idref="oc-126"/>
      </symbol>
      <symbol id="sm-604">
         <name>PRCMPeripheralStatusGet</name>
         <value>0x2001011d</value>
         <object_component_ref idref="oc-22f"/>
      </symbol>
      <symbol id="sm-605">
         <name>PRCMSRAMRetentionEnable</name>
         <value>0x20010ff1</value>
         <object_component_ref idref="oc-2fd"/>
      </symbol>
      <symbol id="sm-606">
         <name>PRCMSleepEnter</name>
         <value>0x20011b8d</value>
         <object_component_ref idref="oc-251"/>
      </symbol>
      <symbol id="sm-607">
         <name>PRCMSlowClkCtrFastGet</name>
         <value>0x20010bf9</value>
         <object_component_ref idref="oc-2f4"/>
      </symbol>
      <symbol id="sm-608">
         <name>PRCMSysResetCauseGet</name>
         <value>0x2000f149</value>
         <object_component_ref idref="oc-11e"/>
      </symbol>
      <symbol id="sm-626">
         <name>SysTickEnable</name>
         <value>0x20011867</value>
         <object_component_ref idref="oc-24f"/>
      </symbol>
      <symbol id="sm-627">
         <name>SysTickIntDisable</name>
         <value>0x20011879</value>
         <object_component_ref idref="oc-246"/>
      </symbol>
      <symbol id="sm-628">
         <name>SysTickIntEnable</name>
         <value>0x2001188b</value>
         <object_component_ref idref="oc-250"/>
      </symbol>
      <symbol id="sm-629">
         <name>SysTickPeriodSet</name>
         <value>0x2001164d</value>
         <object_component_ref idref="oc-24e"/>
      </symbol>
      <symbol id="sm-668">
         <name>TimerControlStall</name>
         <value>0x200104e7</value>
         <object_component_ref idref="oc-2be"/>
      </symbol>
      <symbol id="sm-669">
         <name>TimerDisable</name>
         <value>0x20011345</value>
         <object_component_ref idref="oc-2b7"/>
      </symbol>
      <symbol id="sm-66a">
         <name>TimerEnable</name>
         <value>0x20011563</value>
         <object_component_ref idref="oc-2c4"/>
      </symbol>
      <symbol id="sm-66b">
         <name>TimerIntClear</name>
         <value>0x20011951</value>
         <object_component_ref idref="oc-2c1"/>
      </symbol>
      <symbol id="sm-66c">
         <name>TimerIntDisable</name>
         <value>0x20011663</value>
         <object_component_ref idref="oc-383"/>
      </symbol>
      <symbol id="sm-66d">
         <name>TimerIntEnable</name>
         <value>0x20011771</value>
         <object_component_ref idref="oc-2c2"/>
      </symbol>
      <symbol id="sm-66e">
         <name>TimerLoadSet</name>
         <value>0x20010c29</value>
         <object_component_ref idref="oc-2bd"/>
      </symbol>
      <symbol id="sm-66f">
         <name>TimerPrescaleSet</name>
         <value>0x20010c59</value>
         <object_component_ref idref="oc-2bc"/>
      </symbol>
      <symbol id="sm-6d9">
         <name>UARTBusy</name>
         <value>0x20011981</value>
         <object_component_ref idref="oc-368"/>
      </symbol>
      <symbol id="sm-6da">
         <name>UARTCharPutNonBlocking</name>
         <value>0x2001095d</value>
         <object_component_ref idref="oc-367"/>
      </symbol>
      <symbol id="sm-6db">
         <name>UARTCharsAvail</name>
         <value>0x20011679</value>
         <object_component_ref idref="oc-294"/>
      </symbol>
      <symbol id="sm-6dc">
         <name>UARTConfigSetExpClk</name>
         <value>0x2000f43d</value>
         <object_component_ref idref="oc-26c"/>
      </symbol>
      <symbol id="sm-6dd">
         <name>UARTDMADisable</name>
         <value>0x2001168f</value>
         <object_component_ref idref="oc-283"/>
      </symbol>
      <symbol id="sm-6de">
         <name>UARTDMAEnable</name>
         <value>0x20011785</value>
         <object_component_ref idref="oc-327"/>
      </symbol>
      <symbol id="sm-6df">
         <name>UARTDisable</name>
         <value>0x20010d73</value>
         <object_component_ref idref="oc-285"/>
      </symbol>
      <symbol id="sm-6e0">
         <name>UARTEnable</name>
         <value>0x200113a1</value>
         <object_component_ref idref="oc-272"/>
      </symbol>
      <symbol id="sm-6e1">
         <name>UARTFIFOLevelSet</name>
         <value>0x200116a5</value>
         <object_component_ref idref="oc-274"/>
      </symbol>
      <symbol id="sm-6e2">
         <name>UARTFlowControlSet</name>
         <value>0x2001157d</value>
         <object_component_ref idref="oc-275"/>
      </symbol>
      <symbol id="sm-6e3">
         <name>UARTIntClear</name>
         <value>0x20011991</value>
         <object_component_ref idref="oc-271"/>
      </symbol>
      <symbol id="sm-6e4">
         <name>UARTIntDisable</name>
         <value>0x200116bb</value>
         <object_component_ref idref="oc-282"/>
      </symbol>
      <symbol id="sm-6e5">
         <name>UARTIntEnable</name>
         <value>0x20011799</value>
         <object_component_ref idref="oc-273"/>
      </symbol>
      <symbol id="sm-6e6">
         <name>UARTIntStatus</name>
         <value>0x20010eff</value>
         <object_component_ref idref="oc-28f"/>
      </symbol>
      <symbol id="sm-6e7">
         <name>UARTRxErrorGet</name>
         <value>0x200119a1</value>
         <object_component_ref idref="oc-291"/>
      </symbol>
      <symbol id="sm-740">
         <name>uDMAChannelAssign</name>
         <value>0x2000fe79</value>
         <object_component_ref idref="oc-276"/>
      </symbol>
      <symbol id="sm-741">
         <name>uDMAChannelAttributeDisable</name>
         <value>0x2000f027</value>
         <object_component_ref idref="oc-277"/>
      </symbol>
      <symbol id="sm-742">
         <name>uDMAChannelControlSet</name>
         <value>0x2001066d</value>
         <object_component_ref idref="oc-324"/>
      </symbol>
      <symbol id="sm-743">
         <name>uDMAChannelDisable</name>
         <value>0x200113dd</value>
         <object_component_ref idref="oc-320"/>
      </symbol>
      <symbol id="sm-744">
         <name>uDMAChannelEnable</name>
         <value>0x200113fb</value>
         <object_component_ref idref="oc-326"/>
      </symbol>
      <symbol id="sm-745">
         <name>uDMAChannelIsEnabled</name>
         <value>0x20011419</value>
         <object_component_ref idref="oc-292"/>
      </symbol>
      <symbol id="sm-746">
         <name>uDMAChannelSizeGet</name>
         <value>0x20010041</value>
         <object_component_ref idref="oc-321"/>
      </symbol>
      <symbol id="sm-747">
         <name>uDMAChannelTransferSet</name>
         <value>0x2000e1df</value>
         <object_component_ref idref="oc-325"/>
      </symbol>
      <symbol id="sm-748">
         <name>uDMAControlBaseSet</name>
         <value>0x200117c1</value>
         <object_component_ref idref="oc-269"/>
      </symbol>
      <symbol id="sm-749">
         <name>uDMAEnable</name>
         <value>0x20011a19</value>
         <object_component_ref idref="oc-264"/>
      </symbol>
      <symbol id="sm-74a">
         <name>uDMAErrorStatusClear</name>
         <value>0x20011a27</value>
         <object_component_ref idref="oc-397"/>
      </symbol>
      <symbol id="sm-74b">
         <name>uDMAErrorStatusGet</name>
         <value>0x20011b11</value>
         <object_component_ref idref="oc-396"/>
      </symbol>
      <symbol id="sm-74c">
         <name>uDMAIntClear</name>
         <value>0x200117d5</value>
         <object_component_ref idref="oc-322"/>
      </symbol>
      <symbol id="sm-757">
         <name>UtilsDelay</name>
         <value>0x20011b95</value>
         <object_component_ref idref="oc-11f"/>
      </symbol>
      <symbol id="sm-784">
         <name>FlashDisable</name>
         <value>0x2000fa0d</value>
         <object_component_ref idref="oc-378"/>
      </symbol>
      <symbol id="sm-795">
         <name>snprintf</name>
         <value>0x20010461</value>
         <object_component_ref idref="oc-f7"/>
      </symbol>
      <symbol id="sm-7b5">
         <name>malloc</name>
         <value>0x20011bad</value>
         <object_component_ref idref="oc-230"/>
      </symbol>
      <symbol id="sm-7b6">
         <name>aligned_alloc</name>
         <value>0x2000dfa5</value>
         <object_component_ref idref="oc-2ee"/>
      </symbol>
      <symbol id="sm-7b7">
         <name>free</name>
         <value>0x2000e3ed</value>
         <object_component_ref idref="oc-1bd"/>
      </symbol>
      <symbol id="sm-7b8">
         <name>_sys_memory</name>
         <value>0x20004040</value>
         <object_component_ref idref="oc-31"/>
      </symbol>
      <symbol id="sm-7b9">
         <name>memalign</name>
         <value>0x2000dfa5</value>
         <object_component_ref idref="oc-2ee"/>
      </symbol>
      <symbol id="sm-7c4">
         <name>_c_int00_noargs</name>
         <value>0x200111d9</value>
         <object_component_ref idref="oc-76"/>
      </symbol>
      <symbol id="sm-7c5">
         <name>__stack</name>
         <value>0x20003000</value>
         <object_component_ref idref="oc-16"/>
      </symbol>
      <symbol id="sm-7d1">
         <name>__TI_auto_init_nobinit_nopinit</name>
         <value>0x200108b9</value>
         <object_component_ref idref="oc-bf"/>
      </symbol>
      <symbol id="sm-7d9">
         <name>_system_pre_init</name>
         <value>0x20011bf5</value>
         <object_component_ref idref="oc-8b"/>
      </symbol>
      <symbol id="sm-7e4">
         <name>__TI_zero_init</name>
         <value>0x200119d1</value>
         <object_component_ref idref="oc-49"/>
      </symbol>
      <symbol id="sm-7ed">
         <name>__TI_decompress_none</name>
         <value>0x20011a43</value>
         <object_component_ref idref="oc-1c"/>
      </symbol>
      <symbol id="sm-7f7">
         <name>__TI_decompress_lzss</name>
         <value>0x2000f4b1</value>
         <object_component_ref idref="oc-18"/>
      </symbol>
      <symbol id="sm-817">
         <name>__TI_printfi_nofloat</name>
         <value>0x2000c041</value>
         <object_component_ref idref="oc-21d"/>
      </symbol>
      <symbol id="sm-824">
         <name>__aeabi_errno_addr</name>
         <value>0x20011b9d</value>
         <object_component_ref idref="oc-2d6"/>
      </symbol>
      <symbol id="sm-825">
         <name>__aeabi_errno</name>
         <value>0x2001341c</value>
         <object_component_ref idref="oc-33f"/>
      </symbol>
      <symbol id="sm-82f">
         <name>abort</name>
         <value>0x20011bf9</value>
         <object_component_ref idref="oc-b8"/>
      </symbol>
      <symbol id="sm-830">
         <name>C$$EXIT</name>
         <value>0x20011bf8</value>
         <object_component_ref idref="oc-b8"/>
      </symbol>
      <symbol id="sm-839">
         <name>_nop</name>
         <value>0x2000fbd7</value>
         <object_component_ref idref="oc-19c"/>
      </symbol>
      <symbol id="sm-83a">
         <name>_lock</name>
         <value>0x20013420</value>
         <object_component_ref idref="oc-114"/>
      </symbol>
      <symbol id="sm-83b">
         <name>_unlock</name>
         <value>0x20013424</value>
         <object_component_ref idref="oc-117"/>
      </symbol>
      <symbol id="sm-848">
         <name>atoi</name>
         <value>0x2001062d</value>
         <object_component_ref idref="oc-2ce"/>
      </symbol>
      <symbol id="sm-852">
         <name>memccpy</name>
         <value>0x200113bf</value>
         <object_component_ref idref="oc-2c7"/>
      </symbol>
      <symbol id="sm-85b">
         <name>wcslen</name>
         <value>0x200119c1</value>
         <object_component_ref idref="oc-2d2"/>
      </symbol>
      <symbol id="sm-861">
         <name>__aeabi_ctype_table_</name>
         <value>0x20012640</value>
         <object_component_ref idref="oc-338"/>
      </symbol>
      <symbol id="sm-862">
         <name>__aeabi_ctype_table_C</name>
         <value>0x20012640</value>
         <object_component_ref idref="oc-338"/>
      </symbol>
      <symbol id="sm-87a">
         <name>__aeabi_dmul</name>
         <value>0x2000e2f1</value>
         <object_component_ref idref="oc-225"/>
      </symbol>
      <symbol id="sm-87b">
         <name>__muldf3</name>
         <value>0x2000e2f1</value>
         <object_component_ref idref="oc-225"/>
      </symbol>
      <symbol id="sm-881">
         <name>__aeabi_d2iz</name>
         <value>0x200101ad</value>
         <object_component_ref idref="oc-229"/>
      </symbol>
      <symbol id="sm-882">
         <name>__fixdfsi</name>
         <value>0x200101ad</value>
         <object_component_ref idref="oc-229"/>
      </symbol>
      <symbol id="sm-888">
         <name>__aeabi_i2d</name>
         <value>0x20010da1</value>
         <object_component_ref idref="oc-221"/>
      </symbol>
      <symbol id="sm-889">
         <name>__floatsidf</name>
         <value>0x20010da1</value>
         <object_component_ref idref="oc-221"/>
      </symbol>
      <symbol id="sm-88f">
         <name>__aeabi_memcpy</name>
         <value>0x20011bf1</value>
         <object_component_ref idref="oc-3c"/>
      </symbol>
      <symbol id="sm-890">
         <name>__aeabi_memcpy4</name>
         <value>0x20011bf1</value>
         <object_component_ref idref="oc-3c"/>
      </symbol>
      <symbol id="sm-891">
         <name>__aeabi_memcpy8</name>
         <value>0x20011bf1</value>
         <object_component_ref idref="oc-3c"/>
      </symbol>
      <symbol id="sm-89a">
         <name>__aeabi_memset</name>
         <value>0x20011b59</value>
         <object_component_ref idref="oc-2c6"/>
      </symbol>
      <symbol id="sm-89b">
         <name>__aeabi_memset4</name>
         <value>0x20011b59</value>
         <object_component_ref idref="oc-2c6"/>
      </symbol>
      <symbol id="sm-89c">
         <name>__aeabi_memset8</name>
         <value>0x20011b59</value>
         <object_component_ref idref="oc-2c6"/>
      </symbol>
      <symbol id="sm-89d">
         <name>__aeabi_memclr</name>
         <value>0x20011ba5</value>
         <object_component_ref idref="oc-67"/>
      </symbol>
      <symbol id="sm-89e">
         <name>__aeabi_memclr4</name>
         <value>0x20011ba5</value>
         <object_component_ref idref="oc-67"/>
      </symbol>
      <symbol id="sm-89f">
         <name>__aeabi_memclr8</name>
         <value>0x20011ba5</value>
         <object_component_ref idref="oc-67"/>
      </symbol>
      <symbol id="sm-8a5">
         <name>__aeabi_uldivmod</name>
         <value>0x200117ad</value>
         <object_component_ref idref="oc-242"/>
      </symbol>
      <symbol id="sm-8ab">
         <name>__udivmoddi4</name>
         <value>0x2000ea85</value>
         <object_component_ref idref="oc-2f5"/>
      </symbol>
      <symbol id="sm-8b6">
         <name>__aeabi_ldiv0</name>
         <value>0x2000f94b</value>
         <object_component_ref idref="oc-36c"/>
      </symbol>
      <symbol id="sm-8bf">
         <name>TI_memcpy_small</name>
         <value>0x200118af</value>
         <object_component_ref idref="oc-81"/>
      </symbol>
      <symbol id="sm-8c7">
         <name>TI_memset_small</name>
         <value>0x20011a35</value>
         <object_component_ref idref="oc-9e"/>
      </symbol>
      <symbol id="sm-8c8">
         <name>__TI_static_base__</name>
         <value>0x20013430</value>
      </symbol>
      <symbol id="sm-8cb">
         <name>ITM_flush</name>
         <value>0x0</value>
      </symbol>
      <symbol id="sm-8cc">
         <name>ITM_restore</name>
         <value>0x0</value>
      </symbol>
      <symbol id="sm-8cd">
         <name>__mpu_init</name>
         <value>0x0</value>
      </symbol>
      <symbol id="sm-8ce">
         <name>_system_post_cinit</name>
         <value>0x0</value>
      </symbol>
   </symbol_table>
   <title>Link successful</title>
</link_info>
