******************************************************************************
            TI ARM Clang Linker PC v3.2.2                      
******************************************************************************
>> Linked Sat Sep 21 12:14:57 2024

OUTPUT FILE NAME:   <uart2echo_CC3220S_LAUNCHXL_nortos_ticlang.out>
ENTRY POINT SYMBOL: "resetISR"  address: 2000fc6d


MEMORY CONFIGURATION

         name            origin    length      used     unused   attr    fill
----------------------  --------  ---------  --------  --------  ----  --------
  SRAM2                 20000000   00004000  0000130c  00002cf4  RW X
  SRAM                  20004000   0003c000  0000d552  0002eaae  RW X
  LOG_DATA              90000000   00040000  00000000  00040000  R   
  LOG_PTR               94000008   00040000  00000000  00040000  R   


SEGMENT ALLOCATION MAP

run origin  load origin   length   init length attrs members
----------  ----------- ---------- ----------- ----- -------
20003000    20003000    00001000   00000000    rw-
  20003000    20003000    00001000   00000000    rw- .stack
20004000    20004000    00000040   00000040    r--
  20004000    20004000    00000040   00000040    r-- .resetVecs
20004040    20004040    00008000   00000000    rw-
  20004040    20004040    00008000   00000000    rw- .sysmem
2000c040    2000c040    00004254   00004254    r-x
  2000c040    2000c040    00004164   00004164    r-x .text
  200101a4    200101a4    000000f0   000000f0    r-- .cinit
20010400    20010400    00000ea9   00000000    rw-
  20010400    20010400    00000820   00000000    rw- .bss
  20010c20    20010c20    00000689   00000000    rw- .data
200112ac    200112ac    00000415   00000415    r--
  200112ac    200112ac    00000415   00000415    r-- .rodata


SECTION ALLOCATION MAP

 output                                  attributes/
section   page    origin      length       input sections
--------  ----  ----------  ----------   ----------------
.text      0    2000c040    00004164     
                  2000c040    000004b8     driverlib.a : prcm.obj (.text.PRCMCC3200MCUInit)
                  2000c4f8    000003e4     drivers_cc32xx.a : PowerCC32XX.c.obj (.text.Power_sleep)
                  2000c8dc    00000222                      : UART2CC32XX.c.obj (.text.UART2CC32XX_hwiIntFxn)
                  2000cafe    000001d2                      : UART2.c.obj (.text.UART2_readTimeout)
                  2000ccd0    000001cc                      : UART2CC32XX.c.obj (.text.UART2_open)
                  2000ce9c    00000174                      : UART2.c.obj (.text.UART2_writeTimeoutBlocking)
                  2000d010    00000150     nortos_cc32xx.a : PowerCC32XX_nortos.c.obj (.text.PowerCC32XX_sleepPolicy)
                  2000d160    00000140     drivers_cc32xx.a : GPIOCC32XX.c.obj (.text.GPIO_setConfig)
                  2000d2a0    00000120     libc.a : memory.c.obj (.text.aligned_alloc)
                  2000d3c0    0000011a     drivers_cc32xx.a : UART2.c.obj (.text.UART2_writeTimeoutNonblocking)
                  2000d4da    00000112     driverlib.a : udma.obj (.text.uDMAChannelTransferSet)
                  2000d5ec    000000f0     libc.a : memory.c.obj (.text.free)
                  2000d6dc    000000e8     drivers_cc32xx.a : UART2CC32XX.c.obj (.text.UART2_close)
                  2000d7c4    000000cc                      : UART2CC32XX.c.obj (.text.UART2Support_dmaStartRx)
                  2000d890    000000c8     driverlib.a : interrupt.obj (.text.IntDisable)
                  2000d958    000000c8                 : interrupt.obj (.text.IntEnable)
                  2000da20    000000c4     drivers_cc32xx.a : UART2CC32XX.c.obj (.text.UART2CC32XX_initHw)
                  2000dae4    000000b8                      : UART2CC32XX.c.obj (.text.UART2Support_dmaStartTx)
                  2000db9c    000000b0     libclang_rt.builtins.a : udivmoddi4.S.obj (.text)
                  2000dc4c    000000ac     driverlib.a : gpio.obj (.text.GPIOIntTypeSet)
                  2000dcf8    000000a4                 : interrupt.obj (.text.IntPendSet)
                  2000dd9c    000000a2                 : pin.obj (.text.PinConfigSet)
                  2000de3e    00000002     ti_drivers_config.o (.text.Board_initHook)
                  2000de40    00000098     nortos_cc32xx.a : SemaphoreP_nortos.c.obj (.text.SemaphoreP_pend)
                  2000ded8    00000098     uart2echo.o (.text.mainThread)
                  2000df70    00000096     drivers_cc32xx.a : PowerCC32XX_ticlang.asm.obj (.text)
                  2000e006    00000092     driverlib.a : udma.obj (.text.uDMAChannelAttributeDisable)
                  2000e098    00000090     drivers_cc32xx.a : GPIOCC32XX.c.obj (.text.GPIO_init)
                  2000e128    0000008e     driverlib.a : prcm.obj (.text.PRCMSysResetCauseGet)
                  2000e1b6    00000002     nortos_cc32xx.a : PowerCC32XX_nortos.c.obj (.text.PowerCC32XX_initPolicy)
                  2000e1b8    00000088     drivers_cc32xx.a : PowerCC32XX.c.obj (.text.PowerCC32XX_configureWakeup)
                  2000e240    00000078                      : PowerCC32XX.c.obj (.text.Power_init)
                  2000e2b8    00000074     nortos_cc32xx.a : HwiPCC32XX_nortos.c.obj (.text.HwiP_construct)
                  2000e32c    00000074     driverlib.a : prcm.obj (.text.PRCMHibernateWakeUpGPIOSelect)
                  2000e3a0    00000074                 : uart.obj (.text.UARTConfigSetExpClk)
                  2000e414    00000070     libc.a : copy_decompress_lzss.c.obj (.text:decompress:lzss)
                  2000e484    0000006c     driverlib.a : pin.obj (.text.PinLockLevelSet)
                  2000e4f0    0000006c     drivers_cc32xx.a : PowerCC32XX.c.obj (.text.Power_setDependency)
                  2000e55c    0000006c                      : UDMACC32XX.c.obj (.text.UDMACC32XX_open)
                  2000e5c8    0000006c                      : GPIOCC32XX.c.obj (.text.powerNotifyFxn)
                  2000e634    0000006c     libc.a : memory.c.obj (.text.split)
                  2000e6a0    0000006a     driverlib.a : prcm.obj (.text.PRCMPeripheralReset)
                  2000e70a    00000068                 : interrupt.obj (.text.IntPendClear)
                  2000e772    00000002     nortos_cc32xx.a : SemaphoreP_nortos.c.obj (.text.SemaphoreP_destruct)
                  2000e774    00000060     drivers_cc32xx.a : GPIOCC32XX.c.obj (.text.GPIO_write)
                  2000e7d4    00000060                      : UART2CC32XX.c.obj (.text.UART2Support_dmaStopTx)
                  2000e834    0000005c     driverlib.a : flash.obj (.text.FlashDisable)
                  2000e890    0000005c                 : prcm.obj (.text.PRCMHibernateWakeupSourceDisable)
                  2000e8ec    0000005a                 : prcm.obj (.text.PRCMPeripheralClkEnable)
                  2000e946    00000002     drivers_cc32xx.a : UART2CC32XX.c.obj (.text.UART2CC32XX_eventCallback)
                  2000e948    00000058     nortos_cc32xx.a : ClockPSysTick_nortos.c.obj (.text.ClockP_startup)
                  2000e9a0    00000058     driverlib.a : interrupt.obj (.text.IntPrioritySet)
                  2000e9f8    00000056                 : prcm.obj (.text.PRCMLPDSEnter)
                  2000ea4e    00000002     libclang_rt.builtins.a : aeabi_div0.c.obj (.text.__aeabi_ldiv0)
                  2000ea50    00000054     drivers_cc32xx.a : PowerCC32XX.c.obj (.text.PowerCC32XX_setParkState)
                  2000eaa4    00000054                      : PowerCC32XX.c.obj (.text.Power_releaseDependency)
                  2000eaf8    00000050                      : GPIOCC32XX.c.obj (.text.GPIO_hwiIntFxn)
                  2000eb48    00000050     driverlib.a : prcm.obj (.text.PRCMHibernateWakeupSourceEnable)
                  2000eb98    00000050     nortos_cc32xx.a : SemaphoreP_nortos.c.obj (.text.SemaphoreP_construct)
                  2000ebe8    0000004e     driverlib.a : udma.obj (.text.uDMAChannelAssign)
                  2000ec36    00000002     libc.a : _lock.c.obj (.text._nop)
                  2000ec38    0000004c     drivers_cc32xx.a : GPIOCC32XX.c.obj (.text.GPIO_setInterruptConfig)
                  2000ec84    0000004c     driverlib.a : prcm.obj (.text.PRCMLPDSRestoreInfoSet)
                  2000ecd0    0000004a     drivers_cc32xx.a : UART2CC32XX.c.obj (.text.UART2Support_dmaStopRx)
                  2000ed1a    0000004a     driverlib.a : udma.obj (.text.uDMAChannelSizeGet)
                  2000ed64    00000048     nortos_cc32xx.a : ClockPSysTick_nortos.c.obj (.text.ClockP_sysTickHandler)
                  2000edac    00000048     driverlib.a : prcm.obj (.text.PRCMIntEnable)
                  2000edf4    00000048                 : prcm.obj (.text.PRCMPeripheralStatusGet)
                  2000ee3c    00000048                 : pin.obj (.text.PinConfigGet)
                  2000ee84    00000048     drivers_cc32xx.a : UART2.c.obj (.text.UART2_readFull)
                  2000eecc    00000046     driverlib.a : prcm.obj (.text.PRCMLPDSEnterKeepDebugIf)
                  2000ef12    00000046     drivers_cc32xx.a : RingBuf.c.obj (.text.RingBuf_put)
                  2000ef58    00000044     driverlib.a : gpio.obj (.text.GPIODirModeSet)
                  2000ef9c    00000044     drivers_cc32xx.a : GPIOCC32XX.c.obj (.text.GPIO_disableInt)
                  2000efe0    00000044                      : GPIOCC32XX.c.obj (.text.GPIO_enableInt)
                  2000f024    00000044                      : PowerCC32XX.c.obj (.text.Power_releaseConstraint)
                  2000f068    00000044     nortos_cc32xx.a : ClockPSysTick_nortos.c.obj (.text.addToList)
                  2000f0ac    00000042     driverlib.a : pin.obj (.text.PinModeSet)
                  2000f0ee    00000042     nortos_cc32xx.a : PowerCC32XX_nortos.c.obj (.text.getCountsRTC)
                  2000f130    00000042     uart2echo.o (.text.manageState)
                  2000f172    00000002     nortos_cc32xx.a : startup_cc32xx_ticlang.c.obj (.text.busFaultHandler)
                  2000f174    00000040                     : SemaphoreP_nortos.c.obj (.text.SemaphoreP_post)
                  2000f1b4    00000040     driverlib.a : udma.obj (.text.uDMAChannelControlSet)
                  2000f1f4    0000003e                 : pin.obj (.text.PinDirModeSet)
                  2000f232    00000002     nortos_cc32xx.a : SemaphoreP_nortos.c.obj (.text.clkFxn)
                  2000f234    0000003c                     : ClockPSysTick_nortos.c.obj (.text.ClockP_stop)
                  2000f270    0000003c     drivers_cc32xx.a : UDMACC32XX.c.obj (.text.UDMACC32XX_init)
                  2000f2ac    00000038     nortos_cc32xx.a : ClockPSysTick_nortos.c.obj (.text.ClockP_destruct)
                  2000f2e4    00000038     drivers_cc32xx.a : PowerCC32XX.c.obj (.text.Power_setConstraint)
                  2000f31c    00000038                      : RingBuf.c.obj (.text.RingBuf_putAdvance)
                  2000f354    00000038     nortos_cc32xx.a : SwiP_nortos.c.obj (.text.SwiP_restore)
                  2000f38c    00000038     drivers_cc32xx.a : UART2.c.obj (.text.UART2_rxEnable)
                  2000f3c4    00000038                      : UDMACC32XX.c.obj (.text.UDMACC32XX_close)
                  2000f3fc    00000038     libc.a : autoinit.c.obj (.text:__TI_auto_init_nobinit_nopinit)
                  2000f434    00000036     driverlib.a : pin.obj (.text.PinLock)
                  2000f46a    00000036                 : uart.obj (.text.UARTCharPutNonBlocking)
                  2000f4a0    00000034     nortos_cc32xx.a : ClockPSysTick_nortos.c.obj (.text.ClockP_start)
                  2000f4d4    00000034     driverlib.a : pin.obj (.text.PinDirModeGet)
                  2000f508    00000034                 : pin.obj (.text.PinModeGet)
                  2000f53c    00000034     drivers_cc32xx.a : PowerCC32XX.c.obj (.text.PowerCC32XX_parkPin)
                  2000f570    00000034                      : UART2.c.obj (.text.UART2_rxDisable)
                  2000f5a4    00000034     nortos_cc32xx.a : startup_cc32xx_ticlang.c.obj (.text.initVectors)
                  2000f5d8    00000032     drivers_cc32xx.a : UART2CC32XX.c.obj (.text.UART2Support_enableInts)
                  2000f60a    00000002     nortos_cc32xx.a : startup_cc32xx_ticlang.c.obj (.text.defaultHandler)
                  2000f60c    00000030                     : ClockPSysTick_nortos.c.obj (.text.ClockP_getTicksUntilInterrupt)
                  2000f63c    00000030     driverlib.a : prcm.obj (.text.PRCMLPDSIntervalSet)
                  2000f66c    00000030                 : prcm.obj (.text.PRCMSlowClkCtrFastGet)
                  2000f69c    00000030     drivers_cc32xx.a : PowerCC32XX.c.obj (.text.notify)
                  2000f6cc    0000002e     driverlib.a : gpio.obj (.text.GPIOIntStatus)
                  2000f6fa    0000002e     drivers_cc32xx.a : RingBuf.c.obj (.text.RingBuf_getConsume)
                  2000f728    0000002e                      : RingBuf.c.obj (.text.RingBuf_putPointer)
                  2000f756    0000002e     driverlib.a : uart.obj (.text.UARTDisable)
                  2000f784    0000002c     drivers_cc32xx.a : UART2CC32XX.c.obj (.text.UART2CC32XX_getRxData)
                  2000f7b0    0000002a     nortos_cc32xx.a : HwiPCC32XX_nortos.c.obj (.text.HwiP_create)
                  2000f7da    0000002a     driverlib.a : prcm.obj (.text.PRCMLPDSWakeUpGPIOSelect)
                  2000f804    0000002a                 : prcm.obj (.text.PRCMPeripheralClkDisable)
                  2000f82e    0000002a                 : uart.obj (.text.UARTIntStatus)
                  2000f858    00000028     drivers_cc32xx.a : List.c.obj (.text.List_remove)
                  2000f880    00000028     driverlib.a : prcm.obj (.text.PRCMSRAMRetentionEnable)
                  2000f8a8    00000028     drivers_cc32xx.a : PowerCC32XX.c.obj (.text.PowerCC32XX_getParkState)
                  2000f8d0    00000028     libc.a : memory.c.obj (.text.free_list_insert)
                  2000f8f8    00000024     driverlib.a : interrupt.obj (.text.IntUnregister)
                  2000f91c    00000024     drivers_cc32xx.a : List.c.obj (.text.List_put)
                  2000f940    00000024     driverlib.a : prcm.obj (.text.PRCMLPDSWakeupSourceEnable)
                  2000f964    00000024     drivers_cc32xx.a : PowerCC32XX.c.obj (.text.PowerCC32XX_restoreParkState)
                  2000f988    00000024                      : PowerCC32XX.c.obj (.text.PowerCC32XX_restoreParkedPin)
                  2000f9ac    00000024                      : PowerCC32XX.c.obj (.text.Power_registerNotify)
                  2000f9d0    00000024                      : UART2CC32XX.c.obj (.text.UART2Support_disableRx)
                  2000f9f4    00000024     libc.a : boot_cortex_m.c.obj (.text:_c_int00_noargs)
                  2000fa18    00000022     driverlib.a : gpio.obj (.text.GPIOPinWrite)
                  2000fa3a    00000022                 : pin.obj (.text.PinUnlock)
                  2000fa5c    00000022     drivers_cc32xx.a : RingBuf.c.obj (.text.RingBuf_getPointer)
                  2000fa7e    00000022                      : UART2CC32XX.c.obj (.text.UART2Support_sendData)
                  2000faa0    00000022                      : UART2.c.obj (.text.UART2_read)
                  2000fac2    00000020     driverlib.a : interrupt.obj (.text.IntRegister)
                  2000fae2    00000002     nortos_cc32xx.a : startup_cc32xx_ticlang.c.obj (.text.faultISR)
                  2000fae4    00000020     drivers_cc32xx.a : PowerCC32XX.c.obj (.text.PowerCC32XX_reset)
                  2000fb04    00000020                      : PowerCC32XX.c.obj (.text.Power_unregisterNotify)
                  2000fb24    00000020     nortos_cc32xx.a : SemaphoreP_nortos.c.obj (.text.SemaphoreP_constructBinary)
                  2000fb44    00000020                     : SemaphoreP_nortos.c.obj (.text.SemaphoreP_createBinary)
                  2000fb64    0000001e     driverlib.a : pin.obj (.text.PinTypeUART)
                  2000fb82    0000001e     drivers_cc32xx.a : UART2.c.obj (.text.UART2_writeTimeout)
                  2000fba0    0000001e     driverlib.a : uart.obj (.text.UARTEnable)
                  2000fbbe    0000001e                 : udma.obj (.text.uDMAChannelDisable)
                  2000fbdc    0000001e                 : udma.obj (.text.uDMAChannelEnable)
                  2000fbfa    0000001e                 : udma.obj (.text.uDMAChannelIsEnabled)
                  2000fc18    0000001c     nortos_cc32xx.a : HwiPCC32XX_nortos.c.obj (.text.HwiP_dispatch)
                  2000fc34    0000001c                     : SwiP_nortos.c.obj (.text.SwiP_disable)
                  2000fc50    0000001c     libc.a : memory.c.obj (.text.free_list_remove)
                  2000fc6c    0000001c     nortos_cc32xx.a : startup_cc32xx_ticlang.c.obj (.text.resetISR)
                  2000fc88    0000001a     driverlib.a : gpio.obj (.text.GPIOIntDisable)
                  2000fca2    0000001a                 : prcm.obj (.text.PRCMHIBRegRead)
                  2000fcbc    0000001a                 : prcm.obj (.text.PRCMHIBRegWrite)
                  2000fcd6    0000001a                 : prcm.obj (.text.PRCMLPDSWakeupSourceDisable)
                  2000fcf0    0000001a                 : pin.obj (.text.PinToPadGet)
                  2000fd0a    0000001a                 : uart.obj (.text.UARTFlowControlSet)
                  2000fd24    00000018                 : gpio.obj (.text.GPIOIntEnable)
                  2000fd3c    00000018     nortos_cc32xx.a : SemaphoreP_nortos.c.obj (.text.SemaphoreP_create)
                  2000fd54    00000016     ti_drivers_config.o (.text.Board_init)
                  2000fd6a    00000016     driverlib.a : systick.obj (.text.SysTickPeriodSet)
                  2000fd80    00000016                 : uart.obj (.text.UARTCharsAvail)
                  2000fd96    00000016                 : uart.obj (.text.UARTDMADisable)
                  2000fdac    00000016                 : uart.obj (.text.UARTFIFOLevelSet)
                  2000fdc2    00000016                 : uart.obj (.text.UARTIntDisable)
                  2000fdd8    00000014                 : cpu.obj (.text.CPUcpsid)
                  2000fdec    00000014                 : cpu.obj (.text.CPUcpsie)
                  2000fe00    00000014     nortos_cc32xx.a : HwiPCC32XX_nortos.c.obj (.text.HwiP_destruct)
                  2000fe14    00000014     driverlib.a : interrupt.obj (.text.IntVTableBaseSet)
                  2000fe28    00000014     drivers_cc32xx.a : PowerCC32XX.c.obj (.text.Power_disablePolicy)
                  2000fe3c    00000014                      : PowerCC32XX.c.obj (.text.Power_getTransitionLatency)
                  2000fe50    00000014                      : PowerCC32XX.c.obj (.text.Power_idleFunc)
                  2000fe64    00000014     driverlib.a : uart.obj (.text.UARTDMAEnable)
                  2000fe78    00000014                 : uart.obj (.text.UARTIntEnable)
                  2000fe8c    00000014     libclang_rt.builtins.a : aeabi_uldivmod.S.obj (.text.__aeabi_uldivmod)
                  2000fea0    00000014     driverlib.a : udma.obj (.text.uDMAControlBaseSet)
                  2000feb4    00000014                 : udma.obj (.text.uDMAIntClear)
                  2000fec8    00000012     nortos_cc32xx.a : ClockPSysTick_nortos.c.obj (.text.ClockP_add)
                  2000feda    00000012     driverlib.a : gpio.obj (.text.GPIOIntClear)
                  2000feec    00000012     nortos_cc32xx.a : HwiPCC32XX_nortos.c.obj (.text.HwiP_Params_init)
                  2000fefe    00000012     driverlib.a : systick.obj (.text.SysTickEnable)
                  2000ff10    00000012                 : systick.obj (.text.SysTickIntDisable)
                  2000ff22    00000012                 : systick.obj (.text.SysTickIntEnable)
                  2000ff34    00000012     drivers_cc32xx.a : UDMACC32XX.c.obj (.text.postNotifyFxn)
                  2000ff46    00000012     libc.a : memcpy_t2.S.obj (.text:TI_memcpy_small)
                  2000ff58    00000010     nortos_cc32xx.a : ClockPSysTick_nortos.c.obj (.text.ClockP_getCpuFreq)
                  2000ff68    00000010                     : ClockPSysTick_nortos.c.obj (.text.ClockP_getSystemTicks)
                  2000ff78    00000010                     : ClockPSysTick_nortos.c.obj (.text.ClockP_setTicks)
                  2000ff88    00000010                     : HwiPCC32XX_nortos.c.obj (.text.HwiP_inISR)
                  2000ff98    00000010     drivers_cc32xx.a : PowerCC32XX.c.obj (.text.Power_enablePolicy)
                  2000ffa8    00000010                      : RingBuf.c.obj (.text.RingBuf_construct)
                  2000ffb8    00000010                      : UART2CC32XX.c.obj (.text.UART2Support_txDone)
                  2000ffc8    00000010     driverlib.a : uart.obj (.text.UARTBusy)
                  2000ffd8    00000010                 : uart.obj (.text.UARTIntClear)
                  2000ffe8    00000010                 : uart.obj (.text.UARTRxErrorGet)
                  2000fff8    00000010     main_nortos.o (.text.main)
                  20010008    00000010     libc.a : copy_zero_init.c.obj (.text:decompress:ZI)
                  20010018    0000000e     nortos_cc32xx.a : HwiPCC32XX_nortos.c.obj (.text.HwiP_interruptsEnabled)
                  20010026    0000000e     drivers_cc32xx.a : UART2.c.obj (.text.UART2_write)
                  20010034    0000000e     driverlib.a : udma.obj (.text.uDMAEnable)
                  20010042    0000000e                 : udma.obj (.text.uDMAErrorStatusClear)
                  20010050    0000000e     libc.a : memset_t2.S.obj (.text:TI_memset_small)
                  2001005e    0000000e            : copy_decompress_none.c.obj (.text:decompress:none)
                  2001006c    0000000c     driverlib.a : cpu.obj (.text.CPUwfi)
                  20010078    0000000c     drivers_cc32xx.a : UART2CC32XX.c.obj (.text.OUTLINED_FUNCTION_0)
                  20010084    0000000c     driverlib.a : prcm.obj (.text.PRCMLPDSWakeupCauseGet)
                  20010090    0000000c     drivers_cc32xx.a : PowerCC32XX.c.obj (.text.Power_getConstraintMask)
                  2001009c    0000000c                      : UART2CC32XX.c.obj (.text.UART2CC32XX_postNotifyFxn)
                  200100a8    0000000c                      : UART2CC32XX.c.obj (.text.UART2Support_disableTx)
                  200100b4    0000000c                      : UART2CC32XX.c.obj (.text.UART2Support_enableRx)
                  200100c0    0000000c                      : UART2CC32XX.c.obj (.text.UART2Support_enableTx)
                  200100cc    0000000c                      : UART2.c.obj (.text.UART2_Params_init)
                  200100d8    0000000c     driverlib.a : udma.obj (.text.uDMAErrorStatusGet)
                  200100e4    0000000a                 : cpu.obj (.text.CPUprimask)
                  200100ee    0000000a     nortos_cc32xx.a : ClockPSysTick_nortos.c.obj (.text.ClockP_isActive)
                  200100f8    0000000a     driverlib.a : interrupt.obj (.text.IntMasterDisable)
                  20010102    0000000a                 : interrupt.obj (.text.IntMasterEnable)
                  2001010c    0000000a     drivers_cc32xx.a : UART2CC32XX.c.obj (.text.OUTLINED_FUNCTION_1)
                  20010116    0000000a                      : UART2CC32XX.c.obj (.text.OUTLINED_FUNCTION_2)
                  20010120    0000000a     ti_drivers_config.o (.text.dmaErrorFxn)
                  2001012a    0000000a     uart2echo.o (.text.manageLED)
                  20010134    00000008     nortos_cc32xx.a : HwiPCC32XX_nortos.c.obj (.text.HwiP_disable)
                  2001013c    00000008                     : HwiPCC32XX_nortos.c.obj (.text.HwiP_restore)
                  20010144    00000008     driverlib.a : prcm.obj (.text.PRCMSleepEnter)
                  2001014c    00000008                 : utils.obj (.text.UtilsDelay)
                  20010154    00000008     libclang_rt.builtins.a : aeabi_memset.S.obj (.text.__aeabi_memclr)
                  2001015c    00000008     libc.a : memory.c.obj (.text.malloc)
                  20010164    00000006     drivers_cc32xx.a : UART2.c.obj (.text.OUTLINED_FUNCTION_0)
                  2001016a    00000006                      : UART2CC32XX.c.obj (.text.UART2Support_powerRelConstraint)
                  20010170    00000006                      : UART2CC32XX.c.obj (.text.UART2Support_powerSetConstraint)
                  20010176    00000004     nortos_cc32xx.a : ClockPSysTick_nortos.c.obj (.text.ClockP_doTick)
                  2001017a    00000004                     : HwiPCC32XX_nortos.c.obj (.text.HwiP_clearInterrupt)
                  2001017e    00000004                     : HwiPCC32XX_nortos.c.obj (.text.HwiP_enable)
                  20010182    00000004                     : HwiPCC32XX_nortos.c.obj (.text.HwiP_post)
                  20010186    00000004     driverlib.a : interrupt.obj (.text.IntDefaultHandler)
                  2001018a    00000004     nortos_cc32xx.a : NoRTOS.c.obj (.text.NoRTOS_start)
                  2001018e    00000004     drivers_cc32xx.a : RingBuf.c.obj (.text.RingBuf_getCount)
                  20010192    00000004     nortos_cc32xx.a : SemaphoreP_nortos.c.obj (.text.SemaphoreP_delete)
                  20010196    00000002                     : startup_cc32xx_ticlang.c.obj (.text.nmiISR)
                  20010198    00000004     libclang_rt.builtins.a : aeabi_memcpy.S.obj (.text.__aeabi_memcpy)
                  2001019c    00000004     libc.a : pre_init.c.obj (.text._system_pre_init)
                  200101a0    00000004            : exit.c.obj (.text:abort)

.ramVecs   0    20000000    0000030c     NOLOAD SECTION
                  20000000    0000030c     nortos_cc32xx.a : startup_cc32xx_ticlang.c.obj (.ramVecs)

.stack     0    20003000    00001000     UNINITIALIZED
                  20003000    00000004     libc.a : boot_cortex_m.c.obj (.stack)
                  20003004    00000ffc     --HOLE--

.resetVecs 
*          0    20004000    00000040     
                  20004000    00000040     nortos_cc32xx.a : startup_cc32xx_ticlang.c.obj (.resetVecs)

.sysmem    0    20004040    00008000     UNINITIALIZED
                  20004040    00000010     libc.a : memory.c.obj (.sysmem)
                  20004050    00007ff0     --HOLE--

.cinit     0    200101a4    000000f0     
                  200101a4    000000cc     (.cinit..data.load) [load image, compression = lzss]
                  20010270    0000000c     (__TI_handler_table)
                  2001027c    00000008     (.cinit..bss.load) [load image, compression = zero_init]
                  20010284    00000010     (__TI_cinit_table)

.rodata    0    200112ac    00000415     
                  200112ac    00000100     driverlib.a : pin.obj (.rodata.g_ulPinToPadMap)
                  200113ac    000000d4                 : interrupt.obj (.rodata.g_pulRegs)
                  20011480    000000a8                 : prcm.obj (.rodata.PRCM_PeriphRegsList)
                  20011528    00000044     ti_drivers_config.o (.rodata.PowerCC32XX_config)
                  2001156c    00000038     ti_drivers_config.o (.rodata.uart2CC32XXHWAttrs0)
                  200115a4    00000028     drivers_cc32xx.a : GPIOCC32XX.c.obj (.rodata.portConfigs)
                  200115cc    00000024                      : UART2.c.obj (.rodata.UART2_defaultParams)
                  200115f0    00000021                      : GPIOCC32XX.c.obj (.rodata.pinTable)
                  20011611    00000002                      : UART2CC32XX.c.obj (.rodata.stopBits)
                  20011613    00000001     ti_drivers_config.o (.rodata.GPIO_pinUpperBound)
                  20011614    00000018     driverlib.a : interrupt.obj (.rodata.g_pulDisRegs)
                  2001162c    00000018                 : interrupt.obj (.rodata.g_pulEnRegs)
                  20011644    00000018                 : interrupt.obj (.rodata.g_pulPendRegs)
                  2001165c    00000018                 : interrupt.obj (.rodata.g_pulUnpendRegs)
                  20011674    00000016     uart2echo.o (.rodata.str1.167418819479580569774)
                  2001168a    00000001     ti_drivers_config.o (.rodata.UART2_count)
                  2001168b    00000001     --HOLE-- [fill = 0]
                  2001168c    00000010     ti_drivers_config.o (.rodata.GPIO_config)
                  2001169c    0000000c     ti_drivers_config.o (.rodata.udmaCC3220SHWAttrs)
                  200116a8    00000008     ti_drivers_config.o (.rodata.UART2_config)
                  200116b0    00000008     ti_drivers_config.o (.rodata.UDMACC32XX_config)
                  200116b8    00000005     drivers_cc32xx.a : UART2CC32XX.c.obj (.rodata.parityType)
                  200116bd    00000004                      : UART2CC32XX.c.obj (.rodata.cst4)

.init_array 
*          0    20004000    00000000     UNINITIALIZED

.bss       0    20010400    00000820     UNINITIALIZED
                  20010400    00000400     ti_drivers_config.o (.bss.dmaControlTable)
                  20010800    00000178     (.common:uart2CC32XXObjects0)
                  20010978    0000012c     (.common:PowerCC32XX_contextSave)
                  20010aa4    00000084     (.common:gpioCallbackFunctions)
                  20010b28    00000084     (.common:gpioUserArgs)
                  20010bac    00000020     ti_drivers_config.o (.bss.uart2RxRingBuffer0)
                  20010bcc    00000020     ti_drivers_config.o (.bss.uart2TxRingBuffer0)
                  20010bec    00000014     drivers_cc32xx.a : UDMACC32XX.c.obj (.bss.postNotifyObj)
                  20010c00    00000010     (.common:ClockP_ctrl)
                  20010c10    00000008     (.common:udmaCC3220SObject)
                  20010c18    00000004     nortos_cc32xx.a : ClockPSysTick_nortos.c.obj (.bss.sysTickPeriod)
                  20010c1c    00000004     libc.a : memory.c.obj (.bss.sys_free)

.data      0    20010c20    00000689     UNINITIALIZED
                  20010c20    0000030c     nortos_cc32xx.a : HwiPCC32XX_nortos.c.obj (.data.HwiP_dispatchTable)
                  20010f2c    0000016c     drivers_cc32xx.a : PowerCC32XX.c.obj (.data.PowerCC32XX_module)
                  20011098    000000f8     ti_drivers_config.o (.data.parkInfo)
                  20011190    00000084     ti_drivers_config.o (.data.gpioPinConfigs)
                  20011214    0000004c     nortos_cc32xx.a : SwiP_nortos.c.obj (.data..L_MergedGlobals)
                  20011260    00000018     drivers_cc32xx.a : GPIOCC32XX.c.obj (.data..L_MergedGlobals)
                  20011278    00000010     nortos_cc32xx.a : SemaphoreP_nortos.c.obj (.data..L_MergedGlobals)
                  20011288    00000008     drivers_cc32xx.a : UDMACC32XX.c.obj (.data..L_MergedGlobals)
                  20011290    00000008     nortos_cc32xx.a : ClockPSysTick_nortos.c.obj (.data..L_MergedGlobals)
                  20011298    00000004                     : HwiPCC32XX_nortos.c.obj (.data.HwiP_swiPIntNum)
                  2001129c    00000004     libc.a : _lock.c.obj (.data._lock)
                  200112a0    00000004            : _lock.c.obj (.data._unlock)
                  200112a4    00000001     drivers_cc32xx.a : GPIOCC32XX.c.obj (.data.initCalled)
                  200112a5    00000001                      : GPIOCC32XX.c.obj (.data.portHwiCreatedBitMask)
                  200112a6    00000002     --HOLE--
                  200112a8    00000001     libc.a : memory.c.obj (.data.memory_is_initialized)

.log_data 
*          0    90000000    00000000     COPY SECTION

.log_ptr   0    94000008    00000000     COPY SECTION

__llvm_prf_cnts 
*          0    20004000    00000000     UNINITIALIZED

__llvm_prf_bits 
*          0    20004000    00000000     UNINITIALIZED

MODULE SUMMARY

       Module                         code    ro data   rw data
       ------                         ----    -------   -------
    .\
       uart2echo.o                    228     22        0      
       main_nortos.o                  16      0         0      
    +--+------------------------------+-------+---------+---------+
       Total:                         244     22        0      
                                                               
    .\syscfg\
       ti_drivers_config.o            34      170       2116   
    +--+------------------------------+-------+---------+---------+
       Total:                         34      170       2116   
                                                               
    C:/ti/simplelink_cc32xx_sdk_7_10_00_13/kernel/nortos/lib/ticlang/m4/nortos_cc32xx.a
       HwiPCC32XX_nortos.c.obj        282     0         784    
       startup_cc32xx_ticlang.c.obj   88      64        780    
       ClockPSysTick_nortos.c.obj     524     0         28     
       SemaphoreP_nortos.c.obj        392     0         16     
       PowerCC32XX_nortos.c.obj       404     0         0      
       SwiP_nortos.c.obj              84      0         76     
       NoRTOS.c.obj                   4       0         0      
    +--+------------------------------+-------+---------+---------+
       Total:                         1778    64        1684   
                                                               
    C:/ti/simplelink_cc32xx_sdk_7_10_00_13/source/ti/devices/cc32xx/driverlib/ticlang/Release/driverlib.a
       prcm.obj                       2564    168       0      
       interrupt.obj                  868     308       0      
       pin.obj                        718     256       0      
       udma.obj                       806     0         0      
       uart.obj                       490     0         0      
       gpio.obj                       388     0         0      
       flash.obj                      92      0         0      
       systick.obj                    76      0         0      
       cpu.obj                        62      0         0      
       utils.obj                      8       0         0      
    +--+------------------------------+-------+---------+---------+
       Total:                         6072    732       0      
                                                               
    C:/ti/simplelink_cc32xx_sdk_7_10_00_13/source/ti/drivers/lib/ticlang/m4/drivers_cc32xx.a
       PowerCC32XX.c.obj              2052    0         664    
       UART2CC32XX.c.obj              2266    11        0      
       UART2.c.obj                    1396    36        0      
       GPIOCC32XX.c.obj               960     73        26     
       RingBuf.c.obj                  272     0         0      
       UDMACC32XX.c.obj               242     0         28     
       PowerCC32XX_ticlang.asm.obj    150     0         0      
       List.c.obj                     76      0         0      
    +--+------------------------------+-------+---------+---------+
       Total:                         7414    120       718    
                                                               
    C:\ti\ccs1280\ccs\tools\compiler\ti-cgt-armllvm_3.2.2.LTS\lib\armv7em-ti-none-eabi/c/libc.a
       memory.c.obj                   712     0         5      
       copy_decompress_lzss.c.obj     112     0         0      
       autoinit.c.obj                 56      0         0      
       boot_cortex_m.c.obj            36      0         0      
       memcpy_t2.S.obj                18      0         0      
       copy_zero_init.c.obj           16      0         0      
       copy_decompress_none.c.obj     14      0         0      
       memset_t2.S.obj                14      0         0      
       _lock.c.obj                    2       0         8      
       exit.c.obj                     4       0         0      
       pre_init.c.obj                 4       0         0      
    +--+------------------------------+-------+---------+---------+
       Total:                         988     0         13     
                                                               
    C:\ti\ccs1280\ccs\tools\compiler\ti-cgt-armllvm_3.2.2.LTS\lib\clang/15.0.7/lib/armv7em-ti-none-eabi/libclang_rt.builtins.a
       udivmoddi4.S.obj               176     0         0      
       aeabi_uldivmod.S.obj           20      0         0      
       aeabi_memset.S.obj             8       0         0      
       aeabi_memcpy.S.obj             4       0         0      
       aeabi_div0.c.obj               2       0         0      
    +--+------------------------------+-------+---------+---------+
       Total:                         210     0         0      
                                                               
       Heap:                          0       0         32768  
       Stack:                         0       0         4096   
       Linker Generated:              0       240       0      
    +--+------------------------------+-------+---------+---------+
       Grand Total:                   16740   1348      41395  


LINKER GENERATED COPY TABLES

__TI_cinit_table @ 20010284 records: 2, size/record: 8, table size: 16
	.data: load addr=200101a4, load size=000000cc bytes, run addr=20010c20, run size=00000689 bytes, compression=lzss
	.bss: load addr=2001027c, load size=00000008 bytes, run addr=20010400, run size=00000820 bytes, compression=zero_init


LINKER GENERATED HANDLER TABLE

__TI_handler_table @ 20010270 records: 3, size/record: 4, table size: 12
	index: 0, handler: __TI_decompress_lzss
	index: 1, handler: __TI_decompress_none
	index: 2, handler: __TI_zero_init


GLOBAL SYMBOLS: SORTED ALPHABETICALLY BY Name 

address   name                            
-------   ----                            
2000fd55  Board_init                      
2000de3f  Board_initHook                  
200101a0  C$$EXIT                         
2000fdd9  CPUcpsid                        
2000fded  CPUcpsie                        
200100e5  CPUprimask                      
2001006d  CPUwfi                          
2000fec9  ClockP_add                      
20010c00  ClockP_ctrl                     
2000f2ad  ClockP_destruct                 
20010177  ClockP_doTick                   
2000ff59  ClockP_getCpuFreq               
2000ff69  ClockP_getSystemTicks           
2000f60d  ClockP_getTicksUntilInterrupt   
200100ef  ClockP_isActive                 
2000ff79  ClockP_setTicks                 
2000f4a1  ClockP_start                    
2000e949  ClockP_startup                  
2000f235  ClockP_stop                     
2000ed65  ClockP_sysTickHandler           
20011294  ClockP_tickPeriod               
2000e835  FlashDisable                    
2000ef59  GPIODirModeSet                  
2000fedb  GPIOIntClear                    
2000fc89  GPIOIntDisable                  
2000fd25  GPIOIntEnable                   
2000f6cd  GPIOIntStatus                   
2000dc4d  GPIOIntTypeSet                  
2000fa19  GPIOPinWrite                    
2001168c  GPIO_config                     
2000ef9d  GPIO_disableInt                 
2000efe1  GPIO_enableInt                  
2000eaf9  GPIO_hwiIntFxn                  
2000e099  GPIO_init                       
20011613  GPIO_pinUpperBound              
2000d161  GPIO_setConfig                  
2000ec39  GPIO_setInterruptConfig         
2000e775  GPIO_write                      
2000feed  HwiP_Params_init                
2001017b  HwiP_clearInterrupt             
2000e2b9  HwiP_construct                  
2000f7b1  HwiP_create                     
2000fe01  HwiP_destruct                   
20010135  HwiP_disable                    
2000fc19  HwiP_dispatch                   
2001017f  HwiP_enable                     
2000ff89  HwiP_inISR                      
20010019  HwiP_interruptsEnabled          
20010183  HwiP_post                       
2001013d  HwiP_restore                    
20011298  HwiP_swiPIntNum                 
UNDEFED   ITM_flush                       
UNDEFED   ITM_restore                     
2000d891  IntDisable                      
2000d959  IntEnable                       
200100f9  IntMasterDisable                
20010103  IntMasterEnable                 
2000e70b  IntPendClear                    
2000dcf9  IntPendSet                      
2000e9a1  IntPrioritySet                  
2000fac3  IntRegister                     
2000f8f9  IntUnregister                   
2000fe15  IntVTableBaseSet                
2000f91d  List_put                        
2000f859  List_remove                     
2001018b  NoRTOS_start                    
2000c041  PRCMCC3200MCUInit               
2000fca3  PRCMHIBRegRead                  
2000fcbd  PRCMHIBRegWrite                 
2000e32d  PRCMHibernateWakeUpGPIOSelect   
2000e891  PRCMHibernateWakeupSourceDisable
2000eb49  PRCMHibernateWakeupSourceEnable 
2000edad  PRCMIntEnable                   
2000e9f9  PRCMLPDSEnter                   
2000eecd  PRCMLPDSEnterKeepDebugIf        
2000f63d  PRCMLPDSIntervalSet             
2000ec85  PRCMLPDSRestoreInfoSet          
2000f7db  PRCMLPDSWakeUpGPIOSelect        
20010085  PRCMLPDSWakeupCauseGet          
2000fcd7  PRCMLPDSWakeupSourceDisable     
2000f941  PRCMLPDSWakeupSourceEnable      
2000f805  PRCMPeripheralClkDisable        
2000e8ed  PRCMPeripheralClkEnable         
2000e6a1  PRCMPeripheralReset             
2000edf5  PRCMPeripheralStatusGet         
2000f881  PRCMSRAMRetentionEnable         
20010145  PRCMSleepEnter                  
2000f66d  PRCMSlowClkCtrFastGet           
2000e129  PRCMSysResetCauseGet            
2000ee3d  PinConfigGet                    
2000dd9d  PinConfigSet                    
2000f4d5  PinDirModeGet                   
2000f1f5  PinDirModeSet                   
2000f435  PinLock                         
2000e485  PinLockLevelSet                 
2000f509  PinModeGet                      
2000f0ad  PinModeSet                      
2000fcf1  PinToPadGet                     
2000fb65  PinTypeUART                     
2000fa3b  PinUnlock                       
20011528  PowerCC32XX_config              
2000e1b9  PowerCC32XX_configureWakeup     
20010978  PowerCC32XX_contextSave         
2000df71  PowerCC32XX_enterLPDS           
2000f8a9  PowerCC32XX_getParkState        
2000e1b7  PowerCC32XX_initPolicy          
20010f2c  PowerCC32XX_module              
2000f53d  PowerCC32XX_parkPin             
2000fae5  PowerCC32XX_reset               
2000f965  PowerCC32XX_restoreParkState    
2000f989  PowerCC32XX_restoreParkedPin    
2000dfb5  PowerCC32XX_resumeLPDS          
2000ea51  PowerCC32XX_setParkState        
2000d011  PowerCC32XX_sleepPolicy         
2000fe29  Power_disablePolicy             
2000ff99  Power_enablePolicy              
20010091  Power_getConstraintMask         
2000fe3d  Power_getTransitionLatency      
2000fe51  Power_idleFunc                  
2000e241  Power_init                      
2000f9ad  Power_registerNotify            
2000f025  Power_releaseConstraint         
2000eaa5  Power_releaseDependency         
2000f2e5  Power_setConstraint             
2000e4f1  Power_setDependency             
2000c4f9  Power_sleep                     
2000fb05  Power_unregisterNotify          
2000ffa9  RingBuf_construct               
2000f6fb  RingBuf_getConsume              
2001018f  RingBuf_getCount                
2000fa5d  RingBuf_getPointer              
2000ef13  RingBuf_put                     
2000f31d  RingBuf_putAdvance              
2000f729  RingBuf_putPointer              
2000eb99  SemaphoreP_construct            
2000fb25  SemaphoreP_constructBinary      
2000fd3d  SemaphoreP_create               
2000fb45  SemaphoreP_createBinary         
20011280  SemaphoreP_defaultParams        
20010193  SemaphoreP_delete               
2000e773  SemaphoreP_destruct             
2000de41  SemaphoreP_pend                 
2000f175  SemaphoreP_post                 
2000fc35  SwiP_disable                    
2000f355  SwiP_restore                    
2000feff  SysTickEnable                   
2000ff11  SysTickIntDisable               
2000ff23  SysTickIntEnable                
2000fd6b  SysTickPeriodSet                
2000ff47  TI_memcpy_small                 
20010051  TI_memset_small                 
2000f9d1  UART2Support_disableRx          
200100a9  UART2Support_disableTx          
2000d7c5  UART2Support_dmaStartRx         
2000dae5  UART2Support_dmaStartTx         
2000ecd1  UART2Support_dmaStopRx          
2000e7d5  UART2Support_dmaStopTx          
2000f5d9  UART2Support_enableInts         
200100b5  UART2Support_enableRx           
200100c1  UART2Support_enableTx           
2001016b  UART2Support_powerRelConstraint 
20010171  UART2Support_powerSetConstraint 
2000fa7f  UART2Support_sendData           
2000ffb9  UART2Support_txDone             
200100cd  UART2_Params_init               
2000d6dd  UART2_close                     
200116a8  UART2_config                    
2001168a  UART2_count                     
200115cc  UART2_defaultParams             
2000ccd1  UART2_open                      
2000faa1  UART2_read                      
2000ee85  UART2_readFull                  
2000caff  UART2_readTimeout               
2000f571  UART2_rxDisable                 
2000f38d  UART2_rxEnable                  
20010027  UART2_write                     
2000fb83  UART2_writeTimeout              
2000ce9d  UART2_writeTimeoutBlocking      
2000d3c1  UART2_writeTimeoutNonblocking   
2000ffc9  UARTBusy                        
2000f46b  UARTCharPutNonBlocking          
2000fd81  UARTCharsAvail                  
2000e3a1  UARTConfigSetExpClk             
2000fd97  UARTDMADisable                  
2000fe65  UARTDMAEnable                   
2000f757  UARTDisable                     
2000fba1  UARTEnable                      
2000fdad  UARTFIFOLevelSet                
2000fd0b  UARTFlowControlSet              
2000ffd9  UARTIntClear                    
2000fdc3  UARTIntDisable                  
2000fe79  UARTIntEnable                   
2000f82f  UARTIntStatus                   
2000ffe9  UARTRxErrorGet                  
2000f3c5  UDMACC32XX_close                
200116b0  UDMACC32XX_config               
2000f271  UDMACC32XX_init                 
2000e55d  UDMACC32XX_open                 
2001014d  UtilsDelay                      
20004000  __STACK_END                     
00001000  __STACK_SIZE                    
00008000  __SYSMEM_SIZE                   
00000000  __TI_ATRegion0_region_sz        
00000000  __TI_ATRegion0_src_addr         
00000000  __TI_ATRegion0_trg_addr         
00000000  __TI_ATRegion1_region_sz        
00000000  __TI_ATRegion1_src_addr         
00000000  __TI_ATRegion1_trg_addr         
00000000  __TI_ATRegion2_region_sz        
00000000  __TI_ATRegion2_src_addr         
00000000  __TI_ATRegion2_trg_addr         
20010284  __TI_CINIT_Base                 
20010294  __TI_CINIT_Limit                
20010294  __TI_CINIT_Warm                 
20010270  __TI_Handler_Table_Base         
2001027c  __TI_Handler_Table_Limit        
2000f3fd  __TI_auto_init_nobinit_nopinit  
2000e415  __TI_decompress_lzss            
2001005f  __TI_decompress_none            
ffffffff  __TI_pprof_out_hndl             
ffffffff  __TI_prof_data_size             
ffffffff  __TI_prof_data_start            
200101a4  __TI_static_base__              
20010009  __TI_zero_init                  
2000ea4f  __aeabi_ldiv0                   
20010155  __aeabi_memclr                  
20010155  __aeabi_memclr4                 
20010155  __aeabi_memclr8                 
20010199  __aeabi_memcpy                  
20010199  __aeabi_memcpy4                 
20010199  __aeabi_memcpy8                 
2000fe8d  __aeabi_uldivmod                
ffffffff  __binit__                       
UNDEFED   __mpu_init                      
20003000  __stack                         
20004000  __start___llvm_prf_bits         
20004000  __start___llvm_prf_cnts         
20004000  __stop___llvm_prf_bits          
20004000  __stop___llvm_prf_cnts          
2000db9d  __udivmoddi4                    
2000f9f5  _c_int00_noargs                 
2001129c  _lock                           
2000ec37  _nop                            
20004040  _sys_memory                     
UNDEFED   _system_post_cinit              
2001019d  _system_pre_init                
200112a0  _unlock                         
200101a1  abort                           
2000d2a1  aligned_alloc                   
ffffffff  binit                           
2000f233  clkFxn                          
2000d5ed  free                            
20010aa4  gpioCallbackFunctions           
20011190  gpioPinConfigs                  
20010b28  gpioUserArgs                    
2000f5a5  initVectors                     
2000fff9  main                            
2000ded9  mainThread                      
2001015d  malloc                          
2001012b  manageLED                       
2000f131  manageState                     
2000d2a1  memalign                        
20011098  parkInfo                        
2000fc6d  resetISR                        
2000ebe9  uDMAChannelAssign               
2000e007  uDMAChannelAttributeDisable     
2000f1b5  uDMAChannelControlSet           
2000fbbf  uDMAChannelDisable              
2000fbdd  uDMAChannelEnable               
2000fbfb  uDMAChannelIsEnabled            
2000ed1b  uDMAChannelSizeGet              
2000d4db  uDMAChannelTransferSet          
2000fea1  uDMAControlBaseSet              
20010035  uDMAEnable                      
20010043  uDMAErrorStatusClear            
200100d9  uDMAErrorStatusGet              
2000feb5  uDMAIntClear                    
20010800  uart2CC32XXObjects0             
2001169c  udmaCC3220SHWAttrs              
20010c10  udmaCC3220SObject               


GLOBAL SYMBOLS: SORTED BY Symbol Address 

address   name                            
-------   ----                            
00000000  __TI_ATRegion0_region_sz        
00000000  __TI_ATRegion0_src_addr         
00000000  __TI_ATRegion0_trg_addr         
00000000  __TI_ATRegion1_region_sz        
00000000  __TI_ATRegion1_src_addr         
00000000  __TI_ATRegion1_trg_addr         
00000000  __TI_ATRegion2_region_sz        
00000000  __TI_ATRegion2_src_addr         
00000000  __TI_ATRegion2_trg_addr         
00001000  __STACK_SIZE                    
00008000  __SYSMEM_SIZE                   
20003000  __stack                         
20004000  __STACK_END                     
20004000  __start___llvm_prf_bits         
20004000  __start___llvm_prf_cnts         
20004000  __stop___llvm_prf_bits          
20004000  __stop___llvm_prf_cnts          
20004040  _sys_memory                     
2000c041  PRCMCC3200MCUInit               
2000c4f9  Power_sleep                     
2000caff  UART2_readTimeout               
2000ccd1  UART2_open                      
2000ce9d  UART2_writeTimeoutBlocking      
2000d011  PowerCC32XX_sleepPolicy         
2000d161  GPIO_setConfig                  
2000d2a1  aligned_alloc                   
2000d2a1  memalign                        
2000d3c1  UART2_writeTimeoutNonblocking   
2000d4db  uDMAChannelTransferSet          
2000d5ed  free                            
2000d6dd  UART2_close                     
2000d7c5  UART2Support_dmaStartRx         
2000d891  IntDisable                      
2000d959  IntEnable                       
2000dae5  UART2Support_dmaStartTx         
2000db9d  __udivmoddi4                    
2000dc4d  GPIOIntTypeSet                  
2000dcf9  IntPendSet                      
2000dd9d  PinConfigSet                    
2000de3f  Board_initHook                  
2000de41  SemaphoreP_pend                 
2000ded9  mainThread                      
2000df71  PowerCC32XX_enterLPDS           
2000dfb5  PowerCC32XX_resumeLPDS          
2000e007  uDMAChannelAttributeDisable     
2000e099  GPIO_init                       
2000e129  PRCMSysResetCauseGet            
2000e1b7  PowerCC32XX_initPolicy          
2000e1b9  PowerCC32XX_configureWakeup     
2000e241  Power_init                      
2000e2b9  HwiP_construct                  
2000e32d  PRCMHibernateWakeUpGPIOSelect   
2000e3a1  UARTConfigSetExpClk             
2000e415  __TI_decompress_lzss            
2000e485  PinLockLevelSet                 
2000e4f1  Power_setDependency             
2000e55d  UDMACC32XX_open                 
2000e6a1  PRCMPeripheralReset             
2000e70b  IntPendClear                    
2000e773  SemaphoreP_destruct             
2000e775  GPIO_write                      
2000e7d5  UART2Support_dmaStopTx          
2000e835  FlashDisable                    
2000e891  PRCMHibernateWakeupSourceDisable
2000e8ed  PRCMPeripheralClkEnable         
2000e949  ClockP_startup                  
2000e9a1  IntPrioritySet                  
2000e9f9  PRCMLPDSEnter                   
2000ea4f  __aeabi_ldiv0                   
2000ea51  PowerCC32XX_setParkState        
2000eaa5  Power_releaseDependency         
2000eaf9  GPIO_hwiIntFxn                  
2000eb49  PRCMHibernateWakeupSourceEnable 
2000eb99  SemaphoreP_construct            
2000ebe9  uDMAChannelAssign               
2000ec37  _nop                            
2000ec39  GPIO_setInterruptConfig         
2000ec85  PRCMLPDSRestoreInfoSet          
2000ecd1  UART2Support_dmaStopRx          
2000ed1b  uDMAChannelSizeGet              
2000ed65  ClockP_sysTickHandler           
2000edad  PRCMIntEnable                   
2000edf5  PRCMPeripheralStatusGet         
2000ee3d  PinConfigGet                    
2000ee85  UART2_readFull                  
2000eecd  PRCMLPDSEnterKeepDebugIf        
2000ef13  RingBuf_put                     
2000ef59  GPIODirModeSet                  
2000ef9d  GPIO_disableInt                 
2000efe1  GPIO_enableInt                  
2000f025  Power_releaseConstraint         
2000f0ad  PinModeSet                      
2000f131  manageState                     
2000f175  SemaphoreP_post                 
2000f1b5  uDMAChannelControlSet           
2000f1f5  PinDirModeSet                   
2000f233  clkFxn                          
2000f235  ClockP_stop                     
2000f271  UDMACC32XX_init                 
2000f2ad  ClockP_destruct                 
2000f2e5  Power_setConstraint             
2000f31d  RingBuf_putAdvance              
2000f355  SwiP_restore                    
2000f38d  UART2_rxEnable                  
2000f3c5  UDMACC32XX_close                
2000f3fd  __TI_auto_init_nobinit_nopinit  
2000f435  PinLock                         
2000f46b  UARTCharPutNonBlocking          
2000f4a1  ClockP_start                    
2000f4d5  PinDirModeGet                   
2000f509  PinModeGet                      
2000f53d  PowerCC32XX_parkPin             
2000f571  UART2_rxDisable                 
2000f5a5  initVectors                     
2000f5d9  UART2Support_enableInts         
2000f60d  ClockP_getTicksUntilInterrupt   
2000f63d  PRCMLPDSIntervalSet             
2000f66d  PRCMSlowClkCtrFastGet           
2000f6cd  GPIOIntStatus                   
2000f6fb  RingBuf_getConsume              
2000f729  RingBuf_putPointer              
2000f757  UARTDisable                     
2000f7b1  HwiP_create                     
2000f7db  PRCMLPDSWakeUpGPIOSelect        
2000f805  PRCMPeripheralClkDisable        
2000f82f  UARTIntStatus                   
2000f859  List_remove                     
2000f881  PRCMSRAMRetentionEnable         
2000f8a9  PowerCC32XX_getParkState        
2000f8f9  IntUnregister                   
2000f91d  List_put                        
2000f941  PRCMLPDSWakeupSourceEnable      
2000f965  PowerCC32XX_restoreParkState    
2000f989  PowerCC32XX_restoreParkedPin    
2000f9ad  Power_registerNotify            
2000f9d1  UART2Support_disableRx          
2000f9f5  _c_int00_noargs                 
2000fa19  GPIOPinWrite                    
2000fa3b  PinUnlock                       
2000fa5d  RingBuf_getPointer              
2000fa7f  UART2Support_sendData           
2000faa1  UART2_read                      
2000fac3  IntRegister                     
2000fae5  PowerCC32XX_reset               
2000fb05  Power_unregisterNotify          
2000fb25  SemaphoreP_constructBinary      
2000fb45  SemaphoreP_createBinary         
2000fb65  PinTypeUART                     
2000fb83  UART2_writeTimeout              
2000fba1  UARTEnable                      
2000fbbf  uDMAChannelDisable              
2000fbdd  uDMAChannelEnable               
2000fbfb  uDMAChannelIsEnabled            
2000fc19  HwiP_dispatch                   
2000fc35  SwiP_disable                    
2000fc6d  resetISR                        
2000fc89  GPIOIntDisable                  
2000fca3  PRCMHIBRegRead                  
2000fcbd  PRCMHIBRegWrite                 
2000fcd7  PRCMLPDSWakeupSourceDisable     
2000fcf1  PinToPadGet                     
2000fd0b  UARTFlowControlSet              
2000fd25  GPIOIntEnable                   
2000fd3d  SemaphoreP_create               
2000fd55  Board_init                      
2000fd6b  SysTickPeriodSet                
2000fd81  UARTCharsAvail                  
2000fd97  UARTDMADisable                  
2000fdad  UARTFIFOLevelSet                
2000fdc3  UARTIntDisable                  
2000fdd9  CPUcpsid                        
2000fded  CPUcpsie                        
2000fe01  HwiP_destruct                   
2000fe15  IntVTableBaseSet                
2000fe29  Power_disablePolicy             
2000fe3d  Power_getTransitionLatency      
2000fe51  Power_idleFunc                  
2000fe65  UARTDMAEnable                   
2000fe79  UARTIntEnable                   
2000fe8d  __aeabi_uldivmod                
2000fea1  uDMAControlBaseSet              
2000feb5  uDMAIntClear                    
2000fec9  ClockP_add                      
2000fedb  GPIOIntClear                    
2000feed  HwiP_Params_init                
2000feff  SysTickEnable                   
2000ff11  SysTickIntDisable               
2000ff23  SysTickIntEnable                
2000ff47  TI_memcpy_small                 
2000ff59  ClockP_getCpuFreq               
2000ff69  ClockP_getSystemTicks           
2000ff79  ClockP_setTicks                 
2000ff89  HwiP_inISR                      
2000ff99  Power_enablePolicy              
2000ffa9  RingBuf_construct               
2000ffb9  UART2Support_txDone             
2000ffc9  UARTBusy                        
2000ffd9  UARTIntClear                    
2000ffe9  UARTRxErrorGet                  
2000fff9  main                            
20010009  __TI_zero_init                  
20010019  HwiP_interruptsEnabled          
20010027  UART2_write                     
20010035  uDMAEnable                      
20010043  uDMAErrorStatusClear            
20010051  TI_memset_small                 
2001005f  __TI_decompress_none            
2001006d  CPUwfi                          
20010085  PRCMLPDSWakeupCauseGet          
20010091  Power_getConstraintMask         
200100a9  UART2Support_disableTx          
200100b5  UART2Support_enableRx           
200100c1  UART2Support_enableTx           
200100cd  UART2_Params_init               
200100d9  uDMAErrorStatusGet              
200100e5  CPUprimask                      
200100ef  ClockP_isActive                 
200100f9  IntMasterDisable                
20010103  IntMasterEnable                 
2001012b  manageLED                       
20010135  HwiP_disable                    
2001013d  HwiP_restore                    
20010145  PRCMSleepEnter                  
2001014d  UtilsDelay                      
20010155  __aeabi_memclr                  
20010155  __aeabi_memclr4                 
20010155  __aeabi_memclr8                 
2001015d  malloc                          
2001016b  UART2Support_powerRelConstraint 
20010171  UART2Support_powerSetConstraint 
20010177  ClockP_doTick                   
2001017b  HwiP_clearInterrupt             
2001017f  HwiP_enable                     
20010183  HwiP_post                       
2001018b  NoRTOS_start                    
2001018f  RingBuf_getCount                
20010193  SemaphoreP_delete               
20010199  __aeabi_memcpy                  
20010199  __aeabi_memcpy4                 
20010199  __aeabi_memcpy8                 
2001019d  _system_pre_init                
200101a0  C$$EXIT                         
200101a1  abort                           
200101a4  __TI_static_base__              
20010270  __TI_Handler_Table_Base         
2001027c  __TI_Handler_Table_Limit        
20010284  __TI_CINIT_Base                 
20010294  __TI_CINIT_Limit                
20010294  __TI_CINIT_Warm                 
20010800  uart2CC32XXObjects0             
20010978  PowerCC32XX_contextSave         
20010aa4  gpioCallbackFunctions           
20010b28  gpioUserArgs                    
20010c00  ClockP_ctrl                     
20010c10  udmaCC3220SObject               
20010f2c  PowerCC32XX_module              
20011098  parkInfo                        
20011190  gpioPinConfigs                  
20011280  SemaphoreP_defaultParams        
20011294  ClockP_tickPeriod               
20011298  HwiP_swiPIntNum                 
2001129c  _lock                           
200112a0  _unlock                         
20011528  PowerCC32XX_config              
200115cc  UART2_defaultParams             
20011613  GPIO_pinUpperBound              
2001168a  UART2_count                     
2001168c  GPIO_config                     
2001169c  udmaCC3220SHWAttrs              
200116a8  UART2_config                    
200116b0  UDMACC32XX_config               
ffffffff  __TI_pprof_out_hndl             
ffffffff  __TI_prof_data_size             
ffffffff  __TI_prof_data_start            
ffffffff  __binit__                       
ffffffff  binit                           
UNDEFED   ITM_flush                       
UNDEFED   ITM_restore                     
UNDEFED   __mpu_init                      
UNDEFED   _system_post_cinit              

[280 symbols]
