<?xml version="1.0" encoding="ISO-8859-1" ?>
<link_info>
   <banner>TI ARM Clang Linker PC v3.2.2.LTS</banner>
   <copyright>Copyright (c) 1996-2018 Texas Instruments Incorporated</copyright>
   <link_time>0x66eeff11</link_time>
   <link_errors>0x0</link_errors>
   <output_file>C:\Users\Derek\workspace_v12\uart2echo_CC3220S_LAUNCHXL_nortos_ticlang\MCU+Image\uart2echo_CC3220S_LAUNCHXL_nortos_ticlang.out</output_file>
   <entry_point>
      <name>resetISR</name>
      <address>0x2000fc6d</address>
   </entry_point>
   <input_file_list>
      <input_file id="fl-1">
         <path>C:\Users\Derek\workspace_v12\uart2echo_CC3220S_LAUNCHXL_nortos_ticlang\MCU+Image\.\</path>
         <kind>object</kind>
         <file>main_nortos.o</file>
         <name>main_nortos.o</name>
      </input_file>
      <input_file id="fl-2">
         <path>C:\Users\Derek\workspace_v12\uart2echo_CC3220S_LAUNCHXL_nortos_ticlang\MCU+Image\.\</path>
         <kind>object</kind>
         <file>uart2echo.o</file>
         <name>uart2echo.o</name>
      </input_file>
      <input_file id="fl-3">
         <path>C:\Users\Derek\workspace_v12\uart2echo_CC3220S_LAUNCHXL_nortos_ticlang\MCU+Image\.\syscfg\</path>
         <kind>object</kind>
         <file>ti_drivers_config.o</file>
         <name>ti_drivers_config.o</name>
      </input_file>
      <input_file id="fl-13">
         <path>C:\Users\Derek\workspace_v12\uart2echo_CC3220S_LAUNCHXL_nortos_ticlang\MCU+Image\</path>
         <kind>object</kind>
         <file>&lt;internal&gt;</file>
         <name>&lt;internal&gt;</name>
      </input_file>
      <input_file id="fl-14">
         <path>C:\ti\simplelink_cc32xx_sdk_7_10_00_13\source\ti\drivers\lib\ticlang\m4\</path>
         <kind>archive</kind>
         <file>drivers_cc32xx.a</file>
         <name>GPIOCC32XX.c.obj</name>
      </input_file>
      <input_file id="fl-15">
         <path>C:\ti\simplelink_cc32xx_sdk_7_10_00_13\source\ti\drivers\lib\ticlang\m4\</path>
         <kind>archive</kind>
         <file>drivers_cc32xx.a</file>
         <name>PowerCC32XX.c.obj</name>
      </input_file>
      <input_file id="fl-16">
         <path>C:\ti\simplelink_cc32xx_sdk_7_10_00_13\source\ti\drivers\lib\ticlang\m4\</path>
         <kind>archive</kind>
         <file>drivers_cc32xx.a</file>
         <name>PowerCC32XX_ticlang.asm.obj</name>
      </input_file>
      <input_file id="fl-17">
         <path>C:\ti\simplelink_cc32xx_sdk_7_10_00_13\source\ti\drivers\lib\ticlang\m4\</path>
         <kind>archive</kind>
         <file>drivers_cc32xx.a</file>
         <name>UART2.c.obj</name>
      </input_file>
      <input_file id="fl-18">
         <path>C:\ti\simplelink_cc32xx_sdk_7_10_00_13\source\ti\drivers\lib\ticlang\m4\</path>
         <kind>archive</kind>
         <file>drivers_cc32xx.a</file>
         <name>UART2CC32XX.c.obj</name>
      </input_file>
      <input_file id="fl-19">
         <path>C:\ti\simplelink_cc32xx_sdk_7_10_00_13\source\ti\drivers\lib\ticlang\m4\</path>
         <kind>archive</kind>
         <file>drivers_cc32xx.a</file>
         <name>List.c.obj</name>
      </input_file>
      <input_file id="fl-1a">
         <path>C:\ti\simplelink_cc32xx_sdk_7_10_00_13\source\ti\drivers\lib\ticlang\m4\</path>
         <kind>archive</kind>
         <file>drivers_cc32xx.a</file>
         <name>RingBuf.c.obj</name>
      </input_file>
      <input_file id="fl-1b">
         <path>C:\ti\simplelink_cc32xx_sdk_7_10_00_13\source\ti\drivers\lib\ticlang\m4\</path>
         <kind>archive</kind>
         <file>drivers_cc32xx.a</file>
         <name>UDMACC32XX.c.obj</name>
      </input_file>
      <input_file id="fl-1c">
         <path>C:\ti\simplelink_cc32xx_sdk_7_10_00_13\kernel\nortos\lib\ticlang\m4\</path>
         <kind>archive</kind>
         <file>nortos_cc32xx.a</file>
         <name>NoRTOS.c.obj</name>
      </input_file>
      <input_file id="fl-1d">
         <path>C:\ti\simplelink_cc32xx_sdk_7_10_00_13\kernel\nortos\lib\ticlang\m4\</path>
         <kind>archive</kind>
         <file>nortos_cc32xx.a</file>
         <name>SemaphoreP_nortos.c.obj</name>
      </input_file>
      <input_file id="fl-1e">
         <path>C:\ti\simplelink_cc32xx_sdk_7_10_00_13\kernel\nortos\lib\ticlang\m4\</path>
         <kind>archive</kind>
         <file>nortos_cc32xx.a</file>
         <name>ClockPSysTick_nortos.c.obj</name>
      </input_file>
      <input_file id="fl-1f">
         <path>C:\ti\simplelink_cc32xx_sdk_7_10_00_13\kernel\nortos\lib\ticlang\m4\</path>
         <kind>archive</kind>
         <file>nortos_cc32xx.a</file>
         <name>HwiPCC32XX_nortos.c.obj</name>
      </input_file>
      <input_file id="fl-20">
         <path>C:\ti\simplelink_cc32xx_sdk_7_10_00_13\kernel\nortos\lib\ticlang\m4\</path>
         <kind>archive</kind>
         <file>nortos_cc32xx.a</file>
         <name>PowerCC32XX_nortos.c.obj</name>
      </input_file>
      <input_file id="fl-21">
         <path>C:\ti\simplelink_cc32xx_sdk_7_10_00_13\kernel\nortos\lib\ticlang\m4\</path>
         <kind>archive</kind>
         <file>nortos_cc32xx.a</file>
         <name>startup_cc32xx_ticlang.c.obj</name>
      </input_file>
      <input_file id="fl-22">
         <path>C:\ti\simplelink_cc32xx_sdk_7_10_00_13\kernel\nortos\lib\ticlang\m4\</path>
         <kind>archive</kind>
         <file>nortos_cc32xx.a</file>
         <name>SwiP_nortos.c.obj</name>
      </input_file>
      <input_file id="fl-23">
         <path>C:\ti\simplelink_cc32xx_sdk_7_10_00_13\source\ti\devices\cc32xx\driverlib\ticlang\Release\</path>
         <kind>archive</kind>
         <file>driverlib.a</file>
         <name>cpu.obj</name>
      </input_file>
      <input_file id="fl-24">
         <path>C:\ti\simplelink_cc32xx_sdk_7_10_00_13\source\ti\devices\cc32xx\driverlib\ticlang\Release\</path>
         <kind>archive</kind>
         <file>driverlib.a</file>
         <name>gpio.obj</name>
      </input_file>
      <input_file id="fl-25">
         <path>C:\ti\simplelink_cc32xx_sdk_7_10_00_13\source\ti\devices\cc32xx\driverlib\ticlang\Release\</path>
         <kind>archive</kind>
         <file>driverlib.a</file>
         <name>hwspinlock.obj</name>
      </input_file>
      <input_file id="fl-26">
         <path>C:\ti\simplelink_cc32xx_sdk_7_10_00_13\source\ti\devices\cc32xx\driverlib\ticlang\Release\</path>
         <kind>archive</kind>
         <file>driverlib.a</file>
         <name>interrupt.obj</name>
      </input_file>
      <input_file id="fl-27">
         <path>C:\ti\simplelink_cc32xx_sdk_7_10_00_13\source\ti\devices\cc32xx\driverlib\ticlang\Release\</path>
         <kind>archive</kind>
         <file>driverlib.a</file>
         <name>pin.obj</name>
      </input_file>
      <input_file id="fl-28">
         <path>C:\ti\simplelink_cc32xx_sdk_7_10_00_13\source\ti\devices\cc32xx\driverlib\ticlang\Release\</path>
         <kind>archive</kind>
         <file>driverlib.a</file>
         <name>prcm.obj</name>
      </input_file>
      <input_file id="fl-29">
         <path>C:\ti\simplelink_cc32xx_sdk_7_10_00_13\source\ti\devices\cc32xx\driverlib\ticlang\Release\</path>
         <kind>archive</kind>
         <file>driverlib.a</file>
         <name>spi.obj</name>
      </input_file>
      <input_file id="fl-2a">
         <path>C:\ti\simplelink_cc32xx_sdk_7_10_00_13\source\ti\devices\cc32xx\driverlib\ticlang\Release\</path>
         <kind>archive</kind>
         <file>driverlib.a</file>
         <name>systick.obj</name>
      </input_file>
      <input_file id="fl-2b">
         <path>C:\ti\simplelink_cc32xx_sdk_7_10_00_13\source\ti\devices\cc32xx\driverlib\ticlang\Release\</path>
         <kind>archive</kind>
         <file>driverlib.a</file>
         <name>uart.obj</name>
      </input_file>
      <input_file id="fl-2c">
         <path>C:\ti\simplelink_cc32xx_sdk_7_10_00_13\source\ti\devices\cc32xx\driverlib\ticlang\Release\</path>
         <kind>archive</kind>
         <file>driverlib.a</file>
         <name>udma.obj</name>
      </input_file>
      <input_file id="fl-2d">
         <path>C:\ti\simplelink_cc32xx_sdk_7_10_00_13\source\ti\devices\cc32xx\driverlib\ticlang\Release\</path>
         <kind>archive</kind>
         <file>driverlib.a</file>
         <name>utils.obj</name>
      </input_file>
      <input_file id="fl-2e">
         <path>C:\ti\simplelink_cc32xx_sdk_7_10_00_13\source\ti\devices\cc32xx\driverlib\ticlang\Release\</path>
         <kind>archive</kind>
         <file>driverlib.a</file>
         <name>flash.obj</name>
      </input_file>
      <input_file id="fl-3d">
         <path>C:\ti\ccs1280\ccs\tools\compiler\ti-cgt-armllvm_3.2.2.LTS\lib\armv7em-ti-none-eabi\c\</path>
         <kind>archive</kind>
         <file>libc.a</file>
         <name>memory.c.obj</name>
      </input_file>
      <input_file id="fl-3e">
         <path>C:\ti\ccs1280\ccs\tools\compiler\ti-cgt-armllvm_3.2.2.LTS\lib\armv7em-ti-none-eabi\c\</path>
         <kind>archive</kind>
         <file>libc.a</file>
         <name>boot_cortex_m.c.obj</name>
      </input_file>
      <input_file id="fl-3f">
         <path>C:\ti\ccs1280\ccs\tools\compiler\ti-cgt-armllvm_3.2.2.LTS\lib\armv7em-ti-none-eabi\c\</path>
         <kind>archive</kind>
         <file>libc.a</file>
         <name>mathacl_init.c.obj</name>
      </input_file>
      <input_file id="fl-40">
         <path>C:\ti\ccs1280\ccs\tools\compiler\ti-cgt-armllvm_3.2.2.LTS\lib\armv7em-ti-none-eabi\c\</path>
         <kind>archive</kind>
         <file>libc.a</file>
         <name>autoinit.c.obj</name>
      </input_file>
      <input_file id="fl-41">
         <path>C:\ti\ccs1280\ccs\tools\compiler\ti-cgt-armllvm_3.2.2.LTS\lib\armv7em-ti-none-eabi\c\</path>
         <kind>archive</kind>
         <file>libc.a</file>
         <name>pre_init.c.obj</name>
      </input_file>
      <input_file id="fl-42">
         <path>C:\ti\ccs1280\ccs\tools\compiler\ti-cgt-armllvm_3.2.2.LTS\lib\armv7em-ti-none-eabi\c\</path>
         <kind>archive</kind>
         <file>libc.a</file>
         <name>cpy_tbl.c.obj</name>
      </input_file>
      <input_file id="fl-43">
         <path>C:\ti\ccs1280\ccs\tools\compiler\ti-cgt-armllvm_3.2.2.LTS\lib\armv7em-ti-none-eabi\c\</path>
         <kind>archive</kind>
         <file>libc.a</file>
         <name>copy_zero_init.c.obj</name>
      </input_file>
      <input_file id="fl-44">
         <path>C:\ti\ccs1280\ccs\tools\compiler\ti-cgt-armllvm_3.2.2.LTS\lib\armv7em-ti-none-eabi\c\</path>
         <kind>archive</kind>
         <file>libc.a</file>
         <name>copy_decompress_none.c.obj</name>
      </input_file>
      <input_file id="fl-45">
         <path>C:\ti\ccs1280\ccs\tools\compiler\ti-cgt-armllvm_3.2.2.LTS\lib\armv7em-ti-none-eabi\c\</path>
         <kind>archive</kind>
         <file>libc.a</file>
         <name>copy_decompress_lzss.c.obj</name>
      </input_file>
      <input_file id="fl-46">
         <path>C:\ti\ccs1280\ccs\tools\compiler\ti-cgt-armllvm_3.2.2.LTS\lib\armv7em-ti-none-eabi\c\</path>
         <kind>archive</kind>
         <file>libc.a</file>
         <name>exit.c.obj</name>
      </input_file>
      <input_file id="fl-47">
         <path>C:\ti\ccs1280\ccs\tools\compiler\ti-cgt-armllvm_3.2.2.LTS\lib\armv7em-ti-none-eabi\c\</path>
         <kind>archive</kind>
         <file>libc.a</file>
         <name>_lock.c.obj</name>
      </input_file>
      <input_file id="fl-48">
         <path>C:\ti\ccs1280\ccs\tools\compiler\ti-cgt-armllvm_3.2.2.LTS\lib\armv7em-ti-none-eabi\c\</path>
         <kind>archive</kind>
         <file>libc.a</file>
         <name>args_main.c.obj</name>
      </input_file>
      <input_file id="fl-ae">
         <path>C:\ti\ccs1280\ccs\tools\compiler\ti-cgt-armllvm_3.2.2.LTS\lib\clang\15.0.7\lib\armv7em-ti-none-eabi\</path>
         <kind>archive</kind>
         <file>libclang_rt.builtins.a</file>
         <name>aeabi_memcpy.S.obj</name>
      </input_file>
      <input_file id="fl-af">
         <path>C:\ti\ccs1280\ccs\tools\compiler\ti-cgt-armllvm_3.2.2.LTS\lib\clang\15.0.7\lib\armv7em-ti-none-eabi\</path>
         <kind>archive</kind>
         <file>libclang_rt.builtins.a</file>
         <name>aeabi_memset.S.obj</name>
      </input_file>
      <input_file id="fl-b0">
         <path>C:\ti\ccs1280\ccs\tools\compiler\ti-cgt-armllvm_3.2.2.LTS\lib\clang\15.0.7\lib\armv7em-ti-none-eabi\</path>
         <kind>archive</kind>
         <file>libclang_rt.builtins.a</file>
         <name>aeabi_uldivmod.S.obj</name>
      </input_file>
      <input_file id="fl-b1">
         <path>C:\ti\ccs1280\ccs\tools\compiler\ti-cgt-armllvm_3.2.2.LTS\lib\clang\15.0.7\lib\armv7em-ti-none-eabi\</path>
         <kind>archive</kind>
         <file>libclang_rt.builtins.a</file>
         <name>udivmoddi4.S.obj</name>
      </input_file>
      <input_file id="fl-b2">
         <path>C:\ti\ccs1280\ccs\tools\compiler\ti-cgt-armllvm_3.2.2.LTS\lib\clang\15.0.7\lib\armv7em-ti-none-eabi\</path>
         <kind>archive</kind>
         <file>libclang_rt.builtins.a</file>
         <name>aeabi_div0.c.obj</name>
      </input_file>
      <input_file id="fl-b3">
         <path>C:\ti\ccs1280\ccs\tools\compiler\ti-cgt-armllvm_3.2.2.LTS\lib\armv7em-ti-none-eabi\c\</path>
         <kind>archive</kind>
         <file>libc.a</file>
         <name>memcpy_t2.S.obj</name>
      </input_file>
      <input_file id="fl-b4">
         <path>C:\ti\ccs1280\ccs\tools\compiler\ti-cgt-armllvm_3.2.2.LTS\lib\armv7em-ti-none-eabi\c\</path>
         <kind>archive</kind>
         <file>libc.a</file>
         <name>memset_t2.S.obj</name>
      </input_file>
   </input_file_list>
   <object_component_list>
      <object_component id="oc-d2">
         <name>.text.PRCMCC3200MCUInit</name>
         <load_address>0x2000c040</load_address>
         <readonly>true</readonly>
         <executable>true</executable>
         <run_address>0x2000c040</run_address>
         <size>0x4b8</size>
         <alignment>0x2</alignment>
         <input_file_ref idref="fl-28"/>
      </object_component>
      <object_component id="oc-20b">
         <name>.text.Power_sleep</name>
         <load_address>0x2000c4f8</load_address>
         <readonly>true</readonly>
         <executable>true</executable>
         <run_address>0x2000c4f8</run_address>
         <size>0x3e4</size>
         <alignment>0x4</alignment>
         <input_file_ref idref="fl-15"/>
      </object_component>
      <object_component id="oc-168">
         <name>.text.UART2CC32XX_hwiIntFxn</name>
         <load_address>0x2000c8dc</load_address>
         <readonly>true</readonly>
         <executable>true</executable>
         <run_address>0x2000c8dc</run_address>
         <size>0x222</size>
         <alignment>0x2</alignment>
         <input_file_ref idref="fl-18"/>
      </object_component>
      <object_component id="oc-16c">
         <name>.text.UART2_readTimeout</name>
         <load_address>0x2000cafe</load_address>
         <readonly>true</readonly>
         <executable>true</executable>
         <run_address>0x2000cafe</run_address>
         <size>0x1d2</size>
         <alignment>0x2</alignment>
         <input_file_ref idref="fl-17"/>
      </object_component>
      <object_component id="oc-f3">
         <name>.text.UART2_open</name>
         <load_address>0x2000ccd0</load_address>
         <readonly>true</readonly>
         <executable>true</executable>
         <run_address>0x2000ccd0</run_address>
         <size>0x1cc</size>
         <alignment>0x4</alignment>
         <input_file_ref idref="fl-18"/>
      </object_component>
      <object_component id="oc-1ee">
         <name>.text.UART2_writeTimeoutBlocking</name>
         <load_address>0x2000ce9c</load_address>
         <readonly>true</readonly>
         <executable>true</executable>
         <run_address>0x2000ce9c</run_address>
         <size>0x174</size>
         <alignment>0x2</alignment>
         <input_file_ref idref="fl-17"/>
      </object_component>
      <object_component id="oc-189">
         <name>.text.PowerCC32XX_sleepPolicy</name>
         <load_address>0x2000d010</load_address>
         <readonly>true</readonly>
         <executable>true</executable>
         <run_address>0x2000d010</run_address>
         <size>0x150</size>
         <alignment>0x4</alignment>
         <input_file_ref idref="fl-20"/>
      </object_component>
      <object_component id="oc-ed">
         <name>.text.GPIO_setConfig</name>
         <load_address>0x2000d160</load_address>
         <readonly>true</readonly>
         <executable>true</executable>
         <run_address>0x2000d160</run_address>
         <size>0x140</size>
         <alignment>0x4</alignment>
         <input_file_ref idref="fl-14"/>
      </object_component>
      <object_component id="oc-21a">
         <name>.text.aligned_alloc</name>
         <load_address>0x2000d2a0</load_address>
         <readonly>true</readonly>
         <executable>true</executable>
         <run_address>0x2000d2a0</run_address>
         <size>0x120</size>
         <alignment>0x4</alignment>
         <input_file_ref idref="fl-3d"/>
      </object_component>
      <object_component id="oc-1ed">
         <name>.text.UART2_writeTimeoutNonblocking</name>
         <load_address>0x2000d3c0</load_address>
         <readonly>true</readonly>
         <executable>true</executable>
         <run_address>0x2000d3c0</run_address>
         <size>0x11a</size>
         <alignment>0x2</alignment>
         <input_file_ref idref="fl-17"/>
      </object_component>
      <object_component id="oc-235">
         <name>.text.uDMAChannelTransferSet</name>
         <load_address>0x2000d4da</load_address>
         <readonly>true</readonly>
         <executable>true</executable>
         <run_address>0x2000d4da</run_address>
         <size>0x112</size>
         <alignment>0x2</alignment>
         <input_file_ref idref="fl-2c"/>
      </object_component>
      <object_component id="oc-190">
         <name>.text.free</name>
         <load_address>0x2000d5ec</load_address>
         <readonly>true</readonly>
         <executable>true</executable>
         <run_address>0x2000d5ec</run_address>
         <size>0xf0</size>
         <alignment>0x4</alignment>
         <input_file_ref idref="fl-3d"/>
      </object_component>
      <object_component id="oc-163">
         <name>.text.UART2_close</name>
         <load_address>0x2000d6dc</load_address>
         <readonly>true</readonly>
         <executable>true</executable>
         <run_address>0x2000d6dc</run_address>
         <size>0xe8</size>
         <alignment>0x4</alignment>
         <input_file_ref idref="fl-18"/>
      </object_component>
      <object_component id="oc-1e9">
         <name>.text.UART2Support_dmaStartRx</name>
         <load_address>0x2000d7c4</load_address>
         <readonly>true</readonly>
         <executable>true</executable>
         <run_address>0x2000d7c4</run_address>
         <size>0xcc</size>
         <alignment>0x4</alignment>
         <input_file_ref idref="fl-18"/>
      </object_component>
      <object_component id="oc-228">
         <name>.text.IntDisable</name>
         <load_address>0x2000d890</load_address>
         <readonly>true</readonly>
         <executable>true</executable>
         <run_address>0x2000d890</run_address>
         <size>0xc8</size>
         <alignment>0x2</alignment>
         <input_file_ref idref="fl-26"/>
      </object_component>
      <object_component id="oc-1d1">
         <name>.text.IntEnable</name>
         <load_address>0x2000d958</load_address>
         <readonly>true</readonly>
         <executable>true</executable>
         <run_address>0x2000d958</run_address>
         <size>0xc8</size>
         <alignment>0x2</alignment>
         <input_file_ref idref="fl-26"/>
      </object_component>
      <object_component id="oc-15f">
         <name>.text.UART2CC32XX_initHw</name>
         <load_address>0x2000da20</load_address>
         <readonly>true</readonly>
         <executable>true</executable>
         <run_address>0x2000da20</run_address>
         <size>0xc4</size>
         <alignment>0x4</alignment>
         <input_file_ref idref="fl-18"/>
      </object_component>
      <object_component id="oc-1ec">
         <name>.text.UART2Support_dmaStartTx</name>
         <load_address>0x2000dae4</load_address>
         <readonly>true</readonly>
         <executable>true</executable>
         <run_address>0x2000dae4</run_address>
         <size>0xb8</size>
         <alignment>0x4</alignment>
         <input_file_ref idref="fl-18"/>
      </object_component>
      <object_component id="oc-245">
         <name>.text</name>
         <load_address>0x2000db9c</load_address>
         <readonly>true</readonly>
         <executable>true</executable>
         <run_address>0x2000db9c</run_address>
         <size>0xb0</size>
         <alignment>0x4</alignment>
         <input_file_ref idref="fl-b1"/>
      </object_component>
      <object_component id="oc-1a9">
         <name>.text.GPIOIntTypeSet</name>
         <load_address>0x2000dc4c</load_address>
         <readonly>true</readonly>
         <executable>true</executable>
         <run_address>0x2000dc4c</run_address>
         <size>0xac</size>
         <alignment>0x2</alignment>
         <input_file_ref idref="fl-24"/>
      </object_component>
      <object_component id="oc-27a">
         <name>.text.IntPendSet</name>
         <load_address>0x2000dcf8</load_address>
         <readonly>true</readonly>
         <executable>true</executable>
         <run_address>0x2000dcf8</run_address>
         <size>0xa4</size>
         <alignment>0x2</alignment>
         <input_file_ref idref="fl-26"/>
      </object_component>
      <object_component id="oc-13b">
         <name>.text.PinConfigSet</name>
         <load_address>0x2000dd9c</load_address>
         <readonly>true</readonly>
         <executable>true</executable>
         <run_address>0x2000dd9c</run_address>
         <size>0xa2</size>
         <alignment>0x2</alignment>
         <input_file_ref idref="fl-27"/>
      </object_component>
      <object_component id="oc-e2">
         <name>.text.Board_initHook</name>
         <load_address>0x2000de3e</load_address>
         <readonly>true</readonly>
         <executable>true</executable>
         <run_address>0x2000de3e</run_address>
         <size>0x2</size>
         <alignment>0x2</alignment>
         <input_file_ref idref="fl-3"/>
      </object_component>
      <object_component id="oc-12d">
         <name>.text.SemaphoreP_pend</name>
         <load_address>0x2000de40</load_address>
         <readonly>true</readonly>
         <executable>true</executable>
         <run_address>0x2000de40</run_address>
         <size>0x98</size>
         <alignment>0x4</alignment>
         <input_file_ref idref="fl-1d"/>
      </object_component>
      <object_component id="oc-b0">
         <name>.text.mainThread</name>
         <load_address>0x2000ded8</load_address>
         <readonly>true</readonly>
         <executable>true</executable>
         <run_address>0x2000ded8</run_address>
         <size>0x98</size>
         <alignment>0x4</alignment>
         <input_file_ref idref="fl-2"/>
      </object_component>
      <object_component id="oc-251">
         <name>.text</name>
         <load_address>0x2000df70</load_address>
         <readonly>true</readonly>
         <executable>true</executable>
         <run_address>0x2000df70</run_address>
         <size>0x96</size>
         <alignment>0x10</alignment>
         <input_file_ref idref="fl-16"/>
      </object_component>
      <object_component id="oc-1ca">
         <name>.text.uDMAChannelAttributeDisable</name>
         <load_address>0x2000e006</load_address>
         <readonly>true</readonly>
         <executable>true</executable>
         <run_address>0x2000e006</run_address>
         <size>0x92</size>
         <alignment>0x2</alignment>
         <input_file_ref idref="fl-2c"/>
      </object_component>
      <object_component id="oc-dc">
         <name>.text.GPIO_init</name>
         <load_address>0x2000e098</load_address>
         <readonly>true</readonly>
         <executable>true</executable>
         <run_address>0x2000e098</run_address>
         <size>0x90</size>
         <alignment>0x4</alignment>
         <input_file_ref idref="fl-14"/>
      </object_component>
      <object_component id="oc-10c">
         <name>.text.PRCMSysResetCauseGet</name>
         <load_address>0x2000e128</load_address>
         <readonly>true</readonly>
         <executable>true</executable>
         <run_address>0x2000e128</run_address>
         <size>0x8e</size>
         <alignment>0x2</alignment>
         <input_file_ref idref="fl-28"/>
      </object_component>
      <object_component id="oc-184">
         <name>.text.PowerCC32XX_initPolicy</name>
         <load_address>0x2000e1b6</load_address>
         <readonly>true</readonly>
         <executable>true</executable>
         <run_address>0x2000e1b6</run_address>
         <size>0x2</size>
         <alignment>0x2</alignment>
         <input_file_ref idref="fl-20"/>
      </object_component>
      <object_component id="oc-11e">
         <name>.text.PowerCC32XX_configureWakeup</name>
         <load_address>0x2000e1b8</load_address>
         <readonly>true</readonly>
         <executable>true</executable>
         <run_address>0x2000e1b8</run_address>
         <size>0x88</size>
         <alignment>0x4</alignment>
         <input_file_ref idref="fl-15"/>
      </object_component>
      <object_component id="oc-d7">
         <name>.text.Power_init</name>
         <load_address>0x2000e240</load_address>
         <readonly>true</readonly>
         <executable>true</executable>
         <run_address>0x2000e240</run_address>
         <size>0x78</size>
         <alignment>0x4</alignment>
         <input_file_ref idref="fl-15"/>
      </object_component>
      <object_component id="oc-161">
         <name>.text.HwiP_construct</name>
         <load_address>0x2000e2b8</load_address>
         <readonly>true</readonly>
         <executable>true</executable>
         <run_address>0x2000e2b8</run_address>
         <size>0x74</size>
         <alignment>0x4</alignment>
         <input_file_ref idref="fl-1f"/>
      </object_component>
      <object_component id="oc-181">
         <name>.text.PRCMHibernateWakeUpGPIOSelect</name>
         <load_address>0x2000e32c</load_address>
         <readonly>true</readonly>
         <executable>true</executable>
         <run_address>0x2000e32c</run_address>
         <size>0x74</size>
         <alignment>0x2</alignment>
         <input_file_ref idref="fl-28"/>
      </object_component>
      <object_component id="oc-1bf">
         <name>.text.UARTConfigSetExpClk</name>
         <load_address>0x2000e3a0</load_address>
         <readonly>true</readonly>
         <executable>true</executable>
         <run_address>0x2000e3a0</run_address>
         <size>0x74</size>
         <alignment>0x2</alignment>
         <input_file_ref idref="fl-2b"/>
      </object_component>
      <object_component id="oc-18">
         <name>.text:decompress:lzss</name>
         <load_address>0x2000e414</load_address>
         <readonly>true</readonly>
         <executable>true</executable>
         <run_address>0x2000e414</run_address>
         <size>0x70</size>
         <alignment>0x2</alignment>
         <input_file_ref idref="fl-45"/>
      </object_component>
      <object_component id="oc-24f">
         <name>.text.PinLockLevelSet</name>
         <load_address>0x2000e484</load_address>
         <readonly>true</readonly>
         <executable>true</executable>
         <run_address>0x2000e484</run_address>
         <size>0x6c</size>
         <alignment>0x2</alignment>
         <input_file_ref idref="fl-27"/>
      </object_component>
      <object_component id="oc-13c">
         <name>.text.Power_setDependency</name>
         <load_address>0x2000e4f0</load_address>
         <readonly>true</readonly>
         <executable>true</executable>
         <run_address>0x2000e4f0</run_address>
         <size>0x6c</size>
         <alignment>0x4</alignment>
         <input_file_ref idref="fl-15"/>
      </object_component>
      <object_component id="oc-15d">
         <name>.text.UDMACC32XX_open</name>
         <load_address>0x2000e55c</load_address>
         <readonly>true</readonly>
         <executable>true</executable>
         <run_address>0x2000e55c</run_address>
         <size>0x6c</size>
         <alignment>0x4</alignment>
         <input_file_ref idref="fl-1b"/>
      </object_component>
      <object_component id="oc-134">
         <name>.text.powerNotifyFxn</name>
         <load_address>0x2000e5c8</load_address>
         <readonly>true</readonly>
         <executable>true</executable>
         <run_address>0x2000e5c8</run_address>
         <size>0x6c</size>
         <alignment>0x4</alignment>
         <input_file_ref idref="fl-14"/>
      </object_component>
      <object_component id="oc-25f">
         <name>.text.split</name>
         <load_address>0x2000e634</load_address>
         <readonly>true</readonly>
         <executable>true</executable>
         <run_address>0x2000e634</run_address>
         <size>0x6c</size>
         <alignment>0x4</alignment>
         <input_file_ref idref="fl-3d"/>
      </object_component>
      <object_component id="oc-114">
         <name>.text.PRCMPeripheralReset</name>
         <load_address>0x2000e6a0</load_address>
         <readonly>true</readonly>
         <executable>true</executable>
         <run_address>0x2000e6a0</run_address>
         <size>0x6a</size>
         <alignment>0x2</alignment>
         <input_file_ref idref="fl-28"/>
      </object_component>
      <object_component id="oc-1ce">
         <name>.text.IntPendClear</name>
         <load_address>0x2000e70a</load_address>
         <readonly>true</readonly>
         <executable>true</executable>
         <run_address>0x2000e70a</run_address>
         <size>0x68</size>
         <alignment>0x2</alignment>
         <input_file_ref idref="fl-26"/>
      </object_component>
      <object_component id="oc-1db">
         <name>.text.SemaphoreP_destruct</name>
         <load_address>0x2000e772</load_address>
         <readonly>true</readonly>
         <executable>true</executable>
         <run_address>0x2000e772</run_address>
         <size>0x2</size>
         <alignment>0x2</alignment>
         <input_file_ref idref="fl-1d"/>
      </object_component>
      <object_component id="oc-1f3">
         <name>.text.GPIO_write</name>
         <load_address>0x2000e774</load_address>
         <readonly>true</readonly>
         <executable>true</executable>
         <run_address>0x2000e774</run_address>
         <size>0x60</size>
         <alignment>0x4</alignment>
         <input_file_ref idref="fl-14"/>
      </object_component>
      <object_component id="oc-1eb">
         <name>.text.UART2Support_dmaStopTx</name>
         <load_address>0x2000e7d4</load_address>
         <readonly>true</readonly>
         <executable>true</executable>
         <run_address>0x2000e7d4</run_address>
         <size>0x60</size>
         <alignment>0x2</alignment>
         <input_file_ref idref="fl-18"/>
      </object_component>
      <object_component id="oc-275">
         <name>.text.FlashDisable</name>
         <load_address>0x2000e834</load_address>
         <readonly>true</readonly>
         <executable>true</executable>
         <run_address>0x2000e834</run_address>
         <size>0x5c</size>
         <alignment>0x2</alignment>
         <input_file_ref idref="fl-2e"/>
      </object_component>
      <object_component id="oc-183">
         <name>.text.PRCMHibernateWakeupSourceDisable</name>
         <load_address>0x2000e890</load_address>
         <readonly>true</readonly>
         <executable>true</executable>
         <run_address>0x2000e890</run_address>
         <size>0x5c</size>
         <alignment>0x2</alignment>
         <input_file_ref idref="fl-28"/>
      </object_component>
      <object_component id="oc-113">
         <name>.text.PRCMPeripheralClkEnable</name>
         <load_address>0x2000e8ec</load_address>
         <readonly>true</readonly>
         <executable>true</executable>
         <run_address>0x2000e8ec</run_address>
         <size>0x5a</size>
         <alignment>0x2</alignment>
         <input_file_ref idref="fl-28"/>
      </object_component>
      <object_component id="oc-166">
         <name>.text.UART2CC32XX_eventCallback</name>
         <load_address>0x2000e946</load_address>
         <readonly>true</readonly>
         <executable>true</executable>
         <run_address>0x2000e946</run_address>
         <size>0x2</size>
         <alignment>0x2</alignment>
         <input_file_ref idref="fl-18"/>
      </object_component>
      <object_component id="oc-225">
         <name>.text.ClockP_startup</name>
         <load_address>0x2000e948</load_address>
         <readonly>true</readonly>
         <executable>true</executable>
         <run_address>0x2000e948</run_address>
         <size>0x58</size>
         <alignment>0x4</alignment>
         <input_file_ref idref="fl-1e"/>
      </object_component>
      <object_component id="oc-1d0">
         <name>.text.IntPrioritySet</name>
         <load_address>0x2000e9a0</load_address>
         <readonly>true</readonly>
         <executable>true</executable>
         <run_address>0x2000e9a0</run_address>
         <size>0x58</size>
         <alignment>0x2</alignment>
         <input_file_ref idref="fl-26"/>
      </object_component>
      <object_component id="oc-25b">
         <name>.text.PRCMLPDSEnter</name>
         <load_address>0x2000e9f8</load_address>
         <readonly>true</readonly>
         <executable>true</executable>
         <run_address>0x2000e9f8</run_address>
         <size>0x56</size>
         <alignment>0x2</alignment>
         <input_file_ref idref="fl-28"/>
      </object_component>
      <object_component id="oc-269">
         <name>.text.__aeabi_ldiv0</name>
         <load_address>0x2000ea4e</load_address>
         <readonly>true</readonly>
         <executable>true</executable>
         <run_address>0x2000ea4e</run_address>
         <size>0x2</size>
         <alignment>0x2</alignment>
         <input_file_ref idref="fl-b2"/>
      </object_component>
      <object_component id="oc-1a3">
         <name>.text.PowerCC32XX_setParkState</name>
         <load_address>0x2000ea50</load_address>
         <readonly>true</readonly>
         <executable>true</executable>
         <run_address>0x2000ea50</run_address>
         <size>0x54</size>
         <alignment>0x4</alignment>
         <input_file_ref idref="fl-15"/>
      </object_component>
      <object_component id="oc-1de">
         <name>.text.Power_releaseDependency</name>
         <load_address>0x2000eaa4</load_address>
         <readonly>true</readonly>
         <executable>true</executable>
         <run_address>0x2000eaa4</run_address>
         <size>0x54</size>
         <alignment>0x4</alignment>
         <input_file_ref idref="fl-15"/>
      </object_component>
      <object_component id="oc-14a">
         <name>.text.GPIO_hwiIntFxn</name>
         <load_address>0x2000eaf8</load_address>
         <readonly>true</readonly>
         <executable>true</executable>
         <run_address>0x2000eaf8</run_address>
         <size>0x50</size>
         <alignment>0x4</alignment>
         <input_file_ref idref="fl-14"/>
      </object_component>
      <object_component id="oc-182">
         <name>.text.PRCMHibernateWakeupSourceEnable</name>
         <load_address>0x2000eb48</load_address>
         <readonly>true</readonly>
         <executable>true</executable>
         <run_address>0x2000eb48</run_address>
         <size>0x50</size>
         <alignment>0x2</alignment>
         <input_file_ref idref="fl-28"/>
      </object_component>
      <object_component id="oc-1d5">
         <name>.text.SemaphoreP_construct</name>
         <load_address>0x2000eb98</load_address>
         <readonly>true</readonly>
         <executable>true</executable>
         <run_address>0x2000eb98</run_address>
         <size>0x50</size>
         <alignment>0x4</alignment>
         <input_file_ref idref="fl-1d"/>
      </object_component>
      <object_component id="oc-1c9">
         <name>.text.uDMAChannelAssign</name>
         <load_address>0x2000ebe8</load_address>
         <readonly>true</readonly>
         <executable>true</executable>
         <run_address>0x2000ebe8</run_address>
         <size>0x4e</size>
         <alignment>0x2</alignment>
         <input_file_ref idref="fl-2c"/>
      </object_component>
      <object_component id="oc-16f">
         <name>.text._nop</name>
         <load_address>0x2000ec36</load_address>
         <readonly>true</readonly>
         <executable>true</executable>
         <run_address>0x2000ec36</run_address>
         <size>0x2</size>
         <alignment>0x2</alignment>
         <input_file_ref idref="fl-47"/>
      </object_component>
      <object_component id="oc-145">
         <name>.text.GPIO_setInterruptConfig</name>
         <load_address>0x2000ec38</load_address>
         <readonly>true</readonly>
         <executable>true</executable>
         <run_address>0x2000ec38</run_address>
         <size>0x4c</size>
         <alignment>0x4</alignment>
         <input_file_ref idref="fl-14"/>
      </object_component>
      <object_component id="oc-273">
         <name>.text.PRCMLPDSRestoreInfoSet</name>
         <load_address>0x2000ec84</load_address>
         <readonly>true</readonly>
         <executable>true</executable>
         <run_address>0x2000ec84</run_address>
         <size>0x4c</size>
         <alignment>0x2</alignment>
         <input_file_ref idref="fl-28"/>
      </object_component>
      <object_component id="oc-1e7">
         <name>.text.UART2Support_dmaStopRx</name>
         <load_address>0x2000ecd0</load_address>
         <readonly>true</readonly>
         <executable>true</executable>
         <run_address>0x2000ecd0</run_address>
         <size>0x4a</size>
         <alignment>0x2</alignment>
         <input_file_ref idref="fl-18"/>
      </object_component>
      <object_component id="oc-22f">
         <name>.text.uDMAChannelSizeGet</name>
         <load_address>0x2000ed1a</load_address>
         <readonly>true</readonly>
         <executable>true</executable>
         <run_address>0x2000ed1a</run_address>
         <size>0x4a</size>
         <alignment>0x2</alignment>
         <input_file_ref idref="fl-2c"/>
      </object_component>
      <object_component id="oc-58">
         <name>.text.ClockP_sysTickHandler</name>
         <load_address>0x2000ed64</load_address>
         <readonly>true</readonly>
         <executable>true</executable>
         <run_address>0x2000ed64</run_address>
         <size>0x48</size>
         <alignment>0x4</alignment>
         <input_file_ref idref="fl-1e"/>
      </object_component>
      <object_component id="oc-255">
         <name>.text.PRCMIntEnable</name>
         <load_address>0x2000edac</load_address>
         <readonly>true</readonly>
         <executable>true</executable>
         <run_address>0x2000edac</run_address>
         <size>0x48</size>
         <alignment>0x2</alignment>
         <input_file_ref idref="fl-28"/>
      </object_component>
      <object_component id="oc-1a5">
         <name>.text.PRCMPeripheralStatusGet</name>
         <load_address>0x2000edf4</load_address>
         <readonly>true</readonly>
         <executable>true</executable>
         <run_address>0x2000edf4</run_address>
         <size>0x48</size>
         <alignment>0x2</alignment>
         <input_file_ref idref="fl-28"/>
      </object_component>
      <object_component id="oc-270">
         <name>.text.PinConfigGet</name>
         <load_address>0x2000ee3c</load_address>
         <readonly>true</readonly>
         <executable>true</executable>
         <run_address>0x2000ee3c</run_address>
         <size>0x48</size>
         <alignment>0x2</alignment>
         <input_file_ref idref="fl-27"/>
      </object_component>
      <object_component id="oc-16d">
         <name>.text.UART2_readFull</name>
         <load_address>0x2000ee84</load_address>
         <readonly>true</readonly>
         <executable>true</executable>
         <run_address>0x2000ee84</run_address>
         <size>0x48</size>
         <alignment>0x2</alignment>
         <input_file_ref idref="fl-17"/>
      </object_component>
      <object_component id="oc-25a">
         <name>.text.PRCMLPDSEnterKeepDebugIf</name>
         <load_address>0x2000eecc</load_address>
         <readonly>true</readonly>
         <executable>true</executable>
         <run_address>0x2000eecc</run_address>
         <size>0x46</size>
         <alignment>0x2</alignment>
         <input_file_ref idref="fl-28"/>
      </object_component>
      <object_component id="oc-22d">
         <name>.text.RingBuf_put</name>
         <load_address>0x2000ef12</load_address>
         <readonly>true</readonly>
         <executable>true</executable>
         <run_address>0x2000ef12</run_address>
         <size>0x46</size>
         <alignment>0x2</alignment>
         <input_file_ref idref="fl-1a"/>
      </object_component>
      <object_component id="oc-13f">
         <name>.text.GPIODirModeSet</name>
         <load_address>0x2000ef58</load_address>
         <readonly>true</readonly>
         <executable>true</executable>
         <run_address>0x2000ef58</run_address>
         <size>0x44</size>
         <alignment>0x2</alignment>
         <input_file_ref idref="fl-24"/>
      </object_component>
      <object_component id="oc-1aa">
         <name>.text.GPIO_disableInt</name>
         <load_address>0x2000ef9c</load_address>
         <readonly>true</readonly>
         <executable>true</executable>
         <run_address>0x2000ef9c</run_address>
         <size>0x44</size>
         <alignment>0x4</alignment>
         <input_file_ref idref="fl-14"/>
      </object_component>
      <object_component id="oc-146">
         <name>.text.GPIO_enableInt</name>
         <load_address>0x2000efe0</load_address>
         <readonly>true</readonly>
         <executable>true</executable>
         <run_address>0x2000efe0</run_address>
         <size>0x44</size>
         <alignment>0x4</alignment>
         <input_file_ref idref="fl-14"/>
      </object_component>
      <object_component id="oc-1ea">
         <name>.text.Power_releaseConstraint</name>
         <load_address>0x2000f024</load_address>
         <readonly>true</readonly>
         <executable>true</executable>
         <run_address>0x2000f024</run_address>
         <size>0x44</size>
         <alignment>0x4</alignment>
         <input_file_ref idref="fl-15"/>
      </object_component>
      <object_component id="oc-7d">
         <name>.text.addToList</name>
         <load_address>0x2000f068</load_address>
         <readonly>true</readonly>
         <executable>true</executable>
         <run_address>0x2000f068</run_address>
         <size>0x44</size>
         <alignment>0x4</alignment>
         <input_file_ref idref="fl-1e"/>
      </object_component>
      <object_component id="oc-11b">
         <name>.text.PinModeSet</name>
         <load_address>0x2000f0ac</load_address>
         <readonly>true</readonly>
         <executable>true</executable>
         <run_address>0x2000f0ac</run_address>
         <size>0x42</size>
         <alignment>0x2</alignment>
         <input_file_ref idref="fl-27"/>
      </object_component>
      <object_component id="oc-200">
         <name>.text.getCountsRTC</name>
         <load_address>0x2000f0ee</load_address>
         <readonly>true</readonly>
         <executable>true</executable>
         <run_address>0x2000f0ee</run_address>
         <size>0x42</size>
         <alignment>0x2</alignment>
         <input_file_ref idref="fl-20"/>
      </object_component>
      <object_component id="oc-fc">
         <name>.text.manageState</name>
         <load_address>0x2000f130</load_address>
         <readonly>true</readonly>
         <executable>true</executable>
         <run_address>0x2000f130</run_address>
         <size>0x42</size>
         <alignment>0x2</alignment>
         <input_file_ref idref="fl-2"/>
      </object_component>
      <object_component id="oc-57">
         <name>.text.busFaultHandler</name>
         <load_address>0x2000f172</load_address>
         <readonly>true</readonly>
         <executable>true</executable>
         <run_address>0x2000f172</run_address>
         <size>0x2</size>
         <alignment>0x2</alignment>
         <input_file_ref idref="fl-21"/>
      </object_component>
      <object_component id="oc-12f">
         <name>.text.SemaphoreP_post</name>
         <load_address>0x2000f174</load_address>
         <readonly>true</readonly>
         <executable>true</executable>
         <run_address>0x2000f174</run_address>
         <size>0x40</size>
         <alignment>0x4</alignment>
         <input_file_ref idref="fl-1d"/>
      </object_component>
      <object_component id="oc-234">
         <name>.text.uDMAChannelControlSet</name>
         <load_address>0x2000f1b4</load_address>
         <readonly>true</readonly>
         <executable>true</executable>
         <run_address>0x2000f1b4</run_address>
         <size>0x40</size>
         <alignment>0x2</alignment>
         <input_file_ref idref="fl-2c"/>
      </object_component>
      <object_component id="oc-272">
         <name>.text.PinDirModeSet</name>
         <load_address>0x2000f1f4</load_address>
         <readonly>true</readonly>
         <executable>true</executable>
         <run_address>0x2000f1f4</run_address>
         <size>0x3e</size>
         <alignment>0x2</alignment>
         <input_file_ref idref="fl-27"/>
      </object_component>
      <object_component id="oc-197">
         <name>.text.clkFxn</name>
         <load_address>0x2000f232</load_address>
         <readonly>true</readonly>
         <executable>true</executable>
         <run_address>0x2000f232</run_address>
         <size>0x2</size>
         <alignment>0x2</alignment>
         <input_file_ref idref="fl-1d"/>
      </object_component>
      <object_component id="oc-217">
         <name>.text.ClockP_stop</name>
         <load_address>0x2000f234</load_address>
         <readonly>true</readonly>
         <executable>true</executable>
         <run_address>0x2000f234</run_address>
         <size>0x3c</size>
         <alignment>0x4</alignment>
         <input_file_ref idref="fl-1e"/>
      </object_component>
      <object_component id="oc-158">
         <name>.text.UDMACC32XX_init</name>
         <load_address>0x2000f270</load_address>
         <readonly>true</readonly>
         <executable>true</executable>
         <run_address>0x2000f270</run_address>
         <size>0x3c</size>
         <alignment>0x4</alignment>
         <input_file_ref idref="fl-1b"/>
      </object_component>
      <object_component id="oc-196">
         <name>.text.ClockP_destruct</name>
         <load_address>0x2000f2ac</load_address>
         <readonly>true</readonly>
         <executable>true</executable>
         <run_address>0x2000f2ac</run_address>
         <size>0x38</size>
         <alignment>0x4</alignment>
         <input_file_ref idref="fl-1e"/>
      </object_component>
      <object_component id="oc-238">
         <name>.text.Power_setConstraint</name>
         <load_address>0x2000f2e4</load_address>
         <readonly>true</readonly>
         <executable>true</executable>
         <run_address>0x2000f2e4</run_address>
         <size>0x38</size>
         <alignment>0x4</alignment>
         <input_file_ref idref="fl-15"/>
      </object_component>
      <object_component id="oc-231">
         <name>.text.RingBuf_putAdvance</name>
         <load_address>0x2000f31c</load_address>
         <readonly>true</readonly>
         <executable>true</executable>
         <run_address>0x2000f31c</run_address>
         <size>0x38</size>
         <alignment>0x2</alignment>
         <input_file_ref idref="fl-1a"/>
      </object_component>
      <object_component id="oc-211">
         <name>.text.SwiP_restore</name>
         <load_address>0x2000f354</load_address>
         <readonly>true</readonly>
         <executable>true</executable>
         <run_address>0x2000f354</run_address>
         <size>0x38</size>
         <alignment>0x4</alignment>
         <input_file_ref idref="fl-22"/>
      </object_component>
      <object_component id="oc-1f0">
         <name>.text.UART2_rxEnable</name>
         <load_address>0x2000f38c</load_address>
         <readonly>true</readonly>
         <executable>true</executable>
         <run_address>0x2000f38c</run_address>
         <size>0x38</size>
         <alignment>0x2</alignment>
         <input_file_ref idref="fl-17"/>
      </object_component>
      <object_component id="oc-1dc">
         <name>.text.UDMACC32XX_close</name>
         <load_address>0x2000f3c4</load_address>
         <readonly>true</readonly>
         <executable>true</executable>
         <run_address>0x2000f3c4</run_address>
         <size>0x38</size>
         <alignment>0x4</alignment>
         <input_file_ref idref="fl-1b"/>
      </object_component>
      <object_component id="oc-bf">
         <name>.text:__TI_auto_init_nobinit_nopinit</name>
         <load_address>0x2000f3fc</load_address>
         <readonly>true</readonly>
         <executable>true</executable>
         <run_address>0x2000f3fc</run_address>
         <size>0x38</size>
         <alignment>0x4</alignment>
         <input_file_ref idref="fl-40"/>
      </object_component>
      <object_component id="oc-250">
         <name>.text.PinLock</name>
         <load_address>0x2000f434</load_address>
         <readonly>true</readonly>
         <executable>true</executable>
         <run_address>0x2000f434</run_address>
         <size>0x36</size>
         <alignment>0x2</alignment>
         <input_file_ref idref="fl-27"/>
      </object_component>
      <object_component id="oc-267">
         <name>.text.UARTCharPutNonBlocking</name>
         <load_address>0x2000f46a</load_address>
         <readonly>true</readonly>
         <executable>true</executable>
         <run_address>0x2000f46a</run_address>
         <size>0x36</size>
         <alignment>0x2</alignment>
         <input_file_ref idref="fl-2b"/>
      </object_component>
      <object_component id="oc-193">
         <name>.text.ClockP_start</name>
         <load_address>0x2000f4a0</load_address>
         <readonly>true</readonly>
         <executable>true</executable>
         <run_address>0x2000f4a0</run_address>
         <size>0x34</size>
         <alignment>0x4</alignment>
         <input_file_ref idref="fl-1e"/>
      </object_component>
      <object_component id="oc-271">
         <name>.text.PinDirModeGet</name>
         <load_address>0x2000f4d4</load_address>
         <readonly>true</readonly>
         <executable>true</executable>
         <run_address>0x2000f4d4</run_address>
         <size>0x34</size>
         <alignment>0x2</alignment>
         <input_file_ref idref="fl-27"/>
      </object_component>
      <object_component id="oc-116">
         <name>.text.PinModeGet</name>
         <load_address>0x2000f508</load_address>
         <readonly>true</readonly>
         <executable>true</executable>
         <run_address>0x2000f508</run_address>
         <size>0x34</size>
         <alignment>0x2</alignment>
         <input_file_ref idref="fl-27"/>
      </object_component>
      <object_component id="oc-24e">
         <name>.text.PowerCC32XX_parkPin</name>
         <load_address>0x2000f53c</load_address>
         <readonly>true</readonly>
         <executable>true</executable>
         <run_address>0x2000f53c</run_address>
         <size>0x34</size>
         <alignment>0x2</alignment>
         <input_file_ref idref="fl-15"/>
      </object_component>
      <object_component id="oc-1d8">
         <name>.text.UART2_rxDisable</name>
         <load_address>0x2000f570</load_address>
         <readonly>true</readonly>
         <executable>true</executable>
         <run_address>0x2000f570</run_address>
         <size>0x34</size>
         <alignment>0x2</alignment>
         <input_file_ref idref="fl-17"/>
      </object_component>
      <object_component id="oc-4f">
         <name>.text.initVectors</name>
         <load_address>0x2000f5a4</load_address>
         <readonly>true</readonly>
         <executable>true</executable>
         <run_address>0x2000f5a4</run_address>
         <size>0x34</size>
         <alignment>0x4</alignment>
         <input_file_ref idref="fl-21"/>
      </object_component>
      <object_component id="oc-23e">
         <name>.text.UART2Support_enableInts</name>
         <load_address>0x2000f5d8</load_address>
         <readonly>true</readonly>
         <executable>true</executable>
         <run_address>0x2000f5d8</run_address>
         <size>0x32</size>
         <alignment>0x2</alignment>
         <input_file_ref idref="fl-18"/>
      </object_component>
      <object_component id="oc-56">
         <name>.text.defaultHandler</name>
         <load_address>0x2000f60a</load_address>
         <readonly>true</readonly>
         <executable>true</executable>
         <run_address>0x2000f60a</run_address>
         <size>0x2</size>
         <alignment>0x2</alignment>
         <input_file_ref idref="fl-21"/>
      </object_component>
      <object_component id="oc-1fd">
         <name>.text.ClockP_getTicksUntilInterrupt</name>
         <load_address>0x2000f60c</load_address>
         <readonly>true</readonly>
         <executable>true</executable>
         <run_address>0x2000f60c</run_address>
         <size>0x30</size>
         <alignment>0x4</alignment>
         <input_file_ref idref="fl-1e"/>
      </object_component>
      <object_component id="oc-20a">
         <name>.text.PRCMLPDSIntervalSet</name>
         <load_address>0x2000f63c</load_address>
         <readonly>true</readonly>
         <executable>true</executable>
         <run_address>0x2000f63c</run_address>
         <size>0x30</size>
         <alignment>0x2</alignment>
         <input_file_ref idref="fl-28"/>
      </object_component>
      <object_component id="oc-244">
         <name>.text.PRCMSlowClkCtrFastGet</name>
         <load_address>0x2000f66c</load_address>
         <readonly>true</readonly>
         <executable>true</executable>
         <run_address>0x2000f66c</run_address>
         <size>0x30</size>
         <alignment>0x2</alignment>
         <input_file_ref idref="fl-28"/>
      </object_component>
      <object_component id="oc-24c">
         <name>.text.notify</name>
         <load_address>0x2000f69c</load_address>
         <readonly>true</readonly>
         <executable>true</executable>
         <run_address>0x2000f69c</run_address>
         <size>0x30</size>
         <alignment>0x4</alignment>
         <input_file_ref idref="fl-15"/>
      </object_component>
      <object_component id="oc-1ad">
         <name>.text.GPIOIntStatus</name>
         <load_address>0x2000f6cc</load_address>
         <readonly>true</readonly>
         <executable>true</executable>
         <run_address>0x2000f6cc</run_address>
         <size>0x2e</size>
         <alignment>0x2</alignment>
         <input_file_ref idref="fl-24"/>
      </object_component>
      <object_component id="oc-1f2">
         <name>.text.RingBuf_getConsume</name>
         <load_address>0x2000f6fa</load_address>
         <readonly>true</readonly>
         <executable>true</executable>
         <run_address>0x2000f6fa</run_address>
         <size>0x2e</size>
         <alignment>0x2</alignment>
         <input_file_ref idref="fl-1a"/>
      </object_component>
      <object_component id="oc-233">
         <name>.text.RingBuf_putPointer</name>
         <load_address>0x2000f728</load_address>
         <readonly>true</readonly>
         <executable>true</executable>
         <run_address>0x2000f728</run_address>
         <size>0x2e</size>
         <alignment>0x2</alignment>
         <input_file_ref idref="fl-1a"/>
      </object_component>
      <object_component id="oc-1d9">
         <name>.text.UARTDisable</name>
         <load_address>0x2000f756</load_address>
         <readonly>true</readonly>
         <executable>true</executable>
         <run_address>0x2000f756</run_address>
         <size>0x2e</size>
         <alignment>0x2</alignment>
         <input_file_ref idref="fl-2b"/>
      </object_component>
      <object_component id="oc-1e4">
         <name>.text.UART2CC32XX_getRxData</name>
         <load_address>0x2000f784</load_address>
         <readonly>true</readonly>
         <executable>true</executable>
         <run_address>0x2000f784</run_address>
         <size>0x2c</size>
         <alignment>0x2</alignment>
         <input_file_ref idref="fl-18"/>
      </object_component>
      <object_component id="oc-13e">
         <name>.text.HwiP_create</name>
         <load_address>0x2000f7b0</load_address>
         <readonly>true</readonly>
         <executable>true</executable>
         <run_address>0x2000f7b0</run_address>
         <size>0x2a</size>
         <alignment>0x2</alignment>
         <input_file_ref idref="fl-1f"/>
      </object_component>
      <object_component id="oc-180">
         <name>.text.PRCMLPDSWakeUpGPIOSelect</name>
         <load_address>0x2000f7da</load_address>
         <readonly>true</readonly>
         <executable>true</executable>
         <run_address>0x2000f7da</run_address>
         <size>0x2a</size>
         <alignment>0x2</alignment>
         <input_file_ref idref="fl-28"/>
      </object_component>
      <object_component id="oc-115">
         <name>.text.PRCMPeripheralClkDisable</name>
         <load_address>0x2000f804</load_address>
         <readonly>true</readonly>
         <executable>true</executable>
         <run_address>0x2000f804</run_address>
         <size>0x2a</size>
         <alignment>0x2</alignment>
         <input_file_ref idref="fl-28"/>
      </object_component>
      <object_component id="oc-1e3">
         <name>.text.UARTIntStatus</name>
         <load_address>0x2000f82e</load_address>
         <readonly>true</readonly>
         <executable>true</executable>
         <run_address>0x2000f82e</run_address>
         <size>0x2a</size>
         <alignment>0x2</alignment>
         <input_file_ref idref="fl-2b"/>
      </object_component>
      <object_component id="oc-22a">
         <name>.text.List_remove</name>
         <load_address>0x2000f858</load_address>
         <readonly>true</readonly>
         <executable>true</executable>
         <run_address>0x2000f858</run_address>
         <size>0x28</size>
         <alignment>0x2</alignment>
         <input_file_ref idref="fl-19"/>
      </object_component>
      <object_component id="oc-24d">
         <name>.text.PRCMSRAMRetentionEnable</name>
         <load_address>0x2000f880</load_address>
         <readonly>true</readonly>
         <executable>true</executable>
         <run_address>0x2000f880</run_address>
         <size>0x28</size>
         <alignment>0x2</alignment>
         <input_file_ref idref="fl-28"/>
      </object_component>
      <object_component id="oc-156">
         <name>.text.PowerCC32XX_getParkState</name>
         <load_address>0x2000f8a8</load_address>
         <readonly>true</readonly>
         <executable>true</executable>
         <run_address>0x2000f8a8</run_address>
         <size>0x28</size>
         <alignment>0x4</alignment>
         <input_file_ref idref="fl-15"/>
      </object_component>
      <object_component id="oc-216">
         <name>.text.free_list_insert</name>
         <load_address>0x2000f8d0</load_address>
         <readonly>true</readonly>
         <executable>true</executable>
         <run_address>0x2000f8d0</run_address>
         <size>0x28</size>
         <alignment>0x4</alignment>
         <input_file_ref idref="fl-3d"/>
      </object_component>
      <object_component id="oc-229">
         <name>.text.IntUnregister</name>
         <load_address>0x2000f8f8</load_address>
         <readonly>true</readonly>
         <executable>true</executable>
         <run_address>0x2000f8f8</run_address>
         <size>0x24</size>
         <alignment>0x2</alignment>
         <input_file_ref idref="fl-26"/>
      </object_component>
      <object_component id="oc-198">
         <name>.text.List_put</name>
         <load_address>0x2000f91c</load_address>
         <readonly>true</readonly>
         <executable>true</executable>
         <run_address>0x2000f91c</run_address>
         <size>0x24</size>
         <alignment>0x2</alignment>
         <input_file_ref idref="fl-19"/>
      </object_component>
      <object_component id="oc-17e">
         <name>.text.PRCMLPDSWakeupSourceEnable</name>
         <load_address>0x2000f940</load_address>
         <readonly>true</readonly>
         <executable>true</executable>
         <run_address>0x2000f940</run_address>
         <size>0x24</size>
         <alignment>0x2</alignment>
         <input_file_ref idref="fl-28"/>
      </object_component>
      <object_component id="oc-1df">
         <name>.text.PowerCC32XX_restoreParkState</name>
         <load_address>0x2000f964</load_address>
         <readonly>true</readonly>
         <executable>true</executable>
         <run_address>0x2000f964</run_address>
         <size>0x24</size>
         <alignment>0x4</alignment>
         <input_file_ref idref="fl-15"/>
      </object_component>
      <object_component id="oc-257">
         <name>.text.PowerCC32XX_restoreParkedPin</name>
         <load_address>0x2000f988</load_address>
         <readonly>true</readonly>
         <executable>true</executable>
         <run_address>0x2000f988</run_address>
         <size>0x24</size>
         <alignment>0x2</alignment>
         <input_file_ref idref="fl-15"/>
      </object_component>
      <object_component id="oc-12e">
         <name>.text.Power_registerNotify</name>
         <load_address>0x2000f9ac</load_address>
         <readonly>true</readonly>
         <executable>true</executable>
         <run_address>0x2000f9ac</run_address>
         <size>0x24</size>
         <alignment>0x4</alignment>
         <input_file_ref idref="fl-15"/>
      </object_component>
      <object_component id="oc-226">
         <name>.text.UART2Support_disableRx</name>
         <load_address>0x2000f9d0</load_address>
         <readonly>true</readonly>
         <executable>true</executable>
         <run_address>0x2000f9d0</run_address>
         <size>0x24</size>
         <alignment>0x2</alignment>
         <input_file_ref idref="fl-18"/>
      </object_component>
      <object_component id="oc-76">
         <name>.text:_c_int00_noargs</name>
         <load_address>0x2000f9f4</load_address>
         <readonly>true</readonly>
         <executable>true</executable>
         <run_address>0x2000f9f4</run_address>
         <size>0x24</size>
         <alignment>0x4</alignment>
         <input_file_ref idref="fl-3e"/>
      </object_component>
      <object_component id="oc-144">
         <name>.text.GPIOPinWrite</name>
         <load_address>0x2000fa18</load_address>
         <readonly>true</readonly>
         <executable>true</executable>
         <run_address>0x2000fa18</run_address>
         <size>0x22</size>
         <alignment>0x2</alignment>
         <input_file_ref idref="fl-24"/>
      </object_component>
      <object_component id="oc-256">
         <name>.text.PinUnlock</name>
         <load_address>0x2000fa3a</load_address>
         <readonly>true</readonly>
         <executable>true</executable>
         <run_address>0x2000fa3a</run_address>
         <size>0x22</size>
         <alignment>0x2</alignment>
         <input_file_ref idref="fl-27"/>
      </object_component>
      <object_component id="oc-1f1">
         <name>.text.RingBuf_getPointer</name>
         <load_address>0x2000fa5c</load_address>
         <readonly>true</readonly>
         <executable>true</executable>
         <run_address>0x2000fa5c</run_address>
         <size>0x22</size>
         <alignment>0x2</alignment>
         <input_file_ref idref="fl-1a"/>
      </object_component>
      <object_component id="oc-23b">
         <name>.text.UART2Support_sendData</name>
         <load_address>0x2000fa7e</load_address>
         <readonly>true</readonly>
         <executable>true</executable>
         <run_address>0x2000fa7e</run_address>
         <size>0x22</size>
         <alignment>0x2</alignment>
         <input_file_ref idref="fl-18"/>
      </object_component>
      <object_component id="oc-fb">
         <name>.text.UART2_read</name>
         <load_address>0x2000faa0</load_address>
         <readonly>true</readonly>
         <executable>true</executable>
         <run_address>0x2000faa0</run_address>
         <size>0x22</size>
         <alignment>0x2</alignment>
         <input_file_ref idref="fl-17"/>
      </object_component>
      <object_component id="oc-1cf">
         <name>.text.IntRegister</name>
         <load_address>0x2000fac2</load_address>
         <readonly>true</readonly>
         <executable>true</executable>
         <run_address>0x2000fac2</run_address>
         <size>0x20</size>
         <alignment>0x2</alignment>
         <input_file_ref idref="fl-26"/>
      </object_component>
      <object_component id="oc-55">
         <name>.text.faultISR</name>
         <load_address>0x2000fae2</load_address>
         <readonly>true</readonly>
         <executable>true</executable>
         <run_address>0x2000fae2</run_address>
         <size>0x2</size>
         <alignment>0x2</alignment>
         <input_file_ref idref="fl-21"/>
      </object_component>
      <object_component id="oc-14e">
         <name>.text.PowerCC32XX_reset</name>
         <load_address>0x2000fae4</load_address>
         <readonly>true</readonly>
         <executable>true</executable>
         <run_address>0x2000fae4</run_address>
         <size>0x20</size>
         <alignment>0x4</alignment>
         <input_file_ref idref="fl-15"/>
      </object_component>
      <object_component id="oc-1dd">
         <name>.text.Power_unregisterNotify</name>
         <load_address>0x2000fb04</load_address>
         <readonly>true</readonly>
         <executable>true</executable>
         <run_address>0x2000fb04</run_address>
         <size>0x20</size>
         <alignment>0x4</alignment>
         <input_file_ref idref="fl-15"/>
      </object_component>
      <object_component id="oc-162">
         <name>.text.SemaphoreP_constructBinary</name>
         <load_address>0x2000fb24</load_address>
         <readonly>true</readonly>
         <executable>true</executable>
         <run_address>0x2000fb24</run_address>
         <size>0x20</size>
         <alignment>0x4</alignment>
         <input_file_ref idref="fl-1d"/>
      </object_component>
      <object_component id="oc-124">
         <name>.text.SemaphoreP_createBinary</name>
         <load_address>0x2000fb44</load_address>
         <readonly>true</readonly>
         <executable>true</executable>
         <run_address>0x2000fb44</run_address>
         <size>0x20</size>
         <alignment>0x4</alignment>
         <input_file_ref idref="fl-1d"/>
      </object_component>
      <object_component id="oc-1b1">
         <name>.text.PinTypeUART</name>
         <load_address>0x2000fb64</load_address>
         <readonly>true</readonly>
         <executable>true</executable>
         <run_address>0x2000fb64</run_address>
         <size>0x1e</size>
         <alignment>0x2</alignment>
         <input_file_ref idref="fl-27"/>
      </object_component>
      <object_component id="oc-16b">
         <name>.text.UART2_writeTimeout</name>
         <load_address>0x2000fb82</load_address>
         <readonly>true</readonly>
         <executable>true</executable>
         <run_address>0x2000fb82</run_address>
         <size>0x1e</size>
         <alignment>0x2</alignment>
         <input_file_ref idref="fl-17"/>
      </object_component>
      <object_component id="oc-1c5">
         <name>.text.UARTEnable</name>
         <load_address>0x2000fba0</load_address>
         <readonly>true</readonly>
         <executable>true</executable>
         <run_address>0x2000fba0</run_address>
         <size>0x1e</size>
         <alignment>0x2</alignment>
         <input_file_ref idref="fl-2b"/>
      </object_component>
      <object_component id="oc-22e">
         <name>.text.uDMAChannelDisable</name>
         <load_address>0x2000fbbe</load_address>
         <readonly>true</readonly>
         <executable>true</executable>
         <run_address>0x2000fbbe</run_address>
         <size>0x1e</size>
         <alignment>0x2</alignment>
         <input_file_ref idref="fl-2c"/>
      </object_component>
      <object_component id="oc-236">
         <name>.text.uDMAChannelEnable</name>
         <load_address>0x2000fbdc</load_address>
         <readonly>true</readonly>
         <executable>true</executable>
         <run_address>0x2000fbdc</run_address>
         <size>0x1e</size>
         <alignment>0x2</alignment>
         <input_file_ref idref="fl-2c"/>
      </object_component>
      <object_component id="oc-1e6">
         <name>.text.uDMAChannelIsEnabled</name>
         <load_address>0x2000fbfa</load_address>
         <readonly>true</readonly>
         <executable>true</executable>
         <run_address>0x2000fbfa</run_address>
         <size>0x1e</size>
         <alignment>0x2</alignment>
         <input_file_ref idref="fl-2c"/>
      </object_component>
      <object_component id="oc-1d4">
         <name>.text.HwiP_dispatch</name>
         <load_address>0x2000fc18</load_address>
         <readonly>true</readonly>
         <executable>true</executable>
         <run_address>0x2000fc18</run_address>
         <size>0x1c</size>
         <alignment>0x4</alignment>
         <input_file_ref idref="fl-1f"/>
      </object_component>
      <object_component id="oc-1f6">
         <name>.text.SwiP_disable</name>
         <load_address>0x2000fc34</load_address>
         <readonly>true</readonly>
         <executable>true</executable>
         <run_address>0x2000fc34</run_address>
         <size>0x1c</size>
         <alignment>0x4</alignment>
         <input_file_ref idref="fl-22"/>
      </object_component>
      <object_component id="oc-215">
         <name>.text.free_list_remove</name>
         <load_address>0x2000fc50</load_address>
         <readonly>true</readonly>
         <executable>true</executable>
         <run_address>0x2000fc50</run_address>
         <size>0x1c</size>
         <alignment>0x4</alignment>
         <input_file_ref idref="fl-3d"/>
      </object_component>
      <object_component id="oc-21">
         <name>.text.resetISR</name>
         <load_address>0x2000fc6c</load_address>
         <readonly>true</readonly>
         <executable>true</executable>
         <run_address>0x2000fc6c</run_address>
         <size>0x1c</size>
         <alignment>0x2</alignment>
         <input_file_ref idref="fl-21"/>
      </object_component>
      <object_component id="oc-21b">
         <name>.text.GPIOIntDisable</name>
         <load_address>0x2000fc88</load_address>
         <readonly>true</readonly>
         <executable>true</executable>
         <run_address>0x2000fc88</run_address>
         <size>0x1a</size>
         <alignment>0x2</alignment>
         <input_file_ref idref="fl-24"/>
      </object_component>
      <object_component id="oc-112">
         <name>.text.PRCMHIBRegRead</name>
         <load_address>0x2000fca2</load_address>
         <readonly>true</readonly>
         <executable>true</executable>
         <run_address>0x2000fca2</run_address>
         <size>0x1a</size>
         <alignment>0x2</alignment>
         <input_file_ref idref="fl-28"/>
      </object_component>
      <object_component id="oc-111">
         <name>.text.PRCMHIBRegWrite</name>
         <load_address>0x2000fcbc</load_address>
         <readonly>true</readonly>
         <executable>true</executable>
         <run_address>0x2000fcbc</run_address>
         <size>0x1a</size>
         <alignment>0x2</alignment>
         <input_file_ref idref="fl-28"/>
      </object_component>
      <object_component id="oc-17f">
         <name>.text.PRCMLPDSWakeupSourceDisable</name>
         <load_address>0x2000fcd6</load_address>
         <readonly>true</readonly>
         <executable>true</executable>
         <run_address>0x2000fcd6</run_address>
         <size>0x1a</size>
         <alignment>0x2</alignment>
         <input_file_ref idref="fl-28"/>
      </object_component>
      <object_component id="oc-1e0">
         <name>.text.PinToPadGet</name>
         <load_address>0x2000fcf0</load_address>
         <readonly>true</readonly>
         <executable>true</executable>
         <run_address>0x2000fcf0</run_address>
         <size>0x1a</size>
         <alignment>0x2</alignment>
         <input_file_ref idref="fl-27"/>
      </object_component>
      <object_component id="oc-1c8">
         <name>.text.UARTFlowControlSet</name>
         <load_address>0x2000fd0a</load_address>
         <readonly>true</readonly>
         <executable>true</executable>
         <run_address>0x2000fd0a</run_address>
         <size>0x1a</size>
         <alignment>0x2</alignment>
         <input_file_ref idref="fl-2b"/>
      </object_component>
      <object_component id="oc-1ac">
         <name>.text.GPIOIntEnable</name>
         <load_address>0x2000fd24</load_address>
         <readonly>true</readonly>
         <executable>true</executable>
         <run_address>0x2000fd24</run_address>
         <size>0x18</size>
         <alignment>0x2</alignment>
         <input_file_ref idref="fl-24"/>
      </object_component>
      <object_component id="oc-18c">
         <name>.text.SemaphoreP_create</name>
         <load_address>0x2000fd3c</load_address>
         <readonly>true</readonly>
         <executable>true</executable>
         <run_address>0x2000fd3c</run_address>
         <size>0x18</size>
         <alignment>0x2</alignment>
         <input_file_ref idref="fl-1d"/>
      </object_component>
      <object_component id="oc-a6">
         <name>.text.Board_init</name>
         <load_address>0x2000fd54</load_address>
         <readonly>true</readonly>
         <executable>true</executable>
         <run_address>0x2000fd54</run_address>
         <size>0x16</size>
         <alignment>0x2</alignment>
         <input_file_ref idref="fl-3"/>
      </object_component>
      <object_component id="oc-20d">
         <name>.text.SysTickPeriodSet</name>
         <load_address>0x2000fd6a</load_address>
         <readonly>true</readonly>
         <executable>true</executable>
         <run_address>0x2000fd6a</run_address>
         <size>0x16</size>
         <alignment>0x2</alignment>
         <input_file_ref idref="fl-2a"/>
      </object_component>
      <object_component id="oc-1e8">
         <name>.text.UARTCharsAvail</name>
         <load_address>0x2000fd80</load_address>
         <readonly>true</readonly>
         <executable>true</executable>
         <run_address>0x2000fd80</run_address>
         <size>0x16</size>
         <alignment>0x2</alignment>
         <input_file_ref idref="fl-2b"/>
      </object_component>
      <object_component id="oc-1d7">
         <name>.text.UARTDMADisable</name>
         <load_address>0x2000fd96</load_address>
         <readonly>true</readonly>
         <executable>true</executable>
         <run_address>0x2000fd96</run_address>
         <size>0x16</size>
         <alignment>0x2</alignment>
         <input_file_ref idref="fl-2b"/>
      </object_component>
      <object_component id="oc-1c7">
         <name>.text.UARTFIFOLevelSet</name>
         <load_address>0x2000fdac</load_address>
         <readonly>true</readonly>
         <executable>true</executable>
         <run_address>0x2000fdac</run_address>
         <size>0x16</size>
         <alignment>0x2</alignment>
         <input_file_ref idref="fl-2b"/>
      </object_component>
      <object_component id="oc-1d6">
         <name>.text.UARTIntDisable</name>
         <load_address>0x2000fdc2</load_address>
         <readonly>true</readonly>
         <executable>true</executable>
         <run_address>0x2000fdc2</run_address>
         <size>0x16</size>
         <alignment>0x2</alignment>
         <input_file_ref idref="fl-2b"/>
      </object_component>
      <object_component id="oc-6c">
         <name>.text.CPUcpsid</name>
         <load_address>0x2000fdd8</load_address>
         <readonly>true</readonly>
         <executable>true</executable>
         <run_address>0x2000fdd8</run_address>
         <size>0x14</size>
         <alignment>0x2</alignment>
         <input_file_ref idref="fl-23"/>
      </object_component>
      <object_component id="oc-1a4">
         <name>.text.CPUcpsie</name>
         <load_address>0x2000fdec</load_address>
         <readonly>true</readonly>
         <executable>true</executable>
         <run_address>0x2000fdec</run_address>
         <size>0x14</size>
         <alignment>0x2</alignment>
         <input_file_ref idref="fl-23"/>
      </object_component>
      <object_component id="oc-1da">
         <name>.text.HwiP_destruct</name>
         <load_address>0x2000fe00</load_address>
         <readonly>true</readonly>
         <executable>true</executable>
         <run_address>0x2000fe00</run_address>
         <size>0x14</size>
         <alignment>0x2</alignment>
         <input_file_ref idref="fl-1f"/>
      </object_component>
      <object_component id="oc-73">
         <name>.text.IntVTableBaseSet</name>
         <load_address>0x2000fe14</load_address>
         <readonly>true</readonly>
         <executable>true</executable>
         <run_address>0x2000fe14</run_address>
         <size>0x14</size>
         <alignment>0x2</alignment>
         <input_file_ref idref="fl-26"/>
      </object_component>
      <object_component id="oc-19f">
         <name>.text.Power_disablePolicy</name>
         <load_address>0x2000fe28</load_address>
         <readonly>true</readonly>
         <executable>true</executable>
[...]
         <value>0x200100e5</value>
         <object_component_ref idref="oc-266"/>
      </symbol>
      <symbol id="sm-2d9">
         <name>CPUwfi</name>
         <value>0x2001006d</value>
         <object_component_ref idref="oc-25c"/>
      </symbol>
      <symbol id="sm-312">
         <name>GPIODirModeSet</name>
         <value>0x2000ef59</value>
         <object_component_ref idref="oc-13f"/>
      </symbol>
      <symbol id="sm-313">
         <name>GPIOIntClear</name>
         <value>0x2000fedb</value>
         <object_component_ref idref="oc-1ab"/>
      </symbol>
      <symbol id="sm-314">
         <name>GPIOIntDisable</name>
         <value>0x2000fc89</value>
         <object_component_ref idref="oc-21b"/>
      </symbol>
      <symbol id="sm-315">
         <name>GPIOIntEnable</name>
         <value>0x2000fd25</value>
         <object_component_ref idref="oc-1ac"/>
      </symbol>
      <symbol id="sm-316">
         <name>GPIOIntStatus</name>
         <value>0x2000f6cd</value>
         <object_component_ref idref="oc-1ad"/>
      </symbol>
      <symbol id="sm-317">
         <name>GPIOIntTypeSet</name>
         <value>0x2000dc4d</value>
         <object_component_ref idref="oc-1a9"/>
      </symbol>
      <symbol id="sm-318">
         <name>GPIOPinWrite</name>
         <value>0x2000fa19</value>
         <object_component_ref idref="oc-144"/>
      </symbol>
      <symbol id="sm-368">
         <name>IntDisable</name>
         <value>0x2000d891</value>
         <object_component_ref idref="oc-228"/>
      </symbol>
      <symbol id="sm-369">
         <name>IntEnable</name>
         <value>0x2000d959</value>
         <object_component_ref idref="oc-1d1"/>
      </symbol>
      <symbol id="sm-36a">
         <name>IntMasterDisable</name>
         <value>0x200100f9</value>
         <object_component_ref idref="oc-4a"/>
      </symbol>
      <symbol id="sm-36b">
         <name>IntMasterEnable</name>
         <value>0x20010103</value>
         <object_component_ref idref="oc-137"/>
      </symbol>
      <symbol id="sm-36c">
         <name>IntPendClear</name>
         <value>0x2000e70b</value>
         <object_component_ref idref="oc-1ce"/>
      </symbol>
      <symbol id="sm-36d">
         <name>IntPendSet</name>
         <value>0x2000dcf9</value>
         <object_component_ref idref="oc-27a"/>
      </symbol>
      <symbol id="sm-36e">
         <name>IntPrioritySet</name>
         <value>0x2000e9a1</value>
         <object_component_ref idref="oc-1d0"/>
      </symbol>
      <symbol id="sm-36f">
         <name>IntRegister</name>
         <value>0x2000fac3</value>
         <object_component_ref idref="oc-1cf"/>
      </symbol>
      <symbol id="sm-370">
         <name>IntUnregister</name>
         <value>0x2000f8f9</value>
         <object_component_ref idref="oc-229"/>
      </symbol>
      <symbol id="sm-371">
         <name>IntVTableBaseSet</name>
         <value>0x2000fe15</value>
         <object_component_ref idref="oc-73"/>
      </symbol>
      <symbol id="sm-3b9">
         <name>PinConfigGet</name>
         <value>0x2000ee3d</value>
         <object_component_ref idref="oc-270"/>
      </symbol>
      <symbol id="sm-3ba">
         <name>PinConfigSet</name>
         <value>0x2000dd9d</value>
         <object_component_ref idref="oc-13b"/>
      </symbol>
      <symbol id="sm-3bb">
         <name>PinDirModeGet</name>
         <value>0x2000f4d5</value>
         <object_component_ref idref="oc-271"/>
      </symbol>
      <symbol id="sm-3bc">
         <name>PinDirModeSet</name>
         <value>0x2000f1f5</value>
         <object_component_ref idref="oc-272"/>
      </symbol>
      <symbol id="sm-3bd">
         <name>PinLock</name>
         <value>0x2000f435</value>
         <object_component_ref idref="oc-250"/>
      </symbol>
      <symbol id="sm-3be">
         <name>PinLockLevelSet</name>
         <value>0x2000e485</value>
         <object_component_ref idref="oc-24f"/>
      </symbol>
      <symbol id="sm-3bf">
         <name>PinModeGet</name>
         <value>0x2000f509</value>
         <object_component_ref idref="oc-116"/>
      </symbol>
      <symbol id="sm-3c0">
         <name>PinModeSet</name>
         <value>0x2000f0ad</value>
         <object_component_ref idref="oc-11b"/>
      </symbol>
      <symbol id="sm-3c1">
         <name>PinToPadGet</name>
         <value>0x2000fcf1</value>
         <object_component_ref idref="oc-1e0"/>
      </symbol>
      <symbol id="sm-3c2">
         <name>PinTypeUART</name>
         <value>0x2000fb65</value>
         <object_component_ref idref="oc-1b1"/>
      </symbol>
      <symbol id="sm-3c3">
         <name>PinUnlock</name>
         <value>0x2000fa3b</value>
         <object_component_ref idref="oc-256"/>
      </symbol>
      <symbol id="sm-475">
         <name>PRCMCC3200MCUInit</name>
         <value>0x2000c041</value>
         <object_component_ref idref="oc-d2"/>
      </symbol>
      <symbol id="sm-476">
         <name>PRCMHIBRegRead</name>
         <value>0x2000fca3</value>
         <object_component_ref idref="oc-112"/>
      </symbol>
      <symbol id="sm-477">
         <name>PRCMHIBRegWrite</name>
         <value>0x2000fcbd</value>
         <object_component_ref idref="oc-111"/>
      </symbol>
      <symbol id="sm-478">
         <name>PRCMHibernateWakeUpGPIOSelect</name>
         <value>0x2000e32d</value>
         <object_component_ref idref="oc-181"/>
      </symbol>
      <symbol id="sm-479">
         <name>PRCMHibernateWakeupSourceDisable</name>
         <value>0x2000e891</value>
         <object_component_ref idref="oc-183"/>
      </symbol>
      <symbol id="sm-47a">
         <name>PRCMHibernateWakeupSourceEnable</name>
         <value>0x2000eb49</value>
         <object_component_ref idref="oc-182"/>
      </symbol>
      <symbol id="sm-47b">
         <name>PRCMIntEnable</name>
         <value>0x2000edad</value>
         <object_component_ref idref="oc-255"/>
      </symbol>
      <symbol id="sm-47c">
         <name>PRCMLPDSEnter</name>
         <value>0x2000e9f9</value>
         <object_component_ref idref="oc-25b"/>
      </symbol>
      <symbol id="sm-47d">
         <name>PRCMLPDSEnterKeepDebugIf</name>
         <value>0x2000eecd</value>
         <object_component_ref idref="oc-25a"/>
      </symbol>
      <symbol id="sm-47e">
         <name>PRCMLPDSIntervalSet</name>
         <value>0x2000f63d</value>
         <object_component_ref idref="oc-20a"/>
      </symbol>
      <symbol id="sm-47f">
         <name>PRCMLPDSRestoreInfoSet</name>
         <value>0x2000ec85</value>
         <object_component_ref idref="oc-273"/>
      </symbol>
      <symbol id="sm-480">
         <name>PRCMLPDSWakeUpGPIOSelect</name>
         <value>0x2000f7db</value>
         <object_component_ref idref="oc-180"/>
      </symbol>
      <symbol id="sm-481">
         <name>PRCMLPDSWakeupCauseGet</name>
         <value>0x20010085</value>
         <object_component_ref idref="oc-258"/>
      </symbol>
      <symbol id="sm-482">
         <name>PRCMLPDSWakeupSourceDisable</name>
         <value>0x2000fcd7</value>
         <object_component_ref idref="oc-17f"/>
      </symbol>
      <symbol id="sm-483">
         <name>PRCMLPDSWakeupSourceEnable</name>
         <value>0x2000f941</value>
         <object_component_ref idref="oc-17e"/>
      </symbol>
      <symbol id="sm-484">
         <name>PRCMPeripheralClkDisable</name>
         <value>0x2000f805</value>
         <object_component_ref idref="oc-115"/>
      </symbol>
      <symbol id="sm-485">
         <name>PRCMPeripheralClkEnable</name>
         <value>0x2000e8ed</value>
         <object_component_ref idref="oc-113"/>
      </symbol>
      <symbol id="sm-486">
         <name>PRCMPeripheralReset</name>
         <value>0x2000e6a1</value>
         <object_component_ref idref="oc-114"/>
      </symbol>
      <symbol id="sm-487">
         <name>PRCMPeripheralStatusGet</name>
         <value>0x2000edf5</value>
         <object_component_ref idref="oc-1a5"/>
      </symbol>
      <symbol id="sm-488">
         <name>PRCMSRAMRetentionEnable</name>
         <value>0x2000f881</value>
         <object_component_ref idref="oc-24d"/>
      </symbol>
      <symbol id="sm-489">
         <name>PRCMSleepEnter</name>
         <value>0x20010145</value>
         <object_component_ref idref="oc-210"/>
      </symbol>
      <symbol id="sm-48a">
         <name>PRCMSlowClkCtrFastGet</name>
         <value>0x2000f66d</value>
         <object_component_ref idref="oc-244"/>
      </symbol>
      <symbol id="sm-48b">
         <name>PRCMSysResetCauseGet</name>
         <value>0x2000e129</value>
         <object_component_ref idref="oc-10c"/>
      </symbol>
      <symbol id="sm-4a9">
         <name>SysTickEnable</name>
         <value>0x2000feff</value>
         <object_component_ref idref="oc-20e"/>
      </symbol>
      <symbol id="sm-4aa">
         <name>SysTickIntDisable</name>
         <value>0x2000ff11</value>
         <object_component_ref idref="oc-205"/>
      </symbol>
      <symbol id="sm-4ab">
         <name>SysTickIntEnable</name>
         <value>0x2000ff23</value>
         <object_component_ref idref="oc-20f"/>
      </symbol>
      <symbol id="sm-4ac">
         <name>SysTickPeriodSet</name>
         <value>0x2000fd6b</value>
         <object_component_ref idref="oc-20d"/>
      </symbol>
      <symbol id="sm-516">
         <name>UARTBusy</name>
         <value>0x2000ffc9</value>
         <object_component_ref idref="oc-268"/>
      </symbol>
      <symbol id="sm-517">
         <name>UARTCharPutNonBlocking</name>
         <value>0x2000f46b</value>
         <object_component_ref idref="oc-267"/>
      </symbol>
      <symbol id="sm-518">
         <name>UARTCharsAvail</name>
         <value>0x2000fd81</value>
         <object_component_ref idref="oc-1e8"/>
      </symbol>
      <symbol id="sm-519">
         <name>UARTConfigSetExpClk</name>
         <value>0x2000e3a1</value>
         <object_component_ref idref="oc-1bf"/>
      </symbol>
      <symbol id="sm-51a">
         <name>UARTDMADisable</name>
         <value>0x2000fd97</value>
         <object_component_ref idref="oc-1d7"/>
      </symbol>
      <symbol id="sm-51b">
         <name>UARTDMAEnable</name>
         <value>0x2000fe65</value>
         <object_component_ref idref="oc-237"/>
      </symbol>
      <symbol id="sm-51c">
         <name>UARTDisable</name>
         <value>0x2000f757</value>
         <object_component_ref idref="oc-1d9"/>
      </symbol>
      <symbol id="sm-51d">
         <name>UARTEnable</name>
         <value>0x2000fba1</value>
         <object_component_ref idref="oc-1c5"/>
      </symbol>
      <symbol id="sm-51e">
         <name>UARTFIFOLevelSet</name>
         <value>0x2000fdad</value>
         <object_component_ref idref="oc-1c7"/>
      </symbol>
      <symbol id="sm-51f">
         <name>UARTFlowControlSet</name>
         <value>0x2000fd0b</value>
         <object_component_ref idref="oc-1c8"/>
      </symbol>
      <symbol id="sm-520">
         <name>UARTIntClear</name>
         <value>0x2000ffd9</value>
         <object_component_ref idref="oc-1c4"/>
      </symbol>
      <symbol id="sm-521">
         <name>UARTIntDisable</name>
         <value>0x2000fdc3</value>
         <object_component_ref idref="oc-1d6"/>
      </symbol>
      <symbol id="sm-522">
         <name>UARTIntEnable</name>
         <value>0x2000fe79</value>
         <object_component_ref idref="oc-1c6"/>
      </symbol>
      <symbol id="sm-523">
         <name>UARTIntStatus</name>
         <value>0x2000f82f</value>
         <object_component_ref idref="oc-1e3"/>
      </symbol>
      <symbol id="sm-524">
         <name>UARTRxErrorGet</name>
         <value>0x2000ffe9</value>
         <object_component_ref idref="oc-1e5"/>
      </symbol>
      <symbol id="sm-57d">
         <name>uDMAChannelAssign</name>
         <value>0x2000ebe9</value>
         <object_component_ref idref="oc-1c9"/>
      </symbol>
      <symbol id="sm-57e">
         <name>uDMAChannelAttributeDisable</name>
         <value>0x2000e007</value>
         <object_component_ref idref="oc-1ca"/>
      </symbol>
      <symbol id="sm-57f">
         <name>uDMAChannelControlSet</name>
         <value>0x2000f1b5</value>
         <object_component_ref idref="oc-234"/>
      </symbol>
      <symbol id="sm-580">
         <name>uDMAChannelDisable</name>
         <value>0x2000fbbf</value>
         <object_component_ref idref="oc-22e"/>
      </symbol>
      <symbol id="sm-581">
         <name>uDMAChannelEnable</name>
         <value>0x2000fbdd</value>
         <object_component_ref idref="oc-236"/>
      </symbol>
      <symbol id="sm-582">
         <name>uDMAChannelIsEnabled</name>
         <value>0x2000fbfb</value>
         <object_component_ref idref="oc-1e6"/>
      </symbol>
      <symbol id="sm-583">
         <name>uDMAChannelSizeGet</name>
         <value>0x2000ed1b</value>
         <object_component_ref idref="oc-22f"/>
      </symbol>
      <symbol id="sm-584">
         <name>uDMAChannelTransferSet</name>
         <value>0x2000d4db</value>
         <object_component_ref idref="oc-235"/>
      </symbol>
      <symbol id="sm-585">
         <name>uDMAControlBaseSet</name>
         <value>0x2000fea1</value>
         <object_component_ref idref="oc-1bb"/>
      </symbol>
      <symbol id="sm-586">
         <name>uDMAEnable</name>
         <value>0x20010035</value>
         <object_component_ref idref="oc-1b6"/>
      </symbol>
      <symbol id="sm-587">
         <name>uDMAErrorStatusClear</name>
         <value>0x20010043</value>
         <object_component_ref idref="oc-27c"/>
      </symbol>
      <symbol id="sm-588">
         <name>uDMAErrorStatusGet</name>
         <value>0x200100d9</value>
         <object_component_ref idref="oc-27b"/>
      </symbol>
      <symbol id="sm-589">
         <name>uDMAIntClear</name>
         <value>0x2000feb5</value>
         <object_component_ref idref="oc-230"/>
      </symbol>
      <symbol id="sm-594">
         <name>UtilsDelay</name>
         <value>0x2001014d</value>
         <object_component_ref idref="oc-10d"/>
      </symbol>
      <symbol id="sm-5c1">
         <name>FlashDisable</name>
         <value>0x2000e835</value>
         <object_component_ref idref="oc-275"/>
      </symbol>
      <symbol id="sm-5e1">
         <name>malloc</name>
         <value>0x2001015d</value>
         <object_component_ref idref="oc-1a6"/>
      </symbol>
      <symbol id="sm-5e2">
         <name>aligned_alloc</name>
         <value>0x2000d2a1</value>
         <object_component_ref idref="oc-21a"/>
      </symbol>
      <symbol id="sm-5e3">
         <name>free</name>
         <value>0x2000d5ed</value>
         <object_component_ref idref="oc-190"/>
      </symbol>
      <symbol id="sm-5e4">
         <name>_sys_memory</name>
         <value>0x20004040</value>
         <object_component_ref idref="oc-31"/>
      </symbol>
      <symbol id="sm-5e5">
         <name>memalign</name>
         <value>0x2000d2a1</value>
         <object_component_ref idref="oc-21a"/>
      </symbol>
      <symbol id="sm-5f0">
         <name>_c_int00_noargs</name>
         <value>0x2000f9f5</value>
         <object_component_ref idref="oc-76"/>
      </symbol>
      <symbol id="sm-5f1">
         <name>__stack</name>
         <value>0x20003000</value>
         <object_component_ref idref="oc-16"/>
      </symbol>
      <symbol id="sm-5fd">
         <name>__TI_auto_init_nobinit_nopinit</name>
         <value>0x2000f3fd</value>
         <object_component_ref idref="oc-bf"/>
      </symbol>
      <symbol id="sm-605">
         <name>_system_pre_init</name>
         <value>0x2001019d</value>
         <object_component_ref idref="oc-8b"/>
      </symbol>
      <symbol id="sm-610">
         <name>__TI_zero_init</name>
         <value>0x20010009</value>
         <object_component_ref idref="oc-49"/>
      </symbol>
      <symbol id="sm-619">
         <name>__TI_decompress_none</name>
         <value>0x2001005f</value>
         <object_component_ref idref="oc-1c"/>
      </symbol>
      <symbol id="sm-623">
         <name>__TI_decompress_lzss</name>
         <value>0x2000e415</value>
         <object_component_ref idref="oc-18"/>
      </symbol>
      <symbol id="sm-62d">
         <name>abort</name>
         <value>0x200101a1</value>
         <object_component_ref idref="oc-b8"/>
      </symbol>
      <symbol id="sm-62e">
         <name>C$$EXIT</name>
         <value>0x200101a0</value>
         <object_component_ref idref="oc-b8"/>
      </symbol>
      <symbol id="sm-637">
         <name>_nop</name>
         <value>0x2000ec37</value>
         <object_component_ref idref="oc-16f"/>
      </symbol>
      <symbol id="sm-638">
         <name>_lock</name>
         <value>0x2001129c</value>
         <object_component_ref idref="oc-102"/>
      </symbol>
      <symbol id="sm-639">
         <name>_unlock</name>
         <value>0x200112a0</value>
         <object_component_ref idref="oc-105"/>
      </symbol>
      <symbol id="sm-640">
         <name>__aeabi_memcpy</name>
         <value>0x20010199</value>
         <object_component_ref idref="oc-3c"/>
      </symbol>
      <symbol id="sm-641">
         <name>__aeabi_memcpy4</name>
         <value>0x20010199</value>
         <object_component_ref idref="oc-3c"/>
      </symbol>
      <symbol id="sm-642">
         <name>__aeabi_memcpy8</name>
         <value>0x20010199</value>
         <object_component_ref idref="oc-3c"/>
      </symbol>
      <symbol id="sm-649">
         <name>__aeabi_memclr</name>
         <value>0x20010155</value>
         <object_component_ref idref="oc-67"/>
      </symbol>
      <symbol id="sm-64a">
         <name>__aeabi_memclr4</name>
         <value>0x20010155</value>
         <object_component_ref idref="oc-67"/>
      </symbol>
      <symbol id="sm-64b">
         <name>__aeabi_memclr8</name>
         <value>0x20010155</value>
         <object_component_ref idref="oc-67"/>
      </symbol>
      <symbol id="sm-651">
         <name>__aeabi_uldivmod</name>
         <value>0x2000fe8d</value>
         <object_component_ref idref="oc-201"/>
      </symbol>
      <symbol id="sm-657">
         <name>__udivmoddi4</name>
         <value>0x2000db9d</value>
         <object_component_ref idref="oc-245"/>
      </symbol>
      <symbol id="sm-661">
         <name>__aeabi_ldiv0</name>
         <value>0x2000ea4f</value>
         <object_component_ref idref="oc-269"/>
      </symbol>
      <symbol id="sm-669">
         <name>TI_memcpy_small</name>
         <value>0x2000ff47</value>
         <object_component_ref idref="oc-81"/>
      </symbol>
      <symbol id="sm-671">
         <name>TI_memset_small</name>
         <value>0x20010051</value>
         <object_component_ref idref="oc-9e"/>
      </symbol>
      <symbol id="sm-672">
         <name>__TI_static_base__</name>
         <value>0x200101a4</value>
      </symbol>
      <symbol id="sm-675">
         <name>ITM_flush</name>
         <value>0x0</value>
      </symbol>
      <symbol id="sm-676">
         <name>ITM_restore</name>
         <value>0x0</value>
      </symbol>
      <symbol id="sm-677">
         <name>__mpu_init</name>
         <value>0x0</value>
      </symbol>
      <symbol id="sm-678">
         <name>_system_post_cinit</name>
         <value>0x0</value>
      </symbol>
   </symbol_table>
   <title>Link successful</title>
</link_info>
